<html>
<body>
<pre>
<h1>µVision Build Log</h1>
<h2>Tool Versions:</h2>
IDE-Version: µVision V5.24.2.0
Copyright (C) 2017 ARM Ltd and ARM Germany GmbH. All rights reserved.
License Information: Cristiano Rodrigues, uminho, LIC=DSN01-CFUAA-798G1-CHV8K-3ETBT-5EH35
 
Tool Versions:
Toolchain:       MDK-ARM Professional  Version: 5.24.1
Toolchain Path:  C:\Keil_v5\ARM\ARMCC\Bin
C Compiler:      Armcc.exe V5.06 update 5 (build 528)
Assembler:       Armasm.exe V5.06 update 5 (build 528)
Linker/Locator:  ArmLink.exe V5.06 update 5 (build 528)
Library Manager: ArmAr.exe V5.06 update 5 (build 528)
Hex Converter:   FromElf.exe V5.06 update 5 (build 528)
CPU DLL:         SARMCM3.DLL V5.24.1
Dialog DLL:      DCM.DLL V1.16.0.0
Target DLL:      STLink\ST-LINKIII-KEIL_SWO.dll V3.0.1.0
Dialog DLL:      TCM.DLL V1.32.0.0
 
<h2>Project:</h2>
C:\Users\cris9\Desktop\Lecs\Code\LECS.uvprojx
Project File Date:  12/18/2017

<h2>Output:</h2>
*** Using Compiler 'V5.06 update 5 (build 528)', folder: 'C:\Keil_v5\ARM\ARMCC\Bin'
Build target 'Target 1'
compiling CMicrophone.cpp...
compiling CCapSensors.cpp...
compiling C2DLedMatrix.cpp...
compiling CTimer.cpp...
compiling CSensors.cpp...
compiling main.cpp...
compiling CLightSensor.cpp...
compiling CLecs.cpp...
CLecs.cpp(450): warning:  #177-D: variable "task_test"  was declared but never referenced
  	portBASE_TYPE task1_pass, task_test;
CLecs.cpp: 1 warning, 0 errors
compiling C3DLedMatrix.cpp...
compiling CQueue.cpp...
CQueue.cpp(80): warning:  #940-D: missing return statement at end of non-void function "CQueue::pop" 
  }
CQueue.cpp: 1 warning, 0 errors
compiling C3DLedMatrixBuffer.cpp...
compiling stm32f4xx_gpio.c...
compiling stm32f4xx_exti.c...
compiling stm32f4xx_dma.c...
compiling stm32f4xx_rcc.c...
compiling CLayer.cpp...
compiling misc.c...
compiling stm32f4xx_adc.c...
compiling list.c...
compiling heap_4.c...
compiling queue.c...
compiling freertos_evr.c...
compiling stm32f4xx_usart.c...
compiling timers.c...
compiling port.c...
compiling system_stm32f4xx.c...
compiling stm32f4xx_tim.c...
compiling stm32f4xx_spi.c...
compiling tasks.c...
linking...
Program Size: Code=14076 RO-data=424 RW-data=240 ZI-data=34640  
".\Objects\LECS.axf" - 0 Error(s), 2 Warning(s).

<h2>Software Packages used:</h2>

Package Vendor: ARM
                http://www.keil.com/pack/ARM.CMSIS.5.1.1.pack
                ARM.CMSIS.5.1.1
                CMSIS (Cortex Microcontroller Software Interface Standard)
   * Component: DSP Version: 1.5.2
   * Component: CORE Version: 5.0.2

Package Vendor: ARM
                http://www.keil.com/pack/ARM.CMSIS-FreeRTOS.9.1.0.pack
                ARM.CMSIS-FreeRTOS.9.1.0
                Bundle of FreeRTOS for Cortex-M and Cortex-A
   * Component: Timers Version: 9.0.0
   * Component: Heap Variant: Heap_4 Version: 9.0.0
   * Component: Core Version: 9.0.0
   * Component: Config Variant: FreeRTOS Version: 9.0.0

Package Vendor: Keil
                http://www.keil.com/pack/Keil.STM32F4xx_DFP.1.0.8.pack
                Keil.STM32F4xx_DFP.1.0.8
                STMicroelectronics STM32F4 Series Device Support, Drivers and Examples
   * Component: USART Version: 1.3.0
   * Component: TIM Version: 1.3.0
   * Component: SPI Version: 1.3.0
   * Component: RCC Version: 1.3.0
   * Component: GPIO Version: 1.3.0
   * Component: Framework Version: 1.3.1
   * Component: EXTI Version: 1.3.0
   * Component: DMA Version: 1.3.0
   * Component: ADC Version: 1.3.0
   * Component: Startup Version: 1.3.1

<h2>Collection of Component include folders:</h2>
  .\RTE\Device\STM32F407VG
  .\RTE\RTOS
  .\RTE\_Target_1
  C:\Keil_v5\ARM\PACK\ARM\CMSIS-FreeRTOS\9.1.0\CMSIS\RTOS2\FreeRTOS\Include
  C:\Keil_v5\ARM\PACK\ARM\CMSIS-FreeRTOS\9.1.0\Source\include
  C:\Keil_v5\ARM\PACK\ARM\CMSIS-FreeRTOS\9.1.0\Source\portable\RVDS\ARM_CM4F
  C:\Keil_v5\ARM\PACK\ARM\CMSIS\5.1.1\CMSIS\Include
  C:\Keil_v5\ARM\PACK\Keil\STM32F4xx_DFP\1.0.8\Device\Include
  C:\Keil_v5\ARM\PACK\Keil\STM32F4xx_DFP\1.0.8\Device\StdPeriph_Driver\inc

<h2>Collection of Component Files used:</h2>

   * Component: Keil::Device:StdPeriph Drivers:USART:1.3.0
      Include file:  Device\StdPeriph_Driver\inc\stm32f4xx_usart.h
      Source file:   Device\StdPeriph_Driver\src\stm32f4xx_usart.c

   * Component: Keil::Device:StdPeriph Drivers:TIM:1.3.0
      Source file:   Device\StdPeriph_Driver\src\stm32f4xx_tim.c
      Include file:  Device\StdPeriph_Driver\inc\stm32f4xx_tim.h

   * Component: Keil::Device:StdPeriph Drivers:SPI:1.3.0
      Include file:  Device\StdPeriph_Driver\inc\stm32f4xx_spi.h
      Source file:   Device\StdPeriph_Driver\src\stm32f4xx_spi.c

   * Component: Keil::Device:StdPeriph Drivers:RCC:1.3.0
      Source file:   Device\StdPeriph_Driver\src\stm32f4xx_rcc.c
      Include file:  Device\StdPeriph_Driver\inc\stm32f4xx_rcc.h

   * Component: Keil::Device:StdPeriph Drivers:GPIO:1.3.0
      Source file:   Device\StdPeriph_Driver\src\stm32f4xx_gpio.c
      Include file:  Device\StdPeriph_Driver\inc\stm32f4xx_gpio.h

   * Component: Keil::Device:StdPeriph Drivers:Framework:1.3.1
      Include file:  Device\StdPeriph_Driver\templates\stm32f4xx_it.h
      Source file:   Device\StdPeriph_Driver\src\misc.c
      Source file:   Device\StdPeriph_Driver\templates\stm32f4xx_conf.h
      Source file:   Device\StdPeriph_Driver\templates\stm32f4xx_it.c

   * Component: Keil::Device:StdPeriph Drivers:EXTI:1.3.0
      Include file:  Device\StdPeriph_Driver\inc\stm32f4xx_exti.h
      Source file:   Device\StdPeriph_Driver\src\stm32f4xx_exti.c

   * Component: Keil::Device:StdPeriph Drivers:DMA:1.3.0
      Include file:  Device\StdPeriph_Driver\inc\stm32f4xx_dma.h
      Source file:   Device\StdPeriph_Driver\src\stm32f4xx_dma.c

   * Component: Keil::Device:StdPeriph Drivers:ADC:1.3.0
      Source file:   Device\StdPeriph_Driver\src\stm32f4xx_adc.c
      Include file:  Device\StdPeriph_Driver\inc\stm32f4xx_adc.h

   * Component: Keil::Device:Startup:1.3.1
      Include file:  Device\Include\stm32f4xx.h
      Source file:   Device\Source\system_stm32f4xx.c
      Source file:   Device\Source\ARM\STM32F4xx_OTP.s
      Include file:  RTE_Driver\Config\RTE_Device.h
      Source file:   Device\Source\ARM\STM32F40xxx_41xxx_OPT.s
      Source file:   Device\Source\ARM\startup_stm32f40_41xxx.s

   * Component: ARM::CMSIS:DSP:1.5.2
      Include file:  CMSIS\Include\arm_math.h
      Library file:  CMSIS\Lib\ARM\arm_cortexM4lf_math.lib

   * Component: ARM::CMSIS:CORE:5.0.2

   * Component: ARM.FreeRTOS::RTOS:Timers:9.0.0
      Source file:   Source\timers.c
      Include file:  Source\include\timers.h

   * Component: ARM.FreeRTOS::RTOS:Heap:Heap_4:9.0.0
      Source file:   Source\portable\MemMang\heap_4.c

   * Component: ARM.FreeRTOS::RTOS:Core:9.0.0
      Include file:  Source\include\FreeRTOS.h
      Include file:  Source\include\task.h
      Source file:   Source\portable\RVDS\ARM_CM4F\port.c
      Source file:   Source\queue.c
      Include file:  Source\include\queue.h
      Include file:  Source\include\semphr.h
      Source file:   Source\tasks.c
      Source file:   Source\list.c
      Source file:   CMSIS\RTOS2\FreeRTOS\Source\freertos_evr.c
      Include file:  CMSIS\RTOS2\FreeRTOS\Include\freertos_evr.h

   * Component: ARM.FreeRTOS::RTOS:Config:FreeRTOS:9.0.0
      Include file:  Config\ARMCM\FreeRTOSConfig.h
Build Time Elapsed:  00:00:05
</pre>
</body>
</html>
