Component: ARM Compiler 5.06 update 5 (build 528) Tool: armlink [4d35e2]

==============================================================================

Section Cross References

    main.o(i.main) refers to clecs.o(i._ZN5CLecs11getInstanceEv) for CLecs::getInstance()
    main.o(i.main) refers to clecs.o(i._ZN5CLecs8initNVICEv) for CLecs::initNVIC()
    main.o(i.main) refers to clecs.o(i._ZN5CLecs15init3DLedMatrixEv) for CLecs::init3DLedMatrix()
    main.o(i.main) refers to clecs.o(i._ZN5CLecs14initSemaphoresEv) for CLecs::initSemaphores()
    main.o(i.main) refers to clecs.o(i._ZN5CLecs10initMutexsEv) for CLecs::initMutexs()
    main.o(i.main) refers to clecs.o(i._ZN5CLecs9initQueueEv) for CLecs::initQueue()
    main.o(i.main) refers to clecs.o(i._ZN5CLecs3runEv) for CLecs::run()
    main.o(.ARM.exidx) refers to main.o(i.main) for i.main
    clecs.o(i._Z16vProcessDataTaskPv) refers to cmicrophone.o(i._ZN11CMicrophone11getInstanceEv) for CMicrophone::getInstance()
    clecs.o(i._Z16vProcessDataTaskPv) refers to cmicrophone.o(i._ZN11CMicrophone14initMicrophoneEv) for CMicrophone::initMicrophone()
    clecs.o(i._Z16vProcessDataTaskPv) refers to cmicrophone.o(i._ZN11CMicrophone14readMicrophoneEv) for CMicrophone::readMicrophone()
    clecs.o(i._Z17vUpdateMatrixTaskPv) refers to c3dledmatrixbuffer.o(i._ZN18C3DLedMatrixBuffer11getInstanceEv) for C3DLedMatrixBuffer::getInstance()
    clecs.o(i._Z17vUpdateMatrixTaskPv) refers to cxa_guard_acquire.o(i.__cxa_guard_acquire) for __cxa_guard_acquire
    clecs.o(i._Z17vUpdateMatrixTaskPv) refers to clecs.o(i._Znwj) for operator new(unsigned)
    clecs.o(i._Z17vUpdateMatrixTaskPv) refers to c3dledmatrix.o(i._ZN12C3DLedMatrixC1Ev) for C3DLedMatrix::C3DLedMatrix()
    clecs.o(i._Z17vUpdateMatrixTaskPv) refers to clecs.o(i._ZN5CLedsC1Ev) for CLeds::CLeds()
    clecs.o(i._Z17vUpdateMatrixTaskPv) refers to array_new.o(i._Znaj) for operator new[] (unsigned)
    clecs.o(i._Z17vUpdateMatrixTaskPv) refers to rt_memclr_w.o(.text) for __aeabi_memclr4
    clecs.o(i._Z17vUpdateMatrixTaskPv) refers to rt_memcpy_w.o(.text) for __aeabi_memcpy4
    clecs.o(i._Z17vUpdateMatrixTaskPv) refers to clecs.o(i._Z16vProcessDataTaskPv) for vProcessDataTask(void*)
    clecs.o(i._Z17vUpdateMatrixTaskPv) refers to queue.o(i.xQueueGenericReceive) for xQueueGenericReceive
    clecs.o(i._Z17vUpdateMatrixTaskPv) refers to c3dledmatrix.o(i._ZN12C3DLedMatrix11set3DMatrixEPPPc) for C3DLedMatrix::set3DMatrix(char***)
    clecs.o(i._Z17vUpdateMatrixTaskPv) refers to c3dledmatrixbuffer.o(i._ZN18C3DLedMatrixBuffer9pushFrameEP12C3DLedMatrix) for C3DLedMatrixBuffer::pushFrame(C3DLedMatrix*)
    clecs.o(i._Z17vUpdateMatrixTaskPv) refers to queue.o(i.xQueueGenericSend) for xQueueGenericSend
    clecs.o(i._Z17vUpdateMatrixTaskPv) refers to c3dledmatrixbuffer.o(i._ZN18C3DLedMatrixBuffer8popFrameEv) for C3DLedMatrixBuffer::popFrame()
    clecs.o(i._Z17vUpdateMatrixTaskPv) refers to c3dledmatrix.o(i._ZN12C3DLedMatrix13write3DMatrixEv) for C3DLedMatrix::write3DMatrix()
    clecs.o(i._Z17vUpdateMatrixTaskPv) refers to clecs.o(.data) for _ZGVmatrix3D
    clecs.o(i._Z17vUpdateMatrixTaskPv) refers to clecs.o(.constdata) for .constdata
    clecs.o(i._Z17vUpdateMatrixTaskPv) refers to cmicrophone.o(.data) for maxValue
    clecs.o(i._Z17vUpdateMatrixTaskPv) refers to cmicrophone.o(.bss) for spectrum
    clecs.o(i._Z17vUpdateMatrixTaskPv) refers to main.o(.data) for mutex3DPattern
    clecs.o(i._Z8vLDRTaskPv) refers to clecs.o(i._ZN5CLedsC1Ev) for CLeds::CLeds()
    clecs.o(i._Z8vLDRTaskPv) refers to queue.o(i.uxQueueMessagesWaiting) for uxQueueMessagesWaiting
    clecs.o(i._Z8vLDRTaskPv) refers to queue.o(i.xQueueGenericReceive) for xQueueGenericReceive
    clecs.o(i._Z8vLDRTaskPv) refers to cxa_guard_acquire.o(i.__cxa_guard_acquire) for __cxa_guard_acquire
    clecs.o(i._Z8vLDRTaskPv) refers to csensors.o(i._ZN8CSensors11getInstanceEv) for CSensors::getInstance()
    clecs.o(i._Z8vLDRTaskPv) refers to csensors.o(i._ZN8CSensors10setDataLdrEc) for CSensors::setDataLdr(char)
    clecs.o(i._Z8vLDRTaskPv) refers to queue.o(i.xQueueGenericSend) for xQueueGenericSend
    clecs.o(i._Z8vLDRTaskPv) refers to main.o(.data) for Queue_ISR_LDR
    clecs.o(i._Z8vLDRTaskPv) refers to clecs.o(.data) for _ZGVSensors
    clecs.o(i._Z9vLEDTask2Pv) refers to clecs.o(i._ZN5CLedsC1Ev) for CLeds::CLeds()
    clecs.o(i._Z9vLEDTask2Pv) refers to clecs.o(i._ZN5CLeds8setGreenEv) for CLeds::setGreen()
    clecs.o(i._Z9vLEDTask2Pv) refers to stm32f4xx_gpio.o(i.GPIO_WriteBit) for GPIO_WriteBit
    clecs.o(i._Z9vTaskTestPv) refers to clecs.o(i._ZN5CLedsC1Ev) for CLeds::CLeds()
    clecs.o(i._Z9vTaskTestPv) refers to csensors.o(i._ZN8CSensors11getInstanceEv) for CSensors::getInstance()
    clecs.o(i._Z9vTaskTestPv) refers to c3dledmatrixbuffer.o(i._ZN18C3DLedMatrixBuffer11getInstanceEv) for C3DLedMatrixBuffer::getInstance()
[...]
    __scatterload                            0x08000191   Thumb Code     0  __scatter.o(!!!scatter)
    __scatterload_rt2                        0x08000191   Thumb Code    44  __scatter.o(!!!scatter)
    __scatterload_rt2_thumb_only             0x08000191   Thumb Code     0  __scatter.o(!!!scatter)
    __scatterload_null                       0x0800019f   Thumb Code     0  __scatter.o(!!!scatter)
    __decompress                             0x080001c5   Thumb Code    90  __dczerorl2.o(!!dczerorl2)
    __decompress1                            0x080001c5   Thumb Code     0  __dczerorl2.o(!!dczerorl2)
    __scatterload_zeroinit                   0x08000221   Thumb Code    28  __scatter_zi.o(!!handler_zi)
    arm_bitreversal_32                       0x0800023d   Thumb Code   106  arm_bitreversal2.o(. text)
    arm_bitreversal_16                       0x080002a7   Thumb Code    86  arm_bitreversal2.o(. text)
    __rt_lib_init                            0x080002fd   Thumb Code     0  libinit.o(.ARM.Collect$$libinit$$00000000)
    __rt_lib_init_fp_1                       0x080002ff   Thumb Code     0  libinit2.o(.ARM.Collect$$libinit$$00000001)
    __rt_lib_init_heap_2                     0x08000303   Thumb Code     0  libinit2.o(.ARM.Collect$$libinit$$00000005)
    __rt_lib_init_preinit_1                  0x08000303   Thumb Code     0  libinit2.o(.ARM.Collect$$libinit$$00000004)
    __rt_lib_init_alloca_1                   0x0800030b   Thumb Code     0  libinit2.o(.ARM.Collect$$libinit$$0000002E)
    __rt_lib_init_argv_1                     0x0800030b   Thumb Code     0  libinit2.o(.ARM.Collect$$libinit$$0000002C)
    __rt_lib_init_atexit_1                   0x0800030b   Thumb Code     0  libinit2.o(.ARM.Collect$$libinit$$0000001B)
    __rt_lib_init_clock_1                    0x0800030b   Thumb Code     0  libinit2.o(.ARM.Collect$$libinit$$00000021)
    __rt_lib_init_cpp_1                      0x0800030b   Thumb Code     0  libinit2.o(.ARM.Collect$$libinit$$00000032)
    __rt_lib_init_exceptions_1               0x0800030b   Thumb Code     0  libinit2.o(.ARM.Collect$$libinit$$00000030)
    __rt_lib_init_fp_trap_1                  0x0800030b   Thumb Code     0  libinit2.o(.ARM.Collect$$libinit$$0000001F)
    __rt_lib_init_getenv_1                   0x0800030b   Thumb Code     0  libinit2.o(.ARM.Collect$$libinit$$00000023)
    __rt_lib_init_heap_1                     0x0800030b   Thumb Code     0  libinit2.o(.ARM.Collect$$libinit$$0000000A)
    __rt_lib_init_lc_collate_1               0x0800030b   Thumb Code     0  libinit2.o(.ARM.Collect$$libinit$$00000011)
    __rt_lib_init_lc_ctype_1                 0x0800030b   Thumb Code     0  libinit2.o(.ARM.Collect$$libinit$$00000013)
    __rt_lib_init_lc_monetary_1              0x0800030b   Thumb Code     0  libinit2.o(.ARM.Collect$$libinit$$00000015)
    __rt_lib_init_lc_numeric_1               0x0800030b   Thumb Code     0  libinit2.o(.ARM.Collect$$libinit$$00000017)
    __rt_lib_init_lc_time_1                  0x0800030b   Thumb Code     0  libinit2.o(.ARM.Collect$$libinit$$00000019)
    __rt_lib_init_rand_1                     0x0800030b   Thumb Code     0  libinit2.o(.ARM.Collect$$libinit$$0000000E)
    __rt_lib_init_return                     0x0800030b   Thumb Code     0  libinit2.o(.ARM.Collect$$libinit$$00000033)
    __rt_lib_init_signal_1                   0x0800030b   Thumb Code     0  libinit2.o(.ARM.Collect$$libinit$$0000001D)
    __rt_lib_init_stdio_1                    0x0800030b   Thumb Code     0  libinit2.o(.ARM.Collect$$libinit$$00000025)
    __rt_lib_init_user_alloc_1               0x0800030b   Thumb Code     0  libinit2.o(.ARM.Collect$$libinit$$0000000C)
    __rt_lib_shutdown                        0x0800030d   Thumb Code     0  libshutdown.o(.ARM.Collect$$libshutdown$$00000000)
    __rt_lib_shutdown_cpp_1                  0x0800030f   Thumb Code     0  libshutdown2.o(.ARM.Collect$$libshutdown$$00000002)
    __rt_lib_shutdown_fp_trap_1              0x0800030f   Thumb Code     0  libshutdown2.o(.ARM.Collect$$libshutdown$$00000007)
    __rt_lib_shutdown_heap_1                 0x0800030f   Thumb Code     0  libshutdown2.o(.ARM.Collect$$libshutdown$$0000000F)
    __rt_lib_shutdown_return                 0x0800030f   Thumb Code     0  libshutdown2.o(.ARM.Collect$$libshutdown$$00000010)
    __rt_lib_shutdown_signal_1               0x0800030f   Thumb Code     0  libshutdown2.o(.ARM.Collect$$libshutdown$$0000000A)
    __rt_lib_shutdown_stdio_1                0x0800030f   Thumb Code     0  libshutdown2.o(.ARM.Collect$$libshutdown$$00000004)
    __rt_lib_shutdown_user_alloc_1           0x0800030f   Thumb Code     0  libshutdown2.o(.ARM.Collect$$libshutdown$$0000000C)
    __rt_entry                               0x08000311   Thumb Code     0  __rtentry.o(.ARM.Collect$$rtentry$$00000000)
    __rt_entry_presh_1                       0x08000311   Thumb Code     0  __rtentry2.o(.ARM.Collect$$rtentry$$00000002)
    __rt_entry_sh                            0x08000311   Thumb Code     0  __rtentry4.o(.ARM.Collect$$rtentry$$00000004)
    __rt_entry_li                            0x08000317   Thumb Code     0  __rtentry2.o(.ARM.Collect$$rtentry$$0000000A)
    __rt_entry_postsh_1                      0x08000317   Thumb Code     0  __rtentry2.o(.ARM.Collect$$rtentry$$00000009)
    __rt_entry_main                          0x0800031b   Thumb Code     0  __rtentry2.o(.ARM.Collect$$rtentry$$0000000D)
    __rt_entry_postli_1                      0x0800031b   Thumb Code     0  __rtentry2.o(.ARM.Collect$$rtentry$$0000000C)
    __rt_exit                                0x08000323   Thumb Code     0  rtexit.o(.ARM.Collect$$rtexit$$00000000)
    __rt_exit_ls                             0x08000325   Thumb Code     0  rtexit2.o(.ARM.Collect$$rtexit$$00000003)
    __rt_exit_prels_1                        0x08000325   Thumb Code     0  rtexit2.o(.ARM.Collect$$rtexit$$00000002)
    __rt_exit_exit                           0x08000329   Thumb Code     0  rtexit2.o(.ARM.Collect$$rtexit$$00000004)
    SVC_Handler                              0x08000331   Thumb Code    28  port.o(.emb_text)
    __asm___6_port_c_39a90d8d__prvStartFirstTask 0x08000351   Thumb Code    28  port.o(.emb_text)
    __asm___6_port_c_39a90d8d__prvEnableVFP  0x08000371   Thumb Code    16  port.o(.emb_text)
    PendSV_Handler                           0x08000385   Thumb Code    88  port.o(.emb_text)
    vPortGetIPSR                             0x080003e1   Thumb Code     6  port.o(.emb_text)
    Reset_Handler                            0x080003e9   Thumb Code     8  startup_stm32f40_41xxx.o(.text)
    _maybe_terminate_alloc                   0x080003e9   Thumb Code     0  maybetermalloc1.o(.emb_text)
    NMI_Handler                              0x080003f1   Thumb Code     2  startup_stm32f40_41xxx.o(.text)
    HardFault_Handler                        0x080003f3   Thumb Code     2  startup_stm32f40_41xxx.o(.text)
    MemManage_Handler                        0x080003f5   Thumb Code     2  startup_stm32f40_41xxx.o(.text)
    BusFault_Handler                         0x080003f7   Thumb Code     2  startup_stm32f40_41xxx.o(.text)
    UsageFault_Handler                       0x080003f9   Thumb Code     2  startup_stm32f40_41xxx.o(.text)
    DebugMon_Handler                         0x080003fd   Thumb Code     2  startup_stm32f40_41xxx.o(.text)
    ADC_IRQHandler                           0x08000403   Thumb Code     0  startup_stm32f40_41xxx.o(.text)
    CAN1_RX0_IRQHandler                      0x08000403   Thumb Code     0  startup_stm32f40_41xxx.o(.text)
    CAN1_RX1_IRQHandler                      0x08000403   Thumb Code     0  startup_stm32f40_41xxx.o(.text)
    CAN1_SCE_IRQHandler                      0x08000403   Thumb Code     0  startup_stm32f40_41xxx.o(.text)
    CAN1_TX_IRQHandler                       0x08000403   Thumb Code     0  startup_stm32f40_41xxx.o(.text)
    CAN2_RX0_IRQHandler                      0x08000403   Thumb Code     0  startup_stm32f40_41xxx.o(.text)
    CAN2_RX1_IRQHandler                      0x08000403   Thumb Code     0  startup_stm32f40_41xxx.o(.text)
    CAN2_SCE_IRQHandler                      0x08000403   Thumb Code     0  startup_stm32f40_41xxx.o(.text)
    CAN2_TX_IRQHandler                       0x08000403   Thumb Code     0  startup_stm32f40_41xxx.o(.text)
    CRYP_IRQHandler                          0x08000403   Thumb Code     0  startup_stm32f40_41xxx.o(.text)
    DCMI_IRQHandler                          0x08000403   Thumb Code     0  startup_stm32f40_41xxx.o(.text)
    DMA1_Stream0_IRQHandler                  0x08000403   Thumb Code     0  startup_stm32f40_41xxx.o(.text)
    DMA1_Stream1_IRQHandler                  0x08000403   Thumb Code     0  startup_stm32f40_41xxx.o(.text)
    DMA1_Stream2_IRQHandler                  0x08000403   Thumb Code     0  startup_stm32f40_41xxx.o(.text)
    DMA1_Stream3_IRQHandler                  0x08000403   Thumb Code     0  startup_stm32f40_41xxx.o(.text)
    DMA1_Stream4_IRQHandler                  0x08000403   Thumb Code     0  startup_stm32f40_41xxx.o(.text)
    DMA1_Stream5_IRQHandler                  0x08000403   Thumb Code     0  startup_stm32f40_41xxx.o(.text)
    DMA1_Stream6_IRQHandler                  0x08000403   Thumb Code     0  startup_stm32f40_41xxx.o(.text)
    DMA1_Stream7_IRQHandler                  0x08000403   Thumb Code     0  startup_stm32f40_41xxx.o(.text)
    DMA2_Stream0_IRQHandler                  0x08000403   Thumb Code     0  startup_stm32f40_41xxx.o(.text)
    DMA2_Stream1_IRQHandler                  0x08000403   Thumb Code     0  startup_stm32f40_41xxx.o(.text)
    DMA2_Stream2_IRQHandler                  0x08000403   Thumb Code     0  startup_stm32f40_41xxx.o(.text)
    DMA2_Stream3_IRQHandler                  0x08000403   Thumb Code     0  startup_stm32f40_41xxx.o(.text)
    DMA2_Stream4_IRQHandler                  0x08000403   Thumb Code     0  startup_stm32f40_41xxx.o(.text)
    DMA2_Stream5_IRQHandler                  0x08000403   Thumb Code     0  startup_stm32f40_41xxx.o(.text)
    DMA2_Stream6_IRQHandler                  0x08000403   Thumb Code     0  startup_stm32f40_41xxx.o(.text)
    DMA2_Stream7_IRQHandler                  0x08000403   Thumb Code     0  startup_stm32f40_41xxx.o(.text)
    ETH_IRQHandler                           0x08000403   Thumb Code     0  startup_stm32f40_41xxx.o(.text)
    ETH_WKUP_IRQHandler                      0x08000403   Thumb Code     0  startup_stm32f40_41xxx.o(.text)
    EXTI0_IRQHandler                         0x08000403   Thumb Code     0  startup_stm32f40_41xxx.o(.text)
    EXTI15_10_IRQHandler                     0x08000403   Thumb Code     0  startup_stm32f40_41xxx.o(.text)
    EXTI1_IRQHandler                         0x08000403   Thumb Code     0  startup_stm32f40_41xxx.o(.text)
    EXTI2_IRQHandler                         0x08000403   Thumb Code     0  startup_stm32f40_41xxx.o(.text)
    EXTI3_IRQHandler                         0x08000403   Thumb Code     0  startup_stm32f40_41xxx.o(.text)
    EXTI4_IRQHandler                         0x08000403   Thumb Code     0  startup_stm32f40_41xxx.o(.text)
    EXTI9_5_IRQHandler                       0x08000403   Thumb Code     0  startup_stm32f40_41xxx.o(.text)
    FLASH_IRQHandler                         0x08000403   Thumb Code     0  startup_stm32f40_41xxx.o(.text)
    FPU_IRQHandler                           0x08000403   Thumb Code     0  startup_stm32f40_41xxx.o(.text)
    FSMC_IRQHandler                          0x08000403   Thumb Code     0  startup_stm32f40_41xxx.o(.text)
    HASH_RNG_IRQHandler                      0x08000403   Thumb Code     0  startup_stm32f40_41xxx.o(.text)
    I2C1_ER_IRQHandler                       0x08000403   Thumb Code     0  startup_stm32f40_41xxx.o(.text)
    I2C1_EV_IRQHandler                       0x08000403   Thumb Code     0  startup_stm32f40_41xxx.o(.text)
    I2C2_ER_IRQHandler                       0x08000403   Thumb Code     0  startup_stm32f40_41xxx.o(.text)
    I2C2_EV_IRQHandler                       0x08000403   Thumb Code     0  startup_stm32f40_41xxx.o(.text)
    I2C3_ER_IRQHandler                       0x08000403   Thumb Code     0  startup_stm32f40_41xxx.o(.text)
    I2C3_EV_IRQHandler                       0x08000403   Thumb Code     0  startup_stm32f40_41xxx.o(.text)
    OTG_FS_IRQHandler                        0x08000403   Thumb Code     0  startup_stm32f40_41xxx.o(.text)
    OTG_FS_WKUP_IRQHandler                   0x08000403   Thumb Code     0  startup_stm32f40_41xxx.o(.text)
    OTG_HS_EP1_IN_IRQHandler                 0x08000403   Thumb Code     0  startup_stm32f40_41xxx.o(.text)
    OTG_HS_EP1_OUT_IRQHandler                0x08000403   Thumb Code     0  startup_stm32f40_41xxx.o(.text)
    OTG_HS_IRQHandler                        0x08000403   Thumb Code     0  startup_stm32f40_41xxx.o(.text)
    OTG_HS_WKUP_IRQHandler                   0x08000403   Thumb Code     0  startup_stm32f40_41xxx.o(.text)
    PVD_IRQHandler                           0x08000403   Thumb Code     0  startup_stm32f40_41xxx.o(.text)
    RCC_IRQHandler                           0x08000403   Thumb Code     0  startup_stm32f40_41xxx.o(.text)
    RTC_Alarm_IRQHandler                     0x08000403   Thumb Code     0  startup_stm32f40_41xxx.o(.text)
    RTC_WKUP_IRQHandler                      0x08000403   Thumb Code     0  startup_stm32f40_41xxx.o(.text)
    SDIO_IRQHandler                          0x08000403   Thumb Code     0  startup_stm32f40_41xxx.o(.text)
    SPI1_IRQHandler                          0x08000403   Thumb Code     0  startup_stm32f40_41xxx.o(.text)
    SPI3_IRQHandler                          0x08000403   Thumb Code     0  startup_stm32f40_41xxx.o(.text)
    TAMP_STAMP_IRQHandler                    0x08000403   Thumb Code     0  startup_stm32f40_41xxx.o(.text)
    TIM1_BRK_TIM9_IRQHandler                 0x08000403   Thumb Code     0  startup_stm32f40_41xxx.o(.text)
    TIM1_CC_IRQHandler                       0x08000403   Thumb Code     0  startup_stm32f40_41xxx.o(.text)
    TIM1_TRG_COM_TIM11_IRQHandler            0x08000403   Thumb Code     0  startup_stm32f40_41xxx.o(.text)
    TIM1_UP_TIM10_IRQHandler                 0x08000403   Thumb Code     0  startup_stm32f40_41xxx.o(.text)
    TIM2_IRQHandler                          0x08000403   Thumb Code     0  startup_stm32f40_41xxx.o(.text)
    TIM3_IRQHandler                          0x08000403   Thumb Code     0  startup_stm32f40_41xxx.o(.text)
    TIM4_IRQHandler                          0x08000403   Thumb Code     0  startup_stm32f40_41xxx.o(.text)
    TIM5_IRQHandler                          0x08000403   Thumb Code     0  startup_stm32f40_41xxx.o(.text)
    TIM8_BRK_TIM12_IRQHandler                0x08000403   Thumb Code     0  startup_stm32f40_41xxx.o(.text)
    TIM8_CC_IRQHandler                       0x08000403   Thumb Code     0  startup_stm32f40_41xxx.o(.text)
    TIM8_TRG_COM_TIM14_IRQHandler            0x08000403   Thumb Code     0  startup_stm32f40_41xxx.o(.text)
    TIM8_UP_TIM13_IRQHandler                 0x08000403   Thumb Code     0  startup_stm32f40_41xxx.o(.text)
    UART4_IRQHandler                         0x08000403   Thumb Code     0  startup_stm32f40_41xxx.o(.text)
    UART5_IRQHandler                         0x08000403   Thumb Code     0  startup_stm32f40_41xxx.o(.text)
    USART1_IRQHandler                        0x08000403   Thumb Code     0  startup_stm32f40_41xxx.o(.text)
    USART2_IRQHandler                        0x08000403   Thumb Code     0  startup_stm32f40_41xxx.o(.text)
    USART3_IRQHandler                        0x08000403   Thumb Code     0  startup_stm32f40_41xxx.o(.text)
    USART6_IRQHandler                        0x08000403   Thumb Code     0  startup_stm32f40_41xxx.o(.text)
    WWDG_IRQHandler                          0x08000403   Thumb Code     0  startup_stm32f40_41xxx.o(.text)
    __user_initial_stackheap                 0x08000405   Thumb Code     0  startup_stm32f40_41xxx.o(.text)
    PDM_Filter_Init                          0x08000429   Thumb Code   222  pdm_filter.o(.text)
    PDM_Filter_64_LSB                        0x08000507   Thumb Code   660  pdm_filter.o(.text)
    PDM_Filter_80_LSB                        0x0800079b   Thumb Code   692  pdm_filter.o(.text)
    PDM_Filter_64_MSB                        0x08000a4f   Thumb Code   658  pdm_filter.o(.text)
    PDM_Filter_80_MSB                        0x08000ce1   Thumb Code   830  pdm_filter.o(.text)
    arm_cmplx_mag_f32                        0x08001025   Thumb Code   246  arm_cmplx_mag_f32.o(.text)
    stage_rfft_f32                           0x08001121   Thumb Code   168  arm_rfft_fast_f32.o(.text)
    merge_rfft_f32                           0x080011c9   Thumb Code   168  arm_rfft_fast_f32.o(.text)
    arm_rfft_fast_f32                        0x08001271   Thumb Code    66  arm_rfft_fast_f32.o(.text)
    arm_rfft_fast_init_f32                   0x080012b5   Thumb Code   198  arm_rfft_fast_init_f32.o(.text)
    arm_cfft_radix8by2_f32                   0x080013dd   Thumb Code   398  arm_cfft_f32.o(.text)
    arm_cfft_radix8by4_f32                   0x0800156b   Thumb Code  1098  arm_cfft_f32.o(.text)
    arm_cfft_f32                             0x080019b5   Thumb Code   330  arm_cfft_f32.o(.text)
    arm_radix8_butterfly_f32                 0x08001b01   Thumb Code  1244  arm_cfft_radix8_f32.o(.text)
    malloc                                   0x08001fdd   Thumb Code    94  h1_alloc.o(.text)
    free                                     0x0800203b   Thumb Code    78  h1_free.o(.text)
    __aeabi_memcpy                           0x08002089   Thumb Code     0  rt_memcpy_v6.o(.text)
    __rt_memcpy                              0x08002089   Thumb Code   138  rt_memcpy_v6.o(.text)
    _memcpy_lastbytes                        0x080020ef   Thumb Code     0  rt_memcpy_v6.o(.text)
    __aeabi_memcpy4                          0x08002113   Thumb Code     0  rt_memcpy_w.o(.text)
    __aeabi_memcpy8                          0x08002113   Thumb Code     0  rt_memcpy_w.o(.text)
    __rt_memcpy_w                            0x08002113   Thumb Code   100  rt_memcpy_w.o(.text)
    _memcpy_lastbytes_aligned                0x0800215b   Thumb Code     0  rt_memcpy_w.o(.text)
    __aeabi_memclr4                          0x08002177   Thumb Code     0  rt_memclr_w.o(.text)
    __aeabi_memclr8                          0x08002177   Thumb Code     0  rt_memclr_w.o(.text)
    __rt_memclr_w                            0x08002177   Thumb Code    78  rt_memclr_w.o(.text)
    _memset_w                                0x0800217b   Thumb Code     0  rt_memclr_w.o(.text)
    __use_two_region_memory                  0x080021c5   Thumb Code     2  heapauxi.o(.text)
    __rt_heap_escrow                         0x080021c7   Thumb Code     2  heapauxi.o(.text)
    __rt_heap_expand                         0x080021c9   Thumb Code     2  heapauxi.o(.text)
    __rt_heap_descriptor                     0x080021cd   Thumb Code     8  rt_heap_descriptor_intlibspace.o(.text)
    __use_no_heap                            0x080021d5   Thumb Code     2  hguard.o(.text)
    __heap$guard                             0x080021d7   Thumb Code     2  hguard.o(.text)
    _terminate_user_alloc                    0x080021d9   Thumb Code     2  init_alloc.o(.text)
    _init_user_alloc                         0x080021db   Thumb Code     2  init_alloc.o(.text)
    __Heap_Full                              0x080021dd   Thumb Code    34  init_alloc.o(.text)
    __Heap_Broken                            0x080021ff   Thumb Code     6  init_alloc.o(.text)
    _init_alloc                              0x08002205   Thumb Code    94  init_alloc.o(.text)
    __Heap_Initialize                        0x08002263   Thumb Code    10  h1_init.o(.text)
    __Heap_DescSize                          0x0800226d   Thumb Code     4  h1_init.o(.text)
    __user_libspace                          0x08002271   Thumb Code     8  libspace.o(.text)
    __user_perproc_libspace                  0x08002271   Thumb Code     0  libspace.o(.text)
    __user_perthread_libspace                0x08002271   Thumb Code     0  libspace.o(.text)
    __Heap_ProvideMemory                     0x08002279   Thumb Code    52  h1_extend.o(.text)
    __rt_SIGRTMEM                            0x080022ad   Thumb Code    14  defsig_rtmem_outer.o(.text)
    __I$use$semihosting                      0x080022bb   Thumb Code     0  use_no_semi.o(.text)
    __use_no_semihosting_swi                 0x080022bb   Thumb Code     2  use_no_semi.o(.text)
    __semihosting_library_function           0x080022bd   Thumb Code     0  indicate_semi.o(.text)
    __user_setup_stackheap                   0x080022bd   Thumb Code    74  sys_stackheap_outer.o(.text)
    _fp_trap                                 0x08002309   Thumb Code    44  _fptrap.o(.text)
    exit                                     0x08002339   Thumb Code    18  exit.o(.text)
    __sig_exit                               0x0800234b   Thumb Code    10  defsig_exit.o(.text)
    __rt_SIGRTMEM_inner                      0x08002355   Thumb Code    22  defsig_rtmem_inner.o(.text)
    _sys_exit                                0x080023a5   Thumb Code     8  sys_exit.o(.text)
    __default_signal_display                 0x080023b1   Thumb Code    50  defsig_general.o(.text)
    __rt_SIGFPE                              0x080023e3   Thumb Code    14  defsig_fpe_outer.o(.text)
    _ttywrch                                 0x080023f1   Thumb Code    14  sys_wrch.o(.text)
    __rt_SIGFPE_inner                        0x08002401   Thumb Code    62  defsig_fpe_inner.o(.text)
    ADC_GetConversionValue                   0x080024ad   Thumb Code     8  stm32f4xx_adc.o(i.ADC_GetConversionValue)
    ADC_GetFlagStatus                        0x080024b5   Thumb Code    18  stm32f4xx_adc.o(i.ADC_GetFlagStatus)
    ADC_SoftwareStartConv                    0x080024c7   Thumb Code    10  stm32f4xx_adc.o(i.ADC_SoftwareStartConv)
    GPIO_Init                                0x080024d1   Thumb Code   144  stm32f4xx_gpio.o(i.GPIO_Init)
    GPIO_PinAFConfig                         0x08002561   Thumb Code    70  stm32f4xx_gpio.o(i.GPIO_PinAFConfig)
    GPIO_ToggleBits                          0x080025a7   Thumb Code     8  stm32f4xx_gpio.o(i.GPIO_ToggleBits)
    GPIO_WriteBit                            0x080025af   Thumb Code    10  stm32f4xx_gpio.o(i.GPIO_WriteBit)
    I2S_Cmd                                  0x080025b9   Thumb Code    24  stm32f4xx_spi.o(i.I2S_Cmd)
    I2S_Init                                 0x080025d1   Thumb Code   350  stm32f4xx_spi.o(i.I2S_Init)
    NVIC_Init                                0x08002739   Thumb Code   106  misc.o(i.NVIC_Init)
    NVIC_PriorityGroupConfig                 0x080027b1   Thumb Code    10  misc.o(i.NVIC_PriorityGroupConfig)
    RCC_AHB1PeriphClockCmd                   0x080027c5   Thumb Code    26  stm32f4xx_rcc.o(i.RCC_AHB1PeriphClockCmd)
    RCC_APB1PeriphClockCmd                   0x080027e5   Thumb Code    26  stm32f4xx_rcc.o(i.RCC_APB1PeriphClockCmd)
    RCC_APB1PeriphResetCmd                   0x08002805   Thumb Code    26  stm32f4xx_rcc.o(i.RCC_APB1PeriphResetCmd)
    RCC_APB2PeriphResetCmd                   0x08002825   Thumb Code    26  stm32f4xx_rcc.o(i.RCC_APB2PeriphResetCmd)
    RCC_GetFlagStatus                        0x08002845   Thumb Code    60  stm32f4xx_rcc.o(i.RCC_GetFlagStatus)
    RCC_I2SCLKConfig                         0x08002885   Thumb Code     6  stm32f4xx_rcc.o(i.RCC_I2SCLKConfig)
    RCC_PLLI2SCmd                            0x08002891   Thumb Code     6  stm32f4xx_rcc.o(i.RCC_PLLI2SCmd)
    RCC_PLLI2SConfig                         0x0800289d   Thumb Code    12  stm32f4xx_rcc.o(i.RCC_PLLI2SConfig)
    SPI2_IRQHandler                          0x080028ad   Thumb Code   128  cmicrophone.o(i.SPI2_IRQHandler)
    SPI_I2S_DeInit                           0x0800294d   Thumb Code   152  stm32f4xx_spi.o(i.SPI_I2S_DeInit)
    SPI_I2S_GetITStatus                      0x080029fd   Thumb Code    52  stm32f4xx_spi.o(i.SPI_I2S_GetITStatus)
    SPI_I2S_ITConfig                         0x08002a31   Thumb Code    32  stm32f4xx_spi.o(i.SPI_I2S_ITConfig)
    SPI_I2S_ReceiveData                      0x08002a51   Thumb Code     6  stm32f4xx_spi.o(i.SPI_I2S_ReceiveData)
    SysTick_Handler                          0x08002b45   Thumb Code    46  port.o(i.SysTick_Handler)
    SystemInit                               0x08002b79   Thumb Code    88  system_stm32f4xx.o(i.SystemInit)
    TIM6_DAC_IRQHandler                      0x08002be1   Thumb Code    70  c3dledmatrix.o(i.TIM6_DAC_IRQHandler)
    TIM7_IRQHandler                          0x08002c3d   Thumb Code    82  clightsensor.o(i.TIM7_IRQHandler)
    TIM_ClearITPendingBit                    0x08002ca1   Thumb Code     6  stm32f4xx_tim.o(i.TIM_ClearITPendingBit)
    TIM_Cmd                                  0x08002ca7   Thumb Code    24  stm32f4xx_tim.o(i.TIM_Cmd)
    TIM_GetITStatus                          0x08002cbf   Thumb Code    34  stm32f4xx_tim.o(i.TIM_GetITStatus)
    TIM_ITConfig                             0x08002ce1   Thumb Code    18  stm32f4xx_tim.o(i.TIM_ITConfig)
    TIM_SetCounter                           0x08002cf3   Thumb Code     4  stm32f4xx_tim.o(i.TIM_SetCounter)
    TIM_TimeBaseInit                         0x08002cf9   Thumb Code   104  stm32f4xx_tim.o(i.TIM_TimeBaseInit)
    TIM_TimeBaseStructInit                   0x08002d7d   Thumb Code    18  stm32f4xx_tim.o(i.TIM_TimeBaseStructInit)
    vProcessDataTask(void*)                  0x08002d8f   Thumb Code    24  clecs.o(i._Z16vProcessDataTaskPv)
    vUpdateMatrixTask(void*)                 0x08002da9   Thumb Code   826  clecs.o(i._Z17vUpdateMatrixTaskPv)
    CMicrophone::getInstance()               0x08003105   Thumb Code    32  cmicrophone.o(i._ZN11CMicrophone11getInstanceEv)
    CMicrophone::initMicrophone()            0x08003129   Thumb Code    20  cmicrophone.o(i._ZN11CMicrophone14initMicrophoneEv)
    CMicrophone::readMicrophone()            0x0800313d   Thumb Code    14  cmicrophone.o(i._ZN11CMicrophone14readMicrophoneEv)
    CMicrophone::waveRecorderInit(unsigned, unsigned, unsigned) 0x0800314d   Thumb Code   112  cmicrophone.o(i._ZN11CMicrophone16waveRecorderInitEjjj)
    CMicrophone::waveRecorderStart(unsigned short*, unsigned) 0x080031d1   Thumb Code    44  cmicrophone.o(i._ZN11CMicrophone17waveRecorderStartEPtj)
    CMicrophone::waveRecorderUpdate()        0x08003209   Thumb Code   326  cmicrophone.o(i._ZN11CMicrophone18waveRecorderUpdateEv)
    CMicrophone::SPIInit(unsigned)           0x08003391   Thumb Code   110  cmicrophone.o(i._ZN11CMicrophone7SPIInitEj)
    CMicrophone::GPIOInit()                  0x08003405   Thumb Code    88  cmicrophone.o(i._ZN11CMicrophone8GPIOInitEv)
    CMicrophone::NVICInit()                  0x08003465   Thumb Code    34  cmicrophone.o(i._ZN11CMicrophone8NVICInitEv)
    CMicrophone::maxArray(unsigned short*, unsigned short) 0x08003489   Thumb Code    34  cmicrophone.o(i._ZN11CMicrophone8maxArrayEPtt)
    CMicrophone::CMicrophone()               0x080034b1   Thumb Code     2  cmicrophone.o(i._ZN11CMicrophoneC1Ev)
    CMicrophone::CMicrophone__sub_object()   0x080034b1   Thumb Code     0  cmicrophone.o(i._ZN11CMicrophoneC1Ev)
    C2DLedMatrix::set2DMatrix(char**)        0x080034b3   Thumb Code    42  c2dledmatrix.o(i._ZN12C2DLedMatrix11set2DMatrixEPPc)
    C2DLedMatrix::write2DMatrix()            0x080034dd   Thumb Code   390  c2dledmatrix.o(i._ZN12C2DLedMatrix13write2DMatrixEv)
    C2DLedMatrix::C2DLedMatrix()             0x08003679   Thumb Code    46  c2dledmatrix.o(i._ZN12C2DLedMatrixC1Ev)
    C2DLedMatrix::C2DLedMatrix__sub_object() 0x08003679   Thumb Code     0  c2dledmatrix.o(i._ZN12C2DLedMatrixC1Ev)
    C3DLedMatrix::set3DMatrix(char***)       0x080036a7   Thumb Code    60  c3dledmatrix.o(i._ZN12C3DLedMatrix11set3DMatrixEPPPc)
    C3DLedMatrix::write3DMatrix()            0x080036e5   Thumb Code    86  c3dledmatrix.o(i._ZN12C3DLedMatrix13write3DMatrixEv)
    C3DLedMatrix::C3DLedMatrix()             0x08003741   Thumb Code    96  c3dledmatrix.o(i._ZN12C3DLedMatrixC1Ev)
    C3DLedMatrix::C3DLedMatrix__sub_object() 0x08003741   Thumb Code     0  c3dledmatrix.o(i._ZN12C3DLedMatrixC1Ev)
    CLightSensor::getInstance()              0x080037a1   Thumb Code    32  clightsensor.o(i._ZN12CLightSensor11getInstanceEv)
    CLightSensor::readLDR()                  0x080037c5   Thumb Code    32  clightsensor.o(i._ZN12CLightSensor7readLDREv)
    CLightSensor::CLightSensor()             0x080037e9   Thumb Code    16  clightsensor.o(i._ZN12CLightSensorC1Ev)
    CLightSensor::CLightSensor__sub_object() 0x080037e9   Thumb Code     0  clightsensor.o(i._ZN12CLightSensorC1Ev)
    C3DLedMatrixBuffer::getInstance()        0x080037f9   Thumb Code    32  c3dledmatrixbuffer.o(i._ZN18C3DLedMatrixBuffer11getInstanceEv)
    C3DLedMatrixBuffer::popFrame()           0x0800381d   Thumb Code    12  c3dledmatrixbuffer.o(i._ZN18C3DLedMatrixBuffer8popFrameEv)
    C3DLedMatrixBuffer::pushFrame(C3DLedMatrix*) 0x08003829   Thumb Code    16  c3dledmatrixbuffer.o(i._ZN18C3DLedMatrixBuffer9pushFrameEP12C3DLedMatrix)
    C3DLedMatrixBuffer::C3DLedMatrixBuffer() 0x08003839   Thumb Code    16  c3dledmatrixbuffer.o(i._ZN18C3DLedMatrixBufferC1Ev)
    C3DLedMatrixBuffer::C3DLedMatrixBuffer__sub_object() 0x08003839   Thumb Code     0  c3dledmatrixbuffer.o(i._ZN18C3DLedMatrixBufferC1Ev)
    CLecs::initMutexs()                      0x08003849   Thumb Code    26  clecs.o(i._ZN5CLecs10initMutexsEv)
    CLecs::getInstance()                     0x0800386d   Thumb Code    32  clecs.o(i._ZN5CLecs11getInstanceEv)
    CLecs::initSemaphores()                  0x08003891   Thumb Code    76  clecs.o(i._ZN5CLecs14initSemaphoresEv)
    CLecs::init3DLedMatrix()                 0x080038f1   Thumb Code   364  clecs.o(i._ZN5CLecs15init3DLedMatrixEv)
    CLecs::run()                             0x08003a75   Thumb Code    26  clecs.o(i._ZN5CLecs3runEv)
    CLecs::initNVIC()                        0x08003a8f   Thumb Code    14  clecs.o(i._ZN5CLecs8initNVICEv)
    CLecs::initQueue()                       0x08003a9d   Thumb Code    34  clecs.o(i._ZN5CLecs9initQueueEv)
    CLecs::initTasks()                       0x08003ac9   Thumb Code    40  clecs.o(i._ZN5CLecs9initTasksEv)
    CLecs::CLecs()                           0x08003b01   Thumb Code     2  clecs.o(i._ZN5CLecsC1Ev)
    CLecs::CLecs__sub_object()               0x08003b01   Thumb Code     0  clecs.o(i._ZN5CLecsC1Ev)
    CLeds::CLeds()                           0x08003b05   Thumb Code    52  clecs.o(i._ZN5CLedsC1Ev)
    CLeds::CLeds__sub_object()               0x08003b05   Thumb Code     0  clecs.o(i._ZN5CLedsC1Ev)
    CLayer::writeLayer()                     0x08003b3d   Thumb Code    58  clayer.o(i._ZN6CLayer10writeLayerEv)
    CLayer::setLayer(int)                    0x08003b81   Thumb Code    26  clayer.o(i._ZN6CLayer8setLayerEi)
    CLayer::CLayer()                         0x08003b9b   Thumb Code    22  clayer.o(i._ZN6CLayerC1Ev)
    CLayer::CLayer__sub_object()             0x08003b9b   Thumb Code     0  clayer.o(i._ZN6CLayerC1Ev)
    CQueue::pop()                            0x08003bb1   Thumb Code   202  cqueue.o(i._ZN6CQueue3popEv)
    CQueue::push(const C3DLedMatrix*)        0x08003c8d   Thumb Code    82  cqueue.o(i._ZN6CQueue4pushEPK12C3DLedMatrix)
    CQueue::size()                           0x08003cdf   Thumb Code    30  cqueue.o(i._ZN6CQueue4sizeEv)
    CQueue::CQueue()                         0x08003cfd   Thumb Code    66  cqueue.o(i._ZN6CQueueC1Ev)
    CQueue::CQueue__sub_object()             0x08003cfd   Thumb Code     0  cqueue.o(i._ZN6CQueueC1Ev)
    CTimer::timerStart(TIM_TypeDef*)         0x08003d3f   Thumb Code    16  ctimer.o(i._ZN6CTimer10timerStartEP11TIM_TypeDef)
    CTimer::timerInterruptInit(unsigned char) 0x08003d4f   Thumb Code    34  ctimer.o(i._ZN6CTimer18timerInterruptInitEh)
    CTimer::timerInterruptEnable(TIM_TypeDef*) 0x08003d71   Thumb Code    34  ctimer.o(i._ZN6CTimer20timerInterruptEnableEP11TIM_TypeDef)
    CTimer::timerInit(unsigned short, unsigned short, unsigned, TIM_TypeDef*) 0x08003d93   Thumb Code    52  ctimer.o(i._ZN6CTimer9timerInitEttjP11TIM_TypeDef)
    CTimer::CTimer()                         0x08003dc7   Thumb Code     2  ctimer.o(i._ZN6CTimerC1Ev)
    CTimer::CTimer__sub_object()             0x08003dc7   Thumb Code     0  ctimer.o(i._ZN6CTimerC1Ev)
    CTimer::~CTimer()                        0x08003dc9   Thumb Code     2  ctimer.o(i._ZN6CTimerD1Ev)
    CTimer::~CTimer__sub_object()            0x08003dc9   Thumb Code     0  ctimer.o(i._ZN6CTimerD1Ev)
    operator new[] (unsigned)                0x08003dcb   Thumb Code     8  array_new.o(i._Znaj)
    operator new(unsigned)                   0x08003dd3   Thumb Code    32  clecs.o(i._Znwj)
    __cxa_guard_acquire                      0x08003df3   Thumb Code    16  cxa_guard_acquire.o(i.__cxa_guard_acquire)
    main                                     0x08003e03   Thumb Code    46  main.o(i.main)
    pvPortMalloc                             0x0800484d   Thumb Code   296  heap_4.o(i.pvPortMalloc)
    pvTaskIncrementMutexHeldCount            0x08004989   Thumb Code    26  tasks.o(i.pvTaskIncrementMutexHeldCount)
    pxPortInitialiseStack                    0x080049a9   Thumb Code    38  port.o(i.pxPortInitialiseStack)
    uxListRemove                             0x080049d5   Thumb Code    40  list.o(i.uxListRemove)
    uxTaskGetNumberOfTasks                   0x080049fd   Thumb Code     6  tasks.o(i.uxTaskGetNumberOfTasks)
    vListInitialise                          0x08004a09   Thumb Code    26  list.o(i.vListInitialise)
    vListInitialiseItem                      0x08004a23   Thumb Code     6  list.o(i.vListInitialiseItem)
    vListInsert                              0x08004a29   Thumb Code    52  list.o(i.vListInsert)
    vListInsertEnd                           0x08004a5d   Thumb Code    24  list.o(i.vListInsertEnd)
    vPortEnterCritical                       0x08004a75   Thumb Code    76  port.o(i.vPortEnterCritical)
    vPortExitCritical                        0x08004ac9   Thumb Code    56  port.o(i.vPortExitCritical)
    vPortFree                                0x08004b05   Thumb Code   140  heap_4.o(i.vPortFree)
    vPortSetupTimerInterrupt                 0x08004b99   Thumb Code    26  port.o(i.vPortSetupTimerInterrupt)
    vPortValidateInterruptPriority           0x08004bb9   Thumb Code   106  port.o(i.vPortValidateInterruptPriority)
    vQueueWaitForMessageRestricted           0x08004c31   Thumb Code    74  queue.o(i.vQueueWaitForMessageRestricted)
    vTaskMissedYield                         0x08004c7d   Thumb Code     8  tasks.o(i.vTaskMissedYield)
    vTaskPlaceOnEventList                    0x08004c89   Thumb Code    52  tasks.o(i.vTaskPlaceOnEventList)
    vTaskPlaceOnEventListRestricted          0x08004cc1   Thumb Code    60  tasks.o(i.vTaskPlaceOnEventListRestricted)
    vTaskPriorityInherit                     0x08004d01   Thumb Code   164  tasks.o(i.vTaskPriorityInherit)
    vTaskSetTimeOutState                     0x08004db1   Thumb Code    38  tasks.o(i.vTaskSetTimeOutState)
    vTaskStartScheduler                      0x08004de1   Thumb Code   118  tasks.o(i.vTaskStartScheduler)
    vTaskSuspendAll                          0x08004e75   Thumb Code    12  tasks.o(i.vTaskSuspendAll)
    vTaskSwitchContext                       0x08004e85   Thumb Code   118  tasks.o(i.vTaskSwitchContext)
    xPortStartScheduler                      0x08004f11   Thumb Code   288  port.o(i.xPortStartScheduler)
    xQueueCreateMutex                        0x0800504d   Thumb Code    34  queue.o(i.xQueueCreateMutex)
    xQueueGenericCreate                      0x0800506f   Thumb Code    88  queue.o(i.xQueueGenericCreate)
    xQueueGenericReceive                     0x080050c9   Thumb Code   446  queue.o(i.xQueueGenericReceive)
    xQueueGenericReset                       0x0800528d   Thumb Code   146  queue.o(i.xQueueGenericReset)
    xQueueGenericSend                        0x08005325   Thumb Code   452  queue.o(i.xQueueGenericSend)
    xQueueGenericSendFromISR                 0x080054ed   Thumb Code   264  queue.o(i.xQueueGenericSendFromISR)
    xQueueGiveFromISR                        0x080055f5   Thumb Code   246  queue.o(i.xQueueGiveFromISR)
    xTaskCheckForTimeOut                     0x080056ed   Thumb Code   132  tasks.o(i.xTaskCheckForTimeOut)
    xTaskCreate                              0x08005779   Thumb Code    96  tasks.o(i.xTaskCreate)
    xTaskGetSchedulerState                   0x080057d9   Thumb Code    24  tasks.o(i.xTaskGetSchedulerState)
    xTaskGetTickCount                        0x080057f9   Thumb Code     6  tasks.o(i.xTaskGetTickCount)
    xTaskIncrementTick                       0x08005805   Thumb Code   282  tasks.o(i.xTaskIncrementTick)
    xTaskPriorityDisinherit                  0x0800594d   Thumb Code   188  tasks.o(i.xTaskPriorityDisinherit)
    xTaskRemoveFromEventList                 0x08005a15   Thumb Code   128  tasks.o(i.xTaskRemoveFromEventList)
    xTaskResumeAll                           0x08005aad   Thumb Code   224  tasks.o(i.xTaskResumeAll)
    xTimerCreateTimerTask                    0x08005bb1   Thumb Code    66  timers.o(i.xTimerCreateTimerTask)
    xTimerGenericCommand                     0x08005c09   Thumb Code   126  timers.o(i.xTimerGenericCommand)
    __aeabi_dadd                             0x08005c8d   Thumb Code     0  daddsub_clz.o(x$fpl$dadd)
    _dadd                                    0x08005c8d   Thumb Code   580  daddsub_clz.o(x$fpl$dadd)
    __aeabi_ddiv                             0x08005ed9   Thumb Code     0  ddiv_clz.o(x$fpl$ddiv)
    _ddiv                                    0x08005ed9   Thumb Code   748  ddiv_clz.o(x$fpl$ddiv)
    __aeabi_d2uiz                            0x08006255   Thumb Code     0  dfixu.o(x$fpl$dfixu)
    _dfixu                                   0x08006255   Thumb Code   212  dfixu.o(x$fpl$dfixu)
    __dflt_normalise                         0x08006331   Thumb Code    26  dflt_clz.o(x$fpl$dfltn)
    __aeabi_ui2d                             0x0800634b   Thumb Code     0  dflt_clz.o(x$fpl$dfltu)
    _dfltu                                   0x0800634b   Thumb Code    38  dflt_clz.o(x$fpl$dfltu)
    __aeabi_dmul                             0x08006371   Thumb Code     0  dmul_clz.o(x$fpl$dmul)
    _dmul                                    0x08006371   Thumb Code   440  dmul_clz.o(x$fpl$dmul)
    __fpl_dnaninf                            0x08006531   Thumb Code   258  dnaninf.o(x$fpl$dnaninf)
    __fpl_drenorm2                           0x08006633   Thumb Code   106  drenorm_clz.o(x$fpl$drenorm)
    __fpl_drenorm1                           0x0800669d   Thumb Code     6  drenorm_clz.o(x$fpl$drenorm)
    __fpl_dretinf                            0x080066a3   Thumb Code    12  dretinf.o(x$fpl$dretinf)
    __aeabi_dsub                             0x080066b1   Thumb Code     0  daddsub_clz.o(x$fpl$dsub)
    _dsub                                    0x080066b1   Thumb Code   664  daddsub_clz.o(x$fpl$dsub)
    __dunder                                 0x0800694d   Thumb Code   314  dunder_clz.o(x$fpl$dunder)
    __dunder_d                               0x08006a87   Thumb Code    64  dunder_clz.o(x$fpl$dunder)
    __fpl_exception                          0x08006ac9   Thumb Code   454  except.o(x$fpl$exception)
    __aeabi_f2d                              0x08006cb5   Thumb Code     0  f2d.o(x$fpl$f2d)
    _f2d                                     0x08006cb5   Thumb Code   122  f2d.o(x$fpl$f2d)
    __fpl_fcheck_NaN1                        0x08006d2f   Thumb Code    28  fcheck1.o(x$fpl$fcheck1)
    __fpl_fnaninf                            0x08006d4b   Thumb Code   242  fnaninf.o(x$fpl$fnaninf)
    _fp_init                                 0x08006e3d   Thumb Code    10  fpinit.o(x$fpl$fpinit)
    __fplib_config_fpu_vfp                   0x08006e45   Thumb Code     0  fpinit.o(x$fpl$fpinit)
    __fplib_config_pureend_doubles           0x08006e45   Thumb Code     0  fpinit.o(x$fpl$fpinit)
    __funder                                 0x08006e47   Thumb Code   254  funder_clz.o(x$fpl$funder)
    __funder_d                               0x08006f45   Thumb Code    62  funder_clz.o(x$fpl$funder)
    __fpl_return_NaN                         0x08006f83   Thumb Code   178  retnan.o(x$fpl$retnan)
    __ARM_scalbnf                            0x08007035   Thumb Code   176  scalbnf_clz.o(x$fpl$scalbnf)
    _fp_trapveneer                           0x080070e9   Thumb Code    36  trapv.o(x$fpl$trapveneer)
    __fpl_cmpreturn                          0x0800710d   Thumb Code    90  trapv.o(x$fpl$trapveneer)
    __I$use$fp                               0x08007166   Number         0  usenofp.o(x$fpl$usenofp)
    twiddleCoef_16                           0x080071a8   Data         128  arm_common_tables.o(.constdata)
    twiddleCoef_32                           0x08007228   Data         256  arm_common_tables.o(.constdata)
    twiddleCoef_64                           0x08007328   Data         512  arm_common_tables.o(.constdata)
    twiddleCoef_128                          0x08007528   Data        1024  arm_common_tables.o(.constdata)
    twiddleCoef_256                          0x08007928   Data        2048  arm_common_tables.o(.constdata)
    twiddleCoef_512                          0x08008128   Data        4096  arm_common_tables.o(.constdata)
    twiddleCoef_1024                         0x08009128   Data        8192  arm_common_tables.o(.constdata)
    twiddleCoef_2048                         0x0800b128   Data       16384  arm_common_tables.o(.constdata)
    armBitRevIndexTable16                    0x0800f128   Data          40  arm_common_tables.o(.constdata)
    armBitRevIndexTable32                    0x0800f150   Data          96  arm_common_tables.o(.constdata)
    armBitRevIndexTable64                    0x0800f1b0   Data         112  arm_common_tables.o(.constdata)
    armBitRevIndexTable128                   0x0800f220   Data         416  arm_common_tables.o(.constdata)
    armBitRevIndexTable256                   0x0800f3c0   Data         880  arm_common_tables.o(.constdata)
    armBitRevIndexTable512                   0x0800f730   Data         896  arm_common_tables.o(.constdata)
    armBitRevIndexTable1024                  0x0800fab0   Data        3600  arm_common_tables.o(.constdata)
    armBitRevIndexTable2048                  0x080108c0   Data        7616  arm_common_tables.o(.constdata)
    twiddleCoef_rfft_32                      0x08012680   Data         128  arm_common_tables.o(.constdata)
    twiddleCoef_rfft_64                      0x08012700   Data         256  arm_common_tables.o(.constdata)
    twiddleCoef_rfft_128                     0x08012800   Data         512  arm_common_tables.o(.constdata)
    twiddleCoef_rfft_256                     0x08012a00   Data        1024  arm_common_tables.o(.constdata)
    twiddleCoef_rfft_512                     0x08012e00   Data        2048  arm_common_tables.o(.constdata)
    twiddleCoef_rfft_1024                    0x08013600   Data        4096  arm_common_tables.o(.constdata)
    twiddleCoef_rfft_2048                    0x08014600   Data        8192  arm_common_tables.o(.constdata)
    twiddleCoef_rfft_4096                    0x08016600   Data       16384  arm_common_tables.o(.constdata)
    Region$$Table$$Base                      0x0801a600   Number         0  anon$$obj.o(Region$$Table)
    Region$$Table$$Limit                     0x0801a620   Number         0  anon$$obj.o(Region$$Table)
    Sem_ISR_3D                               0x20000000   Data           4  main.o(.data)
    Sem_ISR_ChangePattern                    0x20000004   Data           4  main.o(.data)
    Sem_ISR_Sleep                            0x20000008   Data           4  main.o(.data)
    Sem_ISR_ProcessData                      0x2000000c   Data           4  main.o(.data)
    Sem_DataMining_Sleep                     0x20000010   Data           4  main.o(.data)
    Queue_ISR_CapSensor                      0x20000014   Data           4  main.o(.data)
    Queue_ISR_LDR                            0x20000018   Data           4  main.o(.data)
    Queue_SensorFusion_DataMining            0x2000001c   Data           4  main.o(.data)
    Queue_DataMining_Make                    0x20000020   Data           4  main.o(.data)
    mutex3DPattern                           0x20000024   Data           4  main.o(.data)
    mutexSensors                             0x20000028   Data           4  main.o(.data)
    CLecs::instance                          0x2000002c   Data           4  clecs.o(.data)
    CLightSensor::instance                   0x20000040   Data           4  clightsensor.o(.data)
    buf_idx                                  0x2000004c   Data           2  cmicrophone.o(.data)
    buf_idx1                                 0x2000004e   Data           2  cmicrophone.o(.data)
    AudioRecBuf                              0x20000050   Data           4  cmicrophone.o(.data)
    WriteBuf                                 0x20000054   Data           4  cmicrophone.o(.data)
    maxValue                                 0x20000058   Data           2  cmicrophone.o(.data)
    counter                                  0x2000005a   Data           2  cmicrophone.o(.data)
    Switch                                   0x2000005c   Data           1  cmicrophone.o(.data)
    Data_Status                              0x20000060   Data           4  cmicrophone.o(.data)
    AudioRecInited                           0x20000064   Data           4  cmicrophone.o(.data)
    InternalBufferSize                       0x20000068   Data           4  cmicrophone.o(.data)
    CMicrophone::instance                    0x2000006c   Data           4  cmicrophone.o(.data)
    C3DLedMatrixBuffer::instance             0x20000088   Data           4  c3dledmatrixbuffer.o(.data)
    SystemCoreClock                          0x2000009c   Data           4  system_stm32f4xx.o(.data)
    AHBPrescTable                            0x200000a0   Data          16  system_stm32f4xx.o(.data)
    pxCurrentTCB                             0x200000d4   Data           4  tasks.o(.data)
    stm32_crc                                0x20000124   Data           4  pdm_filter.o(.data)
    T0                                       0x20000128   Data         256  pdm_filter.o(.data)
    T1                                       0x20000228   Data         256  pdm_filter.o(.data)
    T2                                       0x20000328   Data         256  pdm_filter.o(.data)
    PDM_Input_Buffer                         0x20000428   Data         256  cmicrophone.o(.bss)
    PCM_Output_Buffer                        0x20000528   Data          32  cmicrophone.o(.bss)
    PCM_Output_Buffer1                       0x20000548   Data          32  cmicrophone.o(.bss)
    buffer_input                             0x20000568   Data         128  cmicrophone.o(.bss)
    buffer_input1                            0x200005e8   Data         128  cmicrophone.o(.bss)
    spectrum                                 0x20000668   Data         128  cmicrophone.o(.bss)
    spectrum1                                0x200006e8   Data         128  cmicrophone.o(.bss)
    Filter                                   0x20000768   Data          52  cmicrophone.o(.bss)
    S                                        0x2000079c   Data          24  cmicrophone.o(.bss)
    __libspace_start                         0x200088a4   Data          96  libspace.o(.bss)
    __temporary_stack_top$libspace           0x20008904   Data           0  libspace.o(.bss)



==============================================================================

Memory Map of the image

  Image Entry point : 0x08000189

  Load Region LR_IROM1 (Base: 0x08000000, Size: 0x0001aa48, Max: 0x00100000, ABSOLUTE, COMPRESSED[0x0001a84c])

    Execution Region ER_IROM1 (Exec base: 0x08000000, Load base: 0x08000000, Size: 0x0001a620, Max: 0x00100000, ABSOLUTE)

    Exec Addr    Load Addr    Size         Type   Attr      Idx    E Section Name        Object

    0x08000000   0x08000000   0x00000188   Data   RO         3331    RESET               startup_stm32f40_41xxx.o
    0x08000188   0x08000188   0x00000008   Code   RO         4578  * !!!main             c_w.l(__main.o)
    0x08000190   0x08000190   0x00000034   Code   RO         5046    !!!scatter          c_w.l(__scatter.o)
    0x080001c4   0x080001c4   0x0000005a   Code   RO         5044    !!dczerorl2         c_w.l(__dczerorl2.o)
    0x0800021e   0x0800021e   0x00000002   PAD
    0x08000220   0x08000220   0x0000001c   Code   RO         5048    !!handler_zi        c_w.l(__scatter_zi.o)
    0x0800023c   0x0800023c   0x000000c0   Code   RO         4502    . text              arm_cortexM4lf_math.lib(arm_bitreversal2.o)
    0x080002fc   0x080002fc   0x00000002   Code   RO         4927    .ARM.Collect$$libinit$$00000000  c_w.l(libinit.o)
    0x080002fe   0x080002fe   0x00000004   Code   RO         4652    .ARM.Collect$$libinit$$00000001  c_w.l(libinit2.o)
    0x08000302   0x08000302   0x00000000   Code   RO         4655    .ARM.Collect$$libinit$$00000004  c_w.l(libinit2.o)
    0x08000302   0x08000302   0x00000008   Code   RO         4656    .ARM.Collect$$libinit$$00000005  c_w.l(libinit2.o)
    0x0800030a   0x0800030a   0x00000000   Code   RO         4658    .ARM.Collect$$libinit$$0000000A  c_w.l(libinit2.o)
    0x0800030a   0x0800030a   0x00000000   Code   RO         4660    .ARM.Collect$$libinit$$0000000C  c_w.l(libinit2.o)
    0x0800030a   0x0800030a   0x00000000   Code   RO         4662    .ARM.Collect$$libinit$$0000000E  c_w.l(libinit2.o)
    0x0800030a   0x0800030a   0x00000000   Code   RO         4665    .ARM.Collect$$libinit$$00000011  c_w.l(libinit2.o)
    0x0800030a   0x0800030a   0x00000000   Code   RO         4667    .ARM.Collect$$libinit$$00000013  c_w.l(libinit2.o)
    0x0800030a   0x0800030a   0x00000000   Code   RO         4669    .ARM.Collect$$libinit$$00000015  c_w.l(libinit2.o)
    0x0800030a   0x0800030a   0x00000000   Code   RO         4671    .ARM.Collect$$libinit$$00000017  c_w.l(libinit2.o)
    0x0800030a   0x0800030a   0x00000000   Code   RO         4673    .ARM.Collect$$libinit$$00000019  c_w.l(libinit2.o)
    0x0800030a   0x0800030a   0x00000000   Code   RO         4675    .ARM.Collect$$libinit$$0000001B  c_w.l(libinit2.o)
    0x0800030a   0x0800030a   0x00000000   Code   RO         4677    .ARM.Collect$$libinit$$0000001D  c_w.l(libinit2.o)
    0x0800030a   0x0800030a   0x00000000   Code   RO         4679    .ARM.Collect$$libinit$$0000001F  c_w.l(libinit2.o)
    0x0800030a   0x0800030a   0x00000000   Code   RO         4681    .ARM.Collect$$libinit$$00000021  c_w.l(libinit2.o)
    0x0800030a   0x0800030a   0x00000000   Code   RO         4683    .ARM.Collect$$libinit$$00000023  c_w.l(libinit2.o)
    0x0800030a   0x0800030a   0x00000000   Code   RO         4685    .ARM.Collect$$libinit$$00000025  c_w.l(libinit2.o)
    0x0800030a   0x0800030a   0x00000000   Code   RO         4689    .ARM.Collect$$libinit$$0000002C  c_w.l(libinit2.o)
    0x0800030a   0x0800030a   0x00000000   Code   RO         4691    .ARM.Collect$$libinit$$0000002E  c_w.l(libinit2.o)
    0x0800030a   0x0800030a   0x00000000   Code   RO         4693    .ARM.Collect$$libinit$$00000030  c_w.l(libinit2.o)
    0x0800030a   0x0800030a   0x00000000   Code   RO         4695    .ARM.Collect$$libinit$$00000032  c_w.l(libinit2.o)
    0x0800030a   0x0800030a   0x00000002   Code   RO         4696    .ARM.Collect$$libinit$$00000033  c_w.l(libinit2.o)
    0x0800030c   0x0800030c   0x00000002   Code   RO         5041    .ARM.Collect$$libshutdown$$00000000  c_w.l(libshutdown.o)
    0x0800030e   0x0800030e   0x00000000   Code   RO         4972    .ARM.Collect$$libshutdown$$00000002  c_w.l(libshutdown2.o)
    0x0800030e   0x0800030e   0x00000000   Code   RO         4974    .ARM.Collect$$libshutdown$$00000004  c_w.l(libshutdown2.o)
    0x0800030e   0x0800030e   0x00000000   Code   RO         4977    .ARM.Collect$$libshutdown$$00000007  c_w.l(libshutdown2.o)
    0x0800030e   0x0800030e   0x00000000   Code   RO         4980    .ARM.Collect$$libshutdown$$0000000A  c_w.l(libshutdown2.o)
    0x0800030e   0x0800030e   0x00000000   Code   RO         4982    .ARM.Collect$$libshutdown$$0000000C  c_w.l(libshutdown2.o)
    0x0800030e   0x0800030e   0x00000000   Code   RO         4985    .ARM.Collect$$libshutdown$$0000000F  c_w.l(libshutdown2.o)
    0x0800030e   0x0800030e   0x00000002   Code   RO         4986    .ARM.Collect$$libshutdown$$00000010  c_w.l(libshutdown2.o)
    0x08000310   0x08000310   0x00000000   Code   RO         4624    .ARM.Collect$$rtentry$$00000000  c_w.l(__rtentry.o)
    0x08000310   0x08000310   0x00000000   Code   RO         4739    .ARM.Collect$$rtentry$$00000002  c_w.l(__rtentry2.o)
    0x08000310   0x08000310   0x00000006   Code   RO         4751    .ARM.Collect$$rtentry$$00000004  c_w.l(__rtentry4.o)
    0x08000316   0x08000316   0x00000000   Code   RO         4741    .ARM.Collect$$rtentry$$00000009  c_w.l(__rtentry2.o)
    0x08000316   0x08000316   0x00000004   Code   RO         4742    .ARM.Collect$$rtentry$$0000000A  c_w.l(__rtentry2.o)
    0x0800031a   0x0800031a   0x00000000   Code   RO         4744    .ARM.Collect$$rtentry$$0000000C  c_w.l(__rtentry2.o)
    0x0800031a   0x0800031a   0x00000008   Code   RO         4745    .ARM.Collect$$rtentry$$0000000D  c_w.l(__rtentry2.o)
    0x08000322   0x08000322   0x00000002   Code   RO         4953    .ARM.Collect$$rtexit$$00000000  c_w.l(rtexit.o)
    0x08000324   0x08000324   0x00000000   Code   RO         5003    .ARM.Collect$$rtexit$$00000002  c_w.l(rtexit2.o)
    0x08000324   0x08000324   0x00000004   Code   RO         5004    .ARM.Collect$$rtexit$$00000003  c_w.l(rtexit2.o)
    0x08000328   0x08000328   0x00000006   Code   RO         5005    .ARM.Collect$$rtexit$$00000004  c_w.l(rtexit2.o)
    0x0800032e   0x0800032e   0x00000002   PAD
    0x08000330   0x08000330   0x000000b6   Code   RO         3556    .emb_text           port.o
    0x080003e6   0x080003e6   0x00000002   PAD
    0x080003e8   0x080003e8   0x00000000   Code   RO         4755    .emb_text           c_w.l(maybetermalloc1.o)
    0x080003e8   0x080003e8   0x00000040   Code   RO         3332    .text               startup_stm32f40_41xxx.o
    0x08000428   0x08000428   0x00000bfc   Code   RO         4267    .text               libPDMFilter_Keil.lib(pdm_filter.o)
    0x08001024   0x08001024   0x000000fc   Code   RO         4273    .text               arm_cortexM4lf_math.lib(arm_cmplx_mag_f32.o)
    0x08001120   0x08001120   0x00000192   Code   RO         4319    .text               arm_cortexM4lf_math.lib(arm_rfft_fast_f32.o)
    0x080012b2   0x080012b2   0x00000002   PAD
    0x080012b4   0x080012b4   0x00000128   Code   RO         4347    .text               arm_cortexM4lf_math.lib(arm_rfft_fast_init_f32.o)
    0x080013dc   0x080013dc   0x00000722   Code   RO         4375    .text               arm_cortexM4lf_math.lib(arm_cfft_f32.o)
    0x08001afe   0x08001afe   0x00000002   PAD
    0x08001b00   0x08001b00   0x000004dc   Code   RO         4481    .text               arm_cortexM4lf_math.lib(arm_cfft_radix8_f32.o)
    0x08001fdc   0x08001fdc   0x0000005e   Code   RO         4512    .text               c_w.l(h1_alloc.o)
    0x0800203a   0x0800203a   0x0000004e   Code   RO         4514    .text               c_w.l(h1_free.o)
    0x08002088   0x08002088   0x0000008a   Code   RO         4570    .text               c_w.l(rt_memcpy_v6.o)
    0x08002112   0x08002112   0x00000064   Code   RO         4572    .text               c_w.l(rt_memcpy_w.o)
    0x08002176   0x08002176   0x0000004e   Code   RO         4574    .text               c_w.l(rt_memclr_w.o)
    0x080021c4   0x080021c4   0x00000006   Code   RO         4576    .text               c_w.l(heapauxi.o)
    0x080021ca   0x080021ca   0x00000002   PAD
    0x080021cc   0x080021cc   0x00000008   Code   RO         4628    .text               c_w.l(rt_heap_descriptor_intlibspace.o)
    0x080021d4   0x080021d4   0x00000004   Code   RO         4630    .text               c_w.l(hguard.o)
    0x080021d8   0x080021d8   0x0000008a   Code   RO         4632    .text               c_w.l(init_alloc.o)
    0x08002262   0x08002262   0x0000000e   Code   RO         4636    .text               c_w.l(h1_init.o)
    0x08002270   0x08002270   0x00000008   Code   RO         4735    .text               c_w.l(libspace.o)
    0x08002278   0x08002278   0x00000034   Code   RO         4757    .text               c_w.l(h1_extend.o)
    0x080022ac   0x080022ac   0x0000000e   Code   RO         4761    .text               c_w.l(defsig_rtmem_outer.o)
    0x080022ba   0x080022ba   0x00000002   Code   RO         4901    .text               c_w.l(use_no_semi.o)
    0x080022bc   0x080022bc   0x00000000   Code   RO         4903    .text               c_w.l(indicate_semi.o)
    0x080022bc   0x080022bc   0x0000004a   Code   RO         4904    .text               c_w.l(sys_stackheap_outer.o)
    0x08002306   0x08002306   0x00000002   PAD
    0x08002308   0x08002308   0x00000030   Code   RO         4910    .text               c_w.l(_fptrap.o)
    0x08002338   0x08002338   0x00000012   Code   RO         4912    .text               c_w.l(exit.o)
    0x0800234a   0x0800234a   0x0000000a   Code   RO         4914    .text               c_w.l(defsig_exit.o)
    0x08002354   0x08002354   0x00000050   Code   RO         4916    .text               c_w.l(defsig_rtmem_inner.o)
    0x080023a4   0x080023a4   0x0000000c   Code   RO         4951    .text               c_w.l(sys_exit.o)
    0x080023b0   0x080023b0   0x00000032   Code   RO         4965    .text               c_w.l(defsig_general.o)
    0x080023e2   0x080023e2   0x0000000e   Code   RO         4967    .text               c_w.l(defsig_fpe_outer.o)
    0x080023f0   0x080023f0   0x0000000e   Code   RO         5000    .text               c_w.l(sys_wrch.o)
    0x080023fe   0x080023fe   0x00000002   PAD
    0x08002400   0x08002400   0x000000ac   Code   RO         5018    .text               c_w.l(defsig_fpe_inner.o)
    0x080024ac   0x080024ac   0x00000008   Code   RO         1198    i.ADC_GetConversionValue  stm32f4xx_adc.o
    0x080024b4   0x080024b4   0x00000012   Code   RO         1199    i.ADC_GetFlagStatus  stm32f4xx_adc.o
    0x080024c6   0x080024c6   0x0000000a   Code   RO         1213    i.ADC_SoftwareStartConv  stm32f4xx_adc.o
    0x080024d0   0x080024d0   0x00000090   Code   RO         1745    i.GPIO_Init         stm32f4xx_gpio.o
    0x08002560   0x08002560   0x00000046   Code   RO         1746    i.GPIO_PinAFConfig  stm32f4xx_gpio.o
    0x080025a6   0x080025a6   0x00000008   Code   RO         1755    i.GPIO_ToggleBits   stm32f4xx_gpio.o
    0x080025ae   0x080025ae   0x0000000a   Code   RO         1757    i.GPIO_WriteBit     stm32f4xx_gpio.o
    0x080025b8   0x080025b8   0x00000018   Code   RO         2406    i.I2S_Cmd           stm32f4xx_spi.o
    0x080025d0   0x080025d0   0x00000168   Code   RO         2408    i.I2S_Init          stm32f4xx_spi.o
    0x08002738   0x08002738   0x00000078   Code   RO         1066    i.NVIC_Init         misc.o
    0x080027b0   0x080027b0   0x00000014   Code   RO         1067    i.NVIC_PriorityGroupConfig  misc.o
    0x080027c4   0x080027c4   0x00000020   Code   RO         2074    i.RCC_AHB1PeriphClockCmd  stm32f4xx_rcc.o
    0x080027e4   0x080027e4   0x00000020   Code   RO         2083    i.RCC_APB1PeriphClockCmd  stm32f4xx_rcc.o
    0x08002804   0x08002804   0x00000020   Code   RO         2085    i.RCC_APB1PeriphResetCmd  stm32f4xx_rcc.o
    0x08002824   0x08002824   0x00000020   Code   RO         2088    i.RCC_APB2PeriphResetCmd  stm32f4xx_rcc.o
    0x08002844   0x08002844   0x00000040   Code   RO         2096    i.RCC_GetFlagStatus  stm32f4xx_rcc.o
    0x08002884   0x08002884   0x0000000c   Code   RO         2102    i.RCC_I2SCLKConfig  stm32f4xx_rcc.o
    0x08002890   0x08002890   0x0000000c   Code   RO         2113    i.RCC_PLLI2SCmd     stm32f4xx_rcc.o
    0x0800289c   0x0800289c   0x00000010   Code   RO         2114    i.RCC_PLLI2SConfig  stm32f4xx_rcc.o
    0x080028ac   0x080028ac   0x000000a0   Code   RO          657    i.SPI2_IRQHandler   cmicrophone.o
    0x0800294c   0x0800294c   0x000000b0   Code   RO         2419    i.SPI_I2S_DeInit    stm32f4xx_spi.o
    0x080029fc   0x080029fc   0x00000034   Code   RO         2421    i.SPI_I2S_GetITStatus  stm32f4xx_spi.o
    0x08002a30   0x08002a30   0x00000020   Code   RO         2422    i.SPI_I2S_ITConfig  stm32f4xx_spi.o
    0x08002a50   0x08002a50   0x00000006   Code   RO         2423    i.SPI_I2S_ReceiveData  stm32f4xx_spi.o
    0x08002a56   0x08002a56   0x00000002   PAD
    0x08002a58   0x08002a58   0x000000ec   Code   RO         3339    i.SetSysClock       system_stm32f4xx.o
    0x08002b44   0x08002b44   0x00000034   Code   RO         3557    i.SysTick_Handler   port.o
    0x08002b78   0x08002b78   0x00000068   Code   RO         3341    i.SystemInit        system_stm32f4xx.o
    0x08002be0   0x08002be0   0x0000005c   Code   RO          886    i.TIM6_DAC_IRQHandler  c3dledmatrix.o
    0x08002c3c   0x08002c3c   0x00000064   Code   RO          587    i.TIM7_IRQHandler   clightsensor.o
    0x08002ca0   0x08002ca0   0x00000006   Code   RO         2585    i.TIM_ClearITPendingBit  stm32f4xx_tim.o
    0x08002ca6   0x08002ca6   0x00000018   Code   RO         2590    i.TIM_Cmd           stm32f4xx_tim.o
    0x08002cbe   0x08002cbe   0x00000022   Code   RO         2611    i.TIM_GetITStatus   stm32f4xx_tim.o
    0x08002ce0   0x08002ce0   0x00000012   Code   RO         2615    i.TIM_ITConfig      stm32f4xx_tim.o
    0x08002cf2   0x08002cf2   0x00000004   Code   RO         2656    i.TIM_SetCounter    stm32f4xx_tim.o
    0x08002cf6   0x08002cf6   0x00000002   PAD
    0x08002cf8   0x08002cf8   0x00000084   Code   RO         2662    i.TIM_TimeBaseInit  stm32f4xx_tim.o
    0x08002d7c   0x08002d7c   0x00000012   Code   RO         2663    i.TIM_TimeBaseStructInit  stm32f4xx_tim.o
    0x08002d8e   0x08002d8e   0x00000018   Code   RO          156    i._Z16vProcessDataTaskPv  clecs.o
    0x08002da6   0x08002da6   0x00000002   PAD
    0x08002da8   0x08002da8   0x0000035c   Code   RO          157    i._Z17vUpdateMatrixTaskPv  clecs.o
    0x08003104   0x08003104   0x00000024   Code   RO          658    i._ZN11CMicrophone11getInstanceEv  cmicrophone.o
    0x08003128   0x08003128   0x00000014   Code   RO          659    i._ZN11CMicrophone14initMicrophoneEv  cmicrophone.o
    0x0800313c   0x0800313c   0x0000000e   Code   RO          660    i._ZN11CMicrophone14readMicrophoneEv  cmicrophone.o
    0x0800314a   0x0800314a   0x00000002   PAD
    0x0800314c   0x0800314c   0x00000084   Code   RO          662    i._ZN11CMicrophone16waveRecorderInitEjjj  cmicrophone.o
    0x080031d0   0x080031d0   0x00000038   Code   RO          664    i._ZN11CMicrophone17waveRecorderStartEPtj  cmicrophone.o
    0x08003208   0x08003208   0x00000188   Code   RO          665    i._ZN11CMicrophone18waveRecorderUpdateEv  cmicrophone.o
    0x08003390   0x08003390   0x00000074   Code   RO          666    i._ZN11CMicrophone7SPIInitEj  cmicrophone.o
    0x08003404   0x08003404   0x00000060   Code   RO          667    i._ZN11CMicrophone8GPIOInitEv  cmicrophone.o
    0x08003464   0x08003464   0x00000022   Code   RO          668    i._ZN11CMicrophone8NVICInitEv  cmicrophone.o
    0x08003486   0x08003486   0x00000002   PAD
    0x08003488   0x08003488   0x00000028   Code   RO          669    i._ZN11CMicrophone8maxArrayEPtt  cmicrophone.o
    0x080034b0   0x080034b0   0x00000002   Code   RO          670    i._ZN11CMicrophoneC1Ev  cmicrophone.o
    0x080034b2   0x080034b2   0x0000002a   Code   RO          844    i._ZN12C2DLedMatrix11set2DMatrixEPPc  c2dledmatrix.o
    0x080034dc   0x080034dc   0x0000019c   Code   RO          845    i._ZN12C2DLedMatrix13write2DMatrixEv  c2dledmatrix.o
    0x08003678   0x08003678   0x0000002e   Code   RO          846    i._ZN12C2DLedMatrixC1Ev  c2dledmatrix.o
    0x080036a6   0x080036a6   0x0000003c   Code   RO          888    i._ZN12C3DLedMatrix11set3DMatrixEPPPc  c3dledmatrix.o
    0x080036e2   0x080036e2   0x00000002   PAD
    0x080036e4   0x080036e4   0x0000005c   Code   RO          889    i._ZN12C3DLedMatrix13write3DMatrixEv  c3dledmatrix.o
    0x08003740   0x08003740   0x00000060   Code   RO          890    i._ZN12C3DLedMatrixC1Ev  c3dledmatrix.o
    0x080037a0   0x080037a0   0x00000024   Code   RO          588    i._ZN12CLightSensor11getInstanceEv  clightsensor.o
    0x080037c4   0x080037c4   0x00000024   Code   RO          591    i._ZN12CLightSensor7readLDREv  clightsensor.o
    0x080037e8   0x080037e8   0x00000010   Code   RO          593    i._ZN12CLightSensorC1Ev  clightsensor.o
    0x080037f8   0x080037f8   0x00000024   Code   RO          943    i._ZN18C3DLedMatrixBuffer11getInstanceEv  c3dledmatrixbuffer.o
    0x0800381c   0x0800381c   0x0000000c   Code   RO          944    i._ZN18C3DLedMatrixBuffer8popFrameEv  c3dledmatrixbuffer.o
    0x08003828   0x08003828   0x00000010   Code   RO          945    i._ZN18C3DLedMatrixBuffer9pushFrameEP12C3DLedMatrix  c3dledmatrixbuffer.o
    0x08003838   0x08003838   0x00000010   Code   RO          946    i._ZN18C3DLedMatrixBufferC1Ev  c3dledmatrixbuffer.o
    0x08003848   0x08003848   0x00000024   Code   RO          161    i._ZN5CLecs10initMutexsEv  clecs.o
    0x0800386c   0x0800386c   0x00000024   Code   RO          162    i._ZN5CLecs11getInstanceEv  clecs.o
    0x08003890   0x08003890   0x00000060   Code   RO          163    i._ZN5CLecs14initSemaphoresEv  clecs.o
    0x080038f0   0x080038f0   0x00000184   Code   RO          164    i._ZN5CLecs15init3DLedMatrixEv  clecs.o
    0x08003a74   0x08003a74   0x0000001a   Code   RO          166    i._ZN5CLecs3runEv   clecs.o
    0x08003a8e   0x08003a8e   0x0000000e   Code   RO          167    i._ZN5CLecs8initNVICEv  clecs.o
    0x08003a9c   0x08003a9c   0x0000002c   Code   RO          168    i._ZN5CLecs9initQueueEv  clecs.o
    0x08003ac8   0x08003ac8   0x00000038   Code   RO          169    i._ZN5CLecs9initTasksEv  clecs.o
    0x08003b00   0x08003b00   0x00000002   Code   RO          170    i._ZN5CLecsC1Ev     clecs.o
    0x08003b02   0x08003b02   0x00000002   PAD
    0x08003b04   0x08003b04   0x00000038   Code   RO          292    i._ZN5CLedsC1Ev     clecs.o
    0x08003b3c   0x08003b3c   0x00000044   Code   RO          984    i._ZN6CLayer10writeLayerEv  clayer.o
    0x08003b80   0x08003b80   0x0000001a   Code   RO          985    i._ZN6CLayer8setLayerEi  clayer.o
    0x08003b9a   0x08003b9a   0x00000016   Code   RO          986    i._ZN6CLayerC1Ev    clayer.o
    0x08003bb0   0x08003bb0   0x000000dc   Code   RO         1023    i._ZN6CQueue3popEv  cqueue.o
    0x08003c8c   0x08003c8c   0x00000052   Code   RO         1024    i._ZN6CQueue4pushEPK12C3DLedMatrix  cqueue.o
    0x08003cde   0x08003cde   0x0000001e   Code   RO         1051    i._ZN6CQueue4sizeEv  cqueue.o
    0x08003cfc   0x08003cfc   0x00000042   Code   RO         1025    i._ZN6CQueueC1Ev    cqueue.o
    0x08003d3e   0x08003d3e   0x00000010   Code   RO          774    i._ZN6CTimer10timerStartEP11TIM_TypeDef  ctimer.o
    0x08003d4e   0x08003d4e   0x00000022   Code   RO          775    i._ZN6CTimer18timerInterruptInitEh  ctimer.o
    0x08003d70   0x08003d70   0x00000022   Code   RO          776    i._ZN6CTimer20timerInterruptEnableEP11TIM_TypeDef  ctimer.o
    0x08003d92   0x08003d92   0x00000034   Code   RO          778    i._ZN6CTimer9timerInitEttjP11TIM_TypeDef  ctimer.o
    0x08003dc6   0x08003dc6   0x00000002   Code   RO          780    i._ZN6CTimerC1Ev    ctimer.o
    0x08003dc8   0x08003dc8   0x00000002   Code   RO          781    i._ZN6CTimerD1Ev    ctimer.o
    0x08003dca   0x08003dca   0x00000008   Code   RO         4583    i._Znaj             cpprt_w.l(array_new.o)
    0x08003dd2   0x08003dd2   0x00000020   Code   RO          173    i._Znwj             clecs.o
    0x08003df2   0x08003df2   0x00000010   Code   RO         4587    i.__cxa_guard_acquire  cpprt_w.l(cxa_guard_acquire.o)
    0x08003e02   0x08003e02   0x0000002e   Code   RO            4    i.main              main.o
    0x08003e30   0x08003e30   0x00000098   Code   RO         3846    i.prvAddCurrentTaskToDelayedList  tasks.o
    0x08003ec8   0x08003ec8   0x000000b4   Code   RO         3847    i.prvAddNewTaskToReadyList  tasks.o
    0x08003f7c   0x08003f7c   0x0000004c   Code   RO         4149    i.prvCheckForValidListAndQueue  timers.o
    0x08003fc8   0x08003fc8   0x00000064   Code   RO         3848    i.prvCheckTasksWaitingTermination  tasks.o
    0x0800402c   0x0800402c   0x0000002a   Code   RO         3642    i.prvCopyDataFromQueue  queue.o
    0x08004056   0x08004056   0x0000007c   Code   RO         3643    i.prvCopyDataToQueue  queue.o
    0x080040d2   0x080040d2   0x00000012   Code   RO         3849    i.prvDeleteTCB      tasks.o
    0x080040e4   0x080040e4   0x00000028   Code   RO         4150    i.prvGetNextExpireTime  timers.o
    0x0800410c   0x0800410c   0x0000007c   Code   RO         3495    i.prvHeapInit       heap_4.o
    0x08004188   0x08004188   0x00000028   Code   RO         3850    i.prvIdleTask       tasks.o
    0x080041b0   0x080041b0   0x0000001c   Code   RO         3644    i.prvInitialiseMutex  queue.o
    0x080041cc   0x080041cc   0x0000002a   Code   RO         3645    i.prvInitialiseNewQueue  queue.o
    0x080041f6   0x080041f6   0x000000aa   Code   RO         3851    i.prvInitialiseNewTask  tasks.o
    0x080042a0   0x080042a0   0x00000068   Code   RO         3852    i.prvInitialiseTaskLists  tasks.o
    0x08004308   0x08004308   0x00000068   Code   RO         3496    i.prvInsertBlockIntoFreeList  heap_4.o
    0x08004370   0x08004370   0x00000058   Code   RO         4152    i.prvInsertTimerInActiveList  timers.o
    0x080043c8   0x080043c8   0x0000001a   Code   RO         3646    i.prvIsQueueEmpty   queue.o
    0x080043e2   0x080043e2   0x0000001e   Code   RO         3647    i.prvIsQueueFull    queue.o
    0x08004400   0x08004400   0x00000090   Code   RO         3648    i.prvNotifyQueueSetContainer  queue.o
    0x08004490   0x08004490   0x00000064   Code   RO         4153    i.prvProcessExpiredTimer  timers.o
    0x080044f4   0x080044f4   0x000000f8   Code   RO         4154    i.prvProcessReceivedCommands  timers.o
    0x080045ec   0x080045ec   0x00000074   Code   RO         4155    i.prvProcessTimerOrBlockTask  timers.o
    0x08004660   0x08004660   0x00000034   Code   RO         3853    i.prvResetNextTaskUnblockTime  tasks.o
    0x08004694   0x08004694   0x0000002c   Code   RO         4156    i.prvSampleTimeNow  timers.o
    0x080046c0   0x080046c0   0x000000a0   Code   RO         4157    i.prvSwitchTimerLists  timers.o
    0x08004760   0x08004760   0x00000040   Code   RO         3558    i.prvTaskExitError  port.o
    0x080047a0   0x080047a0   0x0000001a   Code   RO         4158    i.prvTimerTask      timers.o
    0x080047ba   0x080047ba   0x00000092   Code   RO         3649    i.prvUnlockQueue    queue.o
    0x0800484c   0x0800484c   0x0000013c   Code   RO         3497    i.pvPortMalloc      heap_4.o
    0x08004988   0x08004988   0x00000020   Code   RO         3855    i.pvTaskIncrementMutexHeldCount  tasks.o
    0x080049a8   0x080049a8   0x0000002c   Code   RO         3559    i.pxPortInitialiseStack  port.o
    0x080049d4   0x080049d4   0x00000028   Code   RO         3447    i.uxListRemove      list.o
    0x080049fc   0x080049fc   0x0000000c   Code   RO         3857    i.uxTaskGetNumberOfTasks  tasks.o
    0x08004a08   0x08004a08   0x0000001a   Code   RO         3448    i.vListInitialise   list.o
    0x08004a22   0x08004a22   0x00000006   Code   RO         3449    i.vListInitialiseItem  list.o
    0x08004a28   0x08004a28   0x00000034   Code   RO         3450    i.vListInsert       list.o
    0x08004a5c   0x08004a5c   0x00000018   Code   RO         3451    i.vListInsertEnd    list.o
    0x08004a74   0x08004a74   0x00000054   Code   RO         3561    i.vPortEnterCritical  port.o
    0x08004ac8   0x08004ac8   0x0000003c   Code   RO         3562    i.vPortExitCritical  port.o
    0x08004b04   0x08004b04   0x00000094   Code   RO         3498    i.vPortFree         heap_4.o
    0x08004b98   0x08004b98   0x00000020   Code   RO         3563    i.vPortSetupTimerInterrupt  port.o
    0x08004bb8   0x08004bb8   0x00000078   Code   RO         3564    i.vPortValidateInterruptPriority  port.o
    0x08004c30   0x08004c30   0x0000004a   Code   RO         3654    i.vQueueWaitForMessageRestricted  queue.o
    0x08004c7a   0x08004c7a   0x00000002   PAD
    0x08004c7c   0x08004c7c   0x0000000c   Code   RO         3865    i.vTaskMissedYield  tasks.o
    0x08004c88   0x08004c88   0x00000038   Code   RO         3867    i.vTaskPlaceOnEventList  tasks.o
    0x08004cc0   0x08004cc0   0x00000040   Code   RO         3868    i.vTaskPlaceOnEventListRestricted  tasks.o
    0x08004d00   0x08004d00   0x000000b0   Code   RO         3870    i.vTaskPriorityInherit  tasks.o
    0x08004db0   0x08004db0   0x00000030   Code   RO         3873    i.vTaskSetTimeOutState  tasks.o
    0x08004de0   0x08004de0   0x00000094   Code   RO         3874    i.vTaskStartScheduler  tasks.o
    0x08004e74   0x08004e74   0x00000010   Code   RO         3876    i.vTaskSuspendAll   tasks.o
    0x08004e84   0x08004e84   0x0000008c   Code   RO         3877    i.vTaskSwitchContext  tasks.o
    0x08004f10   0x08004f10   0x0000013c   Code   RO         3565    i.xPortStartScheduler  port.o
    0x0800504c   0x0800504c   0x00000022   Code   RO         3657    i.xQueueCreateMutex  queue.o
    0x0800506e   0x0800506e   0x00000058   Code   RO         3659    i.xQueueGenericCreate  queue.o
    0x080050c6   0x080050c6   0x00000002   PAD
    0x080050c8   0x080050c8   0x000001c4   Code   RO         3660    i.xQueueGenericReceive  queue.o
    0x0800528c   0x0800528c   0x00000098   Code   RO         3661    i.xQueueGenericReset  queue.o
    0x08005324   0x08005324   0x000001c8   Code   RO         3662    i.xQueueGenericSend  queue.o
    0x080054ec   0x080054ec   0x00000108   Code   RO         3663    i.xQueueGenericSendFromISR  queue.o
    0x080055f4   0x080055f4   0x000000f6   Code   RO         3664    i.xQueueGiveFromISR  queue.o
    0x080056ea   0x080056ea   0x00000002   PAD
    0x080056ec   0x080056ec   0x0000008c   Code   RO         3878    i.xTaskCheckForTimeOut  tasks.o
    0x08005778   0x08005778   0x00000060   Code   RO         3879    i.xTaskCreate       tasks.o
    0x080057d8   0x080057d8   0x00000020   Code   RO         3883    i.xTaskGetSchedulerState  tasks.o
    0x080057f8   0x080057f8   0x0000000c   Code   RO         3884    i.xTaskGetTickCount  tasks.o
    0x08005804   0x08005804   0x00000148   Code   RO         3886    i.xTaskIncrementTick  tasks.o
    0x0800594c   0x0800594c   0x000000c8   Code   RO         3889    i.xTaskPriorityDisinherit  tasks.o
    0x08005a14   0x08005a14   0x00000098   Code   RO         3890    i.xTaskRemoveFromEventList  tasks.o
    0x08005aac   0x08005aac   0x00000104   Code   RO         3892    i.xTaskResumeAll    tasks.o
    0x08005bb0   0x08005bb0   0x00000058   Code   RO         4162    i.xTimerCreateTimerTask  timers.o
    0x08005c08   0x08005c08   0x00000084   Code   RO         4163    i.xTimerGenericCommand  timers.o
    0x08005c8c   0x08005c8c   0x0000024c   Code   RO         4596    x$fpl$dadd          g_wm.l(daddsub_clz.o)
    0x08005ed8   0x08005ed8   0x0000037c   Code   RO         4603    x$fpl$ddiv          g_wm.l(ddiv_clz.o)
    0x08006254   0x08006254   0x000000dc   Code   RO         4606    x$fpl$dfixu         g_wm.l(dfixu.o)
    0x08006330   0x08006330   0x0000001a   Code   RO         4612    x$fpl$dfltn         g_wm.l(dflt_clz.o)
    0x0800634a   0x0800634a   0x00000026   Code   RO         4610    x$fpl$dfltu         g_wm.l(dflt_clz.o)
    0x08006370   0x08006370   0x000001c0   Code   RO         4616    x$fpl$dmul          g_wm.l(dmul_clz.o)
    0x08006530   0x08006530   0x00000102   Code   RO         4716    x$fpl$dnaninf       g_wm.l(dnaninf.o)
    0x08006632   0x08006632   0x00000070   Code   RO         4718    x$fpl$drenorm       g_wm.l(drenorm_clz.o)
    0x080066a2   0x080066a2   0x0000000c   Code   RO         4720    x$fpl$dretinf       g_wm.l(dretinf.o)
    0x080066ae   0x080066ae   0x00000002   PAD
    0x080066b0   0x080066b0   0x0000029c   Code   RO         4598    x$fpl$dsub          g_wm.l(daddsub_clz.o)
    0x0800694c   0x0800694c   0x0000017a   Code   RO         4722    x$fpl$dunder        g_wm.l(dunder_clz.o)
    0x08006ac6   0x08006ac6   0x00000002   PAD
    0x08006ac8   0x08006ac8   0x000001ec   Code   RO         4724    x$fpl$exception     g_wm.l(except.o)
    0x08006cb4   0x08006cb4   0x0000007a   Code   RO         4618    x$fpl$f2d           g_wm.l(f2d.o)
    0x08006d2e   0x08006d2e   0x0000001c   Code   RO         4726    x$fpl$fcheck1       g_wm.l(fcheck1.o)
    0x08006d4a   0x08006d4a   0x000000f2   Code   RO         4728    x$fpl$fnaninf       g_wm.l(fnaninf.o)
    0x08006e3c   0x08006e3c   0x0000000a   Code   RO         4895    x$fpl$fpinit        g_wm.l(fpinit.o)
    0x08006e46   0x08006e46   0x0000013c   Code   RO         4730    x$fpl$funder        g_wm.l(funder_clz.o)
    0x08006f82   0x08006f82   0x000000b2   Code   RO         4897    x$fpl$retnan        g_wm.l(retnan.o)
    0x08007034   0x08007034   0x000000b4   Code   RO         4620    x$fpl$scalbnf       g_wm.l(scalbnf_clz.o)
    0x080070e8   0x080070e8   0x0000007e   Code   RO         4899    x$fpl$trapveneer    g_wm.l(trapv.o)
    0x08007166   0x08007166   0x00000000   Code   RO         4732    x$fpl$usenofp       g_wm.l(usenofp.o)
    0x08007166   0x08007166   0x00000002   PAD
    0x08007168   0x08007168   0x00000040   Data   RO          193    .constdata          clecs.o
    0x080071a8   0x080071a8   0x00000080   Data   RO         4400    .constdata          arm_cortexM4lf_math.lib(arm_common_tables.o)
    0x08007228   0x08007228   0x00000100   Data   RO         4401    .constdata          arm_cortexM4lf_math.lib(arm_common_tables.o)
    0x08007328   0x08007328   0x00000200   Data   RO         4402    .constdata          arm_cortexM4lf_math.lib(arm_common_tables.o)
    0x08007528   0x08007528   0x00000400   Data   RO         4403    .constdata          arm_cortexM4lf_math.lib(arm_common_tables.o)
    0x08007928   0x08007928   0x00000800   Data   RO         4404    .constdata          arm_cortexM4lf_math.lib(arm_common_tables.o)
    0x08008128   0x08008128   0x00001000   Data   RO         4405    .constdata          arm_cortexM4lf_math.lib(arm_common_tables.o)
    0x08009128   0x08009128   0x00002000   Data   RO         4406    .constdata          arm_cortexM4lf_math.lib(arm_common_tables.o)
    0x0800b128   0x0800b128   0x00004000   Data   RO         4407    .constdata          arm_cortexM4lf_math.lib(arm_common_tables.o)
    0x0800f128   0x0800f128   0x00000028   Data   RO         4429    .constdata          arm_cortexM4lf_math.lib(arm_common_tables.o)
    0x0800f150   0x0800f150   0x00000060   Data   RO         4430    .constdata          arm_cortexM4lf_math.lib(arm_common_tables.o)
    0x0800f1b0   0x0800f1b0   0x00000070   Data   RO         4431    .constdata          arm_cortexM4lf_math.lib(arm_common_tables.o)
    0x0800f220   0x0800f220   0x000001a0   Data   RO         4432    .constdata          arm_cortexM4lf_math.lib(arm_common_tables.o)
    0x0800f3c0   0x0800f3c0   0x00000370   Data   RO         4433    .constdata          arm_cortexM4lf_math.lib(arm_common_tables.o)
    0x0800f730   0x0800f730   0x00000380   Data   RO         4434    .constdata          arm_cortexM4lf_math.lib(arm_common_tables.o)
    0x0800fab0   0x0800fab0   0x00000e10   Data   RO         4435    .constdata          arm_cortexM4lf_math.lib(arm_common_tables.o)
    0x080108c0   0x080108c0   0x00001dc0   Data   RO         4436    .constdata          arm_cortexM4lf_math.lib(arm_common_tables.o)
    0x08012680   0x08012680   0x00000080   Data   RO         4447    .constdata          arm_cortexM4lf_math.lib(arm_common_tables.o)
    0x08012700   0x08012700   0x00000100   Data   RO         4448    .constdata          arm_cortexM4lf_math.lib(arm_common_tables.o)
    0x08012800   0x08012800   0x00000200   Data   RO         4449    .constdata          arm_cortexM4lf_math.lib(arm_common_tables.o)
    0x08012a00   0x08012a00   0x00000400   Data   RO         4450    .constdata          arm_cortexM4lf_math.lib(arm_common_tables.o)
    0x08012e00   0x08012e00   0x00000800   Data   RO         4451    .constdata          arm_cortexM4lf_math.lib(arm_common_tables.o)
    0x08013600   0x08013600   0x00001000   Data   RO         4452    .constdata          arm_cortexM4lf_math.lib(arm_common_tables.o)
    0x08014600   0x08014600   0x00002000   Data   RO         4453    .constdata          arm_cortexM4lf_math.lib(arm_common_tables.o)
    0x08016600   0x08016600   0x00004000   Data   RO         4454    .constdata          arm_cortexM4lf_math.lib(arm_common_tables.o)
    0x0801a600   0x0801a600   0x00000020   Data   RO         5042    Region$$Table       anon$$obj.o


    Execution Region RW_IRAM2 (Exec base: 0x10000000, Load base: 0x0801a84c, Size: 0x00000000, Max: 0x00010000, ABSOLUTE)

    **** No section assigned to this execution region ****


    Execution Region RW_IRAM1 (Exec base: 0x20000000, Load base: 0x0801a620, Size: 0x00008f08, Max: 0x00020000, ABSOLUTE, COMPRESSED[0x0000022c])

    Exec Addr    Load Addr    Size         Type   Attr      Idx    E Section Name        Object

    0x20000000   COMPRESSED   0x0000002c   Data   RW            6    .data               main.o
    0x2000002c   COMPRESSED   0x00000014   Data   RW          194    .data               clecs.o
    0x20000040   COMPRESSED   0x0000000c   Data   RW          603    .data               clightsensor.o
    0x2000004c   COMPRESSED   0x00000030   Data   RW          688    .data               cmicrophone.o
    0x2000007c   COMPRESSED   0x0000000c   Data   RW          898    .data               c3dledmatrix.o
    0x20000088   COMPRESSED   0x00000004   Data   RW          953    .data               c3dledmatrixbuffer.o
    0x2000008c   COMPRESSED   0x00000010   Data   RW         1031    .data               cqueue.o
    0x2000009c   COMPRESSED   0x00000014   Data   RW         3342    .data               system_stm32f4xx.o
    0x200000b0   COMPRESSED   0x00000018   Data   RW         3503    .data               heap_4.o
    0x200000c8   COMPRESSED   0x0000000c   Data   RW         3566    .data               port.o
    0x200000d4   COMPRESSED   0x0000003c   Data   RW         3895    .data               tasks.o
    0x20000110   COMPRESSED   0x00000014   Data   RW         4169    .data               timers.o
    0x20000124   COMPRESSED   0x00000304   Data   RW         4268    .data               libPDMFilter_Keil.lib(pdm_filter.o)
    0x20000428        -       0x0000038c   Zero   RW          687    .bss                cmicrophone.o
    0x200007b4        -       0x00008000   Zero   RW         3502    .bss                heap_4.o
    0x200087b4        -       0x000000c8   Zero   RW         3894    .bss                tasks.o
    0x2000887c        -       0x00000028   Zero   RW         4168    .bss                timers.o
    0x200088a4        -       0x00000060   Zero   RW         4736    .bss                c_w.l(libspace.o)
    0x20008904   COMPRESSED   0x00000004   PAD
    0x20008908        -       0x00000200   Zero   RW         3330    HEAP                startup_stm32f40_41xxx.o
    0x20008b08        -       0x00000400   Zero   RW         3329    STACK               startup_stm32f40_41xxx.o


==============================================================================

Image component sizes


      Code (inc. data)   RO Data    RW Data    ZI Data      Debug   Object Name

       500         22          0          0          0       1776   c2dledmatrix.o
       340         28          0         12          0       2418   c3dledmatrix.o
        80          4          0          4          0       2124   c3dledmatrixbuffer.o
       116         10          0          0          0       1492   clayer.o
      1670        122         64         20          0      17249   clecs.o
       188         26          0         12          0       2118   clightsensor.o
      1098        154          0         48        908       9431   cmicrophone.o
       398         18          0         16          0       2924   cqueue.o
         0          0          0          0          0     279972   csensors.o
       140          0          0          0          0       3360   ctimer.o
         0          0          0          0          0      12216   freertos_evr.o
       692         62          0         24      32768      12631   heap_4.o
       148          0          0          0          0       4874   list.o
        46          0          0         44          0     287251   main.o
       140         24          0          0          0     302007   misc.o
       954         92          0         12          0      11753   port.o
      2348         16          0          0          0      24826   queue.o
        64         26        392          0       1536        852   startup_stm32f40_41xxx.o
        36          0          0          0          0       3185   stm32f4xx_adc.o
       232          0          0          0          0       3301   stm32f4xx_gpio.o
       232         44          0          0          0       5178   stm32f4xx_rcc.o
       650         34          0          0          0       5205   stm32f4xx_spi.o
       236         28          0          0          0       5352   stm32f4xx_tim.o
       340         32          0         20          0       1877   system_stm32f4xx.o
      2740        366          0         60        200      23117   tasks.o
      1118        110          0         20         40       9839   timers.o

    ----------------------------------------------------------------------
     14528       1218        488        292      35452    1036328   Object Totals
         0          0         32          0          0          0   (incl. Generated)
        22          0          0          0          0          0   (incl. Padding)

    ----------------------------------------------------------------------

      Code (inc. data)   RO Data    RW Data    ZI Data      Debug   Library Member Name

       192          0          0          0          0        572   arm_bitreversal2.o
      1826          0          0          0          0       4025   arm_cfft_f32.o
      1244          4          0          0          0       3123   arm_cfft_radix8_f32.o
       252          6          0          0          0      17652   arm_cmplx_mag_f32.o
         0          0      78936          0          0       4704   arm_common_tables.o
       402          0          0          0          0      15972   arm_rfft_fast_f32.o
       296         98          0          0          0       1297   arm_rfft_fast_init_f32.o
        90          0          0          0          0          0   __dczerorl2.o
         8          0          0          0          0         68   __main.o
         0          0          0          0          0          0   __rtentry.o
        12          0          0          0          0          0   __rtentry2.o
         6          0          0          0          0          0   __rtentry4.o
        52          8          0          0          0          0   __scatter.o
        28          0          0          0          0          0   __scatter_zi.o
        48          4          0          0          0         84   _fptrap.o
        10          0          0          0          0         68   defsig_exit.o
       172        110          0          0          0         76   defsig_fpe_inner.o
        14          0          0          0          0         80   defsig_fpe_outer.o
        50          0          0          0          0         88   defsig_general.o
        80         58          0          0          0         76   defsig_rtmem_inner.o
        14          0          0          0          0         80   defsig_rtmem_outer.o
        18          0          0          0          0         80   exit.o
        94          0          0          0          0         80   h1_alloc.o
        52          0          0          0          0         68   h1_extend.o
        78          0          0          0          0         80   h1_free.o
        14          0          0          0          0         84   h1_init.o
         6          0          0          0          0        152   heapauxi.o
         4          0          0          0          0        136   hguard.o
         0          0          0          0          0          0   indicate_semi.o
       138          0          0          0          0        168   init_alloc.o
         2          0          0          0          0          0   libinit.o
        14          0          0          0          0          0   libinit2.o
         2          0          0          0          0          0   libshutdown.o
         2          0          0          0          0          0   libshutdown2.o
         8          4          0          0         96         68   libspace.o
         0          0          0          0          0          0   maybetermalloc1.o
         8          4          0          0          0         68   rt_heap_descriptor_intlibspace.o
        78          0          0          0          0         80   rt_memclr_w.o
       138          0          0          0          0         68   rt_memcpy_v6.o
       100          0          0          0          0         80   rt_memcpy_w.o
         2          0          0          0          0          0   rtexit.o
        10          0          0          0          0          0   rtexit2.o
        12          4          0          0          0         68   sys_exit.o
        74          0          0          0          0         80   sys_stackheap_outer.o
        14          0          0          0          0         76   sys_wrch.o
         2          0          0          0          0         68   use_no_semi.o
         8          0          0          0          0         76   array_new.o
        16          0          0          0          0         68   cxa_guard_acquire.o
      1256         28          0          0          0        408   daddsub_clz.o
       892        152          0          0          0        292   ddiv_clz.o
       220         16          0          0          0        192   dfixu.o
        64          0          0          0          0        232   dflt_clz.o
       448         16          0          0          0        164   dmul_clz.o
       258          4          0          0          0        156   dnaninf.o
       112          0          0          0          0        160   drenorm_clz.o
        12          0          0          0          0        116   dretinf.o
       378          0          0          0          0        168   dunder_clz.o
       492         36          0          0          0        148   except.o
       122          8          0          0          0        132   f2d.o
        28          0          0          0          0        116   fcheck1.o
       242          4          0          0          0        144   fnaninf.o
        10          0          0          0          0        116   fpinit.o
       316          0          0          0          0        132   funder_clz.o
       178          0          0          0          0        116   retnan.o
       180          4          0          0          0        116   scalbnf_clz.o
       126          0          0          0          0        148   trapv.o
         0          0          0          0          0          0   usenofp.o
      3068         54          0        772          0        268   pdm_filter.o

    ----------------------------------------------------------------------
     14112        622      78936        772        100      52937   Library Totals
        20          0          0          0          4          0   (incl. Padding)

    ----------------------------------------------------------------------

      Code (inc. data)   RO Data    RW Data    ZI Data      Debug   Library Name

      4212        108      78936          0          0      47345   arm_cortexM4lf_math.lib
      1454        192          0          0         96       2124   c_w.l
        24          0          0          0          0        144   cpprt_w.l
      5334        268          0          0          0       3056   g_wm.l
      3068         54          0        772          0        268   libPDMFilter_Keil.lib

    ----------------------------------------------------------------------
     14112        622      78936        772        100      52937   Library Totals

    ----------------------------------------------------------------------

==============================================================================


      Code (inc. data)   RO Data    RW Data    ZI Data      Debug   

     28640       1840      79424       1064      35552    1070465   Grand Totals
     28640       1840      79424        556      35552    1070465   ELF Image Totals (compressed)
     28640       1840      79424        556          0          0   ROM Totals

==============================================================================

    Total RO  Size (Code + RO Data)               108064 ( 105.53kB)
    Total RW  Size (RW Data + ZI Data)             36616 (  35.76kB)
    Total ROM Size (Code + RO Data + RW Data)     108620 ( 106.07kB)

==============================================================================

