Component: ARM Compiler 5.06 update 5 (build 528) Tool: armlink [4d35e2]

==============================================================================

Section Cross References

    main.o(i.main) refers to clecs.o(i._ZN5CLecs11getInstanceEv) for CLecs::getInstance()
    main.o(i.main) refers to clecs.o(i._ZN5CLecs8initNVICEv) for CLecs::initNVIC()
    main.o(i.main) refers to clecs.o(i._ZN5CLecs15init3DLedMatrixEv) for CLecs::init3DLedMatrix()
    main.o(i.main) refers to clecs.o(i._ZN5CLecs15initLecsSensorsEv) for CLecs::initLecsSensors()
    main.o(i.main) refers to clecs.o(i._ZN5CLecs14initSemaphoresEv) for CLecs::initSemaphores()
    main.o(i.main) refers to clecs.o(i._ZN5CLecs9initQueueEv) for CLecs::initQueue()
    main.o(i.main) refers to clecs.o(i._ZN5CLecs3runEv) for CLecs::run()
    main.o(.ARM.exidx) refers to main.o(i.main) for i.main
    clecs.o(i._Z8vLDRTaskPv) refers to clecs.o(i._ZN5CLedsC1Ev) for CLeds::CLeds()
    clecs.o(i._Z8vLDRTaskPv) refers to csensors.o(i._ZN8CSensors11getInstanceEv) for CSensors::getInstance()
    clecs.o(i._Z8vLEDTaskPv) refers to queue.o(i.xQueueCreateMutex) for xQueueCreateMutex
    clecs.o(i._Z8vLEDTaskPv) refers to clecs.o(i._ZN5CLedsC1Ev) for CLeds::CLeds()
    clecs.o(i._Z8vLEDTaskPv) refers to queue.o(i.uxQueueMessagesWaiting) for uxQueueMessagesWaiting
    clecs.o(i._Z8vLEDTaskPv) refers to queue.o(i.xQueueGenericReceive) for xQueueGenericReceive
    clecs.o(i._Z8vLEDTaskPv) refers to cxa_guard_acquire.o(i.__cxa_guard_acquire) for __cxa_guard_acquire
    clecs.o(i._Z8vLEDTaskPv) refers to csensors.o(i._ZN8CSensors11getInstanceEv) for CSensors::getInstance()
    clecs.o(i._Z8vLEDTaskPv) refers to csensors.o(i._ZN8CSensors10setDataLdrEc) for CSensors::setDataLdr(char)
    clecs.o(i._Z8vLEDTaskPv) refers to queue.o(i.xQueueGenericSend) for xQueueGenericSend
    clecs.o(i._Z8vLEDTaskPv) refers to main.o(.data) for Queue_ISR_LDR
    clecs.o(i._Z8vLEDTaskPv) refers to clecs.o(.data) for _ZGVSensors
    clecs.o(i._Z9vLEDTask2Pv) refers to clecs.o(i._ZN5CLedsC1Ev) for CLeds::CLeds()
    clecs.o(i._Z9vLEDTask2Pv) refers to clecs.o(i._ZN5CLeds8setGreenEv) for CLeds::setGreen()
    clecs.o(i._Z9vLEDTask2Pv) refers to stm32f4xx_gpio.o(i.GPIO_WriteBit) for GPIO_WriteBit
    clecs.o(i._ZN5CLecs11getInstanceEv) refers to new.o(i._Znwj) for operator new(unsigned)
    clecs.o(i._ZN5CLecs11getInstanceEv) refers to clecs.o(i._ZN5CLecsC1Ev) for CLecs::CLecs()
    clecs.o(i._ZN5CLecs11getInstanceEv) refers to clecs.o(.data) for CLecs::instance
    clecs.o(i._ZN5CLecs14initSemaphoresEv) refers to queue.o(i.xQueueGenericCreate) for xQueueGenericCreate
    clecs.o(i._ZN5CLecs14initSemaphoresEv) refers to main.o(.data) for Sem_ISR_3D
    clecs.o(i._ZN5CLecs15initLecsSensorsEv) refers to csensors.o(i._ZN8CSensors11getInstanceEv) for CSensors::getInstance()
    clecs.o(i._ZN5CLecs15initLecsSensorsEv) refers to csensors.o(i._ZN8CSensors11initSensorsEv) for CSensors::initSensors()
    clecs.o(i._ZN5CLecs3runEv) refers to clecs.o(i._ZN5CLecs9initTasksEv) for CLecs::initTasks()
    clecs.o(i._ZN5CLecs3runEv) refers to tasks.o(i.vTaskStartScheduler) for vTaskStartScheduler
    clecs.o(i._ZN5CLecs8initNVICEv) refers to misc.o(i.NVIC_PriorityGroupConfig) for NVIC_PriorityGroupConfig
    clecs.o(i._ZN5CLecs9initQueueEv) refers to queue.o(i.xQueueGenericCreate) for xQueueGenericCreate
    clecs.o(i._ZN5CLecs9initQueueEv) refers to main.o(.data) for Queue_ISR_CapSensor
    clecs.o(i._ZN5CLecs9initTasksEv) refers to tasks.o(i.xTaskCreate) for xTaskCreate
    clecs.o(i._ZN5CLecs9initTasksEv) refers to clecs.o(i._Z8vLDRTaskPv) for vLDRTask(void*)
    clecs.o(.ARM.exidx) refers to clecs.o(i._Z8vLEDTaskPv) for i._Z8vLEDTaskPv
    clecs.o(.ARM.exidx) refers to clecs.o(i._Z8vLDRTaskPv) for i._Z8vLDRTaskPv
    clecs.o(.ARM.exidx) refers to clecs.o(i._Z9vLEDTask2Pv) for i._Z9vLEDTask2Pv
    clecs.o(.ARM.exidx) refers to clecs.o(i._ZN5CLecs8initNVICEv) for i._ZN5CLecs8initNVICEv
    clecs.o(.ARM.exidx) refers to clecs.o(i._ZN5CLecs15init3DLedMatrixEv) for i._ZN5CLecs15init3DLedMatrixEv
    clecs.o(.ARM.exidx) refers to clecs.o(i._ZN5CLecs15initLecsSensorsEv) for i._ZN5CLecs15initLecsSensorsEv
    clecs.o(.ARM.exidx) refers to clecs.o(i._ZN5CLecs14initSemaphoresEv) for i._ZN5CLecs14initSemaphoresEv
    clecs.o(.ARM.exidx) refers to clecs.o(i._ZN5CLecs9initQueueEv) for i._ZN5CLecs9initQueueEv
    clecs.o(.ARM.exidx) refers to clecs.o(i._ZN5CLecs9initTasksEv) for i._ZN5CLecs9initTasksEv
    clecs.o(.ARM.exidx) refers to clecs.o(i._ZN5CLecs3runEv) for i._ZN5CLecs3runEv
    clecs.o(.ARM.exidx) refers to clecs.o(i._ZN5CLecsC1Ev) for i._ZN5CLecsC1Ev
    clecs.o(.ARM.exidx) refers to clecs.o(i._ZN5CLecs11getInstanceEv) for i._ZN5CLecs11getInstanceEv
    clecs.o(.ARM.exidx) refers to clecs.o(i._ZN5CLecsD1Ev) for i._ZN5CLecsD1Ev
    csensors.o(i._ZN8CSensors11getInstanceEv) refers to queue.o(i.xQueueCreateMutex) for xQueueCreateMutex
[...]
    __sti___10_rwcats_cpp_64e8068e           0x08001279   Thumb Code    42  rwcats.o(i.__sti___10_rwcats_cpp_64e8068e)
    i.__sti___8_char_cpp_a3dc957a            0x080012b0   Section        0  char.o(i.__sti___8_char_cpp_a3dc957a)
    __sti___8_char_cpp_a3dc957a              0x080012b1   Thumb Code    12  char.o(i.__sti___8_char_cpp_a3dc957a)
    i.main                                   0x080012c0   Section        0  main.o(i.main)
    i.prvAddCurrentTaskToDelayedList         0x080012f0   Section        0  tasks.o(i.prvAddCurrentTaskToDelayedList)
    prvAddCurrentTaskToDelayedList           0x080012f1   Thumb Code   124  tasks.o(i.prvAddCurrentTaskToDelayedList)
    i.prvAddNewTaskToReadyList               0x08001388   Section        0  tasks.o(i.prvAddNewTaskToReadyList)
    prvAddNewTaskToReadyList                 0x08001389   Thumb Code   150  tasks.o(i.prvAddNewTaskToReadyList)
    i.prvCheckForValidListAndQueue           0x0800143c   Section        0  timers.o(i.prvCheckForValidListAndQueue)
    prvCheckForValidListAndQueue             0x0800143d   Thumb Code    56  timers.o(i.prvCheckForValidListAndQueue)
    i.prvCheckTasksWaitingTermination        0x08001488   Section        0  tasks.o(i.prvCheckTasksWaitingTermination)
    prvCheckTasksWaitingTermination          0x08001489   Thumb Code    86  tasks.o(i.prvCheckTasksWaitingTermination)
    i.prvCopyDataFromQueue                   0x080014ec   Section        0  queue.o(i.prvCopyDataFromQueue)
    prvCopyDataFromQueue                     0x080014ed   Thumb Code    42  queue.o(i.prvCopyDataFromQueue)
    i.prvCopyDataToQueue                     0x08001516   Section        0  queue.o(i.prvCopyDataToQueue)
    prvCopyDataToQueue                       0x08001517   Thumb Code   124  queue.o(i.prvCopyDataToQueue)
    i.prvDeleteTCB                           0x08001592   Section        0  tasks.o(i.prvDeleteTCB)
    prvDeleteTCB                             0x08001593   Thumb Code    18  tasks.o(i.prvDeleteTCB)
    i.prvGetNextExpireTime                   0x080015a4   Section        0  timers.o(i.prvGetNextExpireTime)
    prvGetNextExpireTime                     0x080015a5   Thumb Code    36  timers.o(i.prvGetNextExpireTime)
    i.prvHeapInit                            0x080015cc   Section        0  heap_2.o(i.prvHeapInit)
    prvHeapInit                              0x080015cd   Thumb Code    42  heap_2.o(i.prvHeapInit)
    i.prvIdleTask                            0x08001604   Section        0  tasks.o(i.prvIdleTask)
    prvIdleTask                              0x08001605   Thumb Code    32  tasks.o(i.prvIdleTask)
    i.prvInitialiseMutex                     0x0800162c   Section        0  queue.o(i.prvInitialiseMutex)
    prvInitialiseMutex                       0x0800162d   Thumb Code    28  queue.o(i.prvInitialiseMutex)
    i.prvInitialiseNewQueue                  0x08001648   Section        0  queue.o(i.prvInitialiseNewQueue)
    prvInitialiseNewQueue                    0x08001649   Thumb Code    42  queue.o(i.prvInitialiseNewQueue)
    i.prvInitialiseNewTask                   0x08001672   Section        0  tasks.o(i.prvInitialiseNewTask)
    prvInitialiseNewTask                     0x08001673   Thumb Code   170  tasks.o(i.prvInitialiseNewTask)
    i.prvInitialiseTaskLists                 0x0800171c   Section        0  tasks.o(i.prvInitialiseTaskLists)
    prvInitialiseTaskLists                   0x0800171d   Thumb Code    70  tasks.o(i.prvInitialiseTaskLists)
    i.prvInsertTimerInActiveList             0x08001784   Section        0  timers.o(i.prvInsertTimerInActiveList)
    prvInsertTimerInActiveList               0x08001785   Thumb Code    80  timers.o(i.prvInsertTimerInActiveList)
    i.prvIsQueueEmpty                        0x080017dc   Section        0  queue.o(i.prvIsQueueEmpty)
    prvIsQueueEmpty                          0x080017dd   Thumb Code    26  queue.o(i.prvIsQueueEmpty)
    i.prvIsQueueFull                         0x080017f6   Section        0  queue.o(i.prvIsQueueFull)
    prvIsQueueFull                           0x080017f7   Thumb Code    30  queue.o(i.prvIsQueueFull)
    i.prvNotifyQueueSetContainer             0x08001814   Section        0  queue.o(i.prvNotifyQueueSetContainer)
    prvNotifyQueueSetContainer               0x08001815   Thumb Code   144  queue.o(i.prvNotifyQueueSetContainer)
    i.prvProcessExpiredTimer                 0x080018a4   Section        0  timers.o(i.prvProcessExpiredTimer)
    prvProcessExpiredTimer                   0x080018a5   Thumb Code    94  timers.o(i.prvProcessExpiredTimer)
    i.prvProcessReceivedCommands             0x08001908   Section        0  timers.o(i.prvProcessReceivedCommands)
    prvProcessReceivedCommands               0x08001909   Thumb Code   242  timers.o(i.prvProcessReceivedCommands)
    i.prvProcessTimerOrBlockTask             0x08001a00   Section        0  timers.o(i.prvProcessTimerOrBlockTask)
    prvProcessTimerOrBlockTask               0x08001a01   Thumb Code   102  timers.o(i.prvProcessTimerOrBlockTask)
    i.prvResetNextTaskUnblockTime            0x08001a74   Section        0  tasks.o(i.prvResetNextTaskUnblockTime)
    prvResetNextTaskUnblockTime              0x08001a75   Thumb Code    42  tasks.o(i.prvResetNextTaskUnblockTime)
    i.prvSampleTimeNow                       0x08001aa8   Section        0  timers.o(i.prvSampleTimeNow)
    prvSampleTimeNow                         0x08001aa9   Thumb Code    40  timers.o(i.prvSampleTimeNow)
    i.prvSwitchTimerLists                    0x08001ad4   Section        0  timers.o(i.prvSwitchTimerLists)
    prvSwitchTimerLists                      0x08001ad5   Thumb Code   150  timers.o(i.prvSwitchTimerLists)
    i.prvTaskExitError                       0x08001b74   Section        0  port.o(i.prvTaskExitError)
    prvTaskExitError                         0x08001b75   Thumb Code    60  port.o(i.prvTaskExitError)
    i.prvTimerTask                           0x08001bb4   Section        0  timers.o(i.prvTimerTask)
    prvTimerTask                             0x08001bb5   Thumb Code    26  timers.o(i.prvTimerTask)
    i.prvUnlockQueue                         0x08001bce   Section        0  queue.o(i.prvUnlockQueue)
    prvUnlockQueue                           0x08001bcf   Thumb Code   146  queue.o(i.prvUnlockQueue)
    i.pvPortMalloc                           0x08001c60   Section        0  heap_2.o(i.pvPortMalloc)
    i.pvTaskIncrementMutexHeldCount          0x08001d18   Section        0  tasks.o(i.pvTaskIncrementMutexHeldCount)
    i.pxPortInitialiseStack                  0x08001d38   Section        0  port.o(i.pxPortInitialiseStack)
    i.uxListRemove                           0x08001d64   Section        0  list.o(i.uxListRemove)
    i.vListInitialise                        0x08001d8c   Section        0  list.o(i.vListInitialise)
    i.vListInitialiseItem                    0x08001da6   Section        0  list.o(i.vListInitialiseItem)
    i.vListInsert                            0x08001dac   Section        0  list.o(i.vListInsert)
    i.vListInsertEnd                         0x08001de0   Section        0  list.o(i.vListInsertEnd)
    i.vPortEnterCritical                     0x08001df8   Section        0  port.o(i.vPortEnterCritical)
    i.vPortExitCritical                      0x08001e4c   Section        0  port.o(i.vPortExitCritical)
    i.vPortFree                              0x08001e88   Section        0  heap_2.o(i.vPortFree)
    i.vPortSetupTimerInterrupt               0x08001ec8   Section        0  port.o(i.vPortSetupTimerInterrupt)
    i.vPortValidateInterruptPriority         0x08001ee8   Section        0  port.o(i.vPortValidateInterruptPriority)
    i.vQueueWaitForMessageRestricted         0x08001f60   Section        0  queue.o(i.vQueueWaitForMessageRestricted)
    i.vTaskMissedYield                       0x08001fac   Section        0  tasks.o(i.vTaskMissedYield)
    i.vTaskPlaceOnEventList                  0x08001fb8   Section        0  tasks.o(i.vTaskPlaceOnEventList)
    i.vTaskPlaceOnEventListRestricted        0x08001ff0   Section        0  tasks.o(i.vTaskPlaceOnEventListRestricted)
    i.vTaskPriorityInherit                   0x08002030   Section        0  tasks.o(i.vTaskPriorityInherit)
    i.vTaskSetTimeOutState                   0x080020e0   Section        0  tasks.o(i.vTaskSetTimeOutState)
    i.vTaskStartScheduler                    0x08002110   Section        0  tasks.o(i.vTaskStartScheduler)
    i.vTaskSuspendAll                        0x080021a4   Section        0  tasks.o(i.vTaskSuspendAll)
    i.vTaskSwitchContext                     0x080021b4   Section        0  tasks.o(i.vTaskSwitchContext)
    i.xPortStartScheduler                    0x08002240   Section        0  port.o(i.xPortStartScheduler)
    i.xQueueCreateMutex                      0x0800237c   Section        0  queue.o(i.xQueueCreateMutex)
    i.xQueueGenericCreate                    0x0800239e   Section        0  queue.o(i.xQueueGenericCreate)
    i.xQueueGenericReceive                   0x080023f8   Section        0  queue.o(i.xQueueGenericReceive)
    i.xQueueGenericReset                     0x080025bc   Section        0  queue.o(i.xQueueGenericReset)
    i.xQueueGenericSend                      0x08002654   Section        0  queue.o(i.xQueueGenericSend)
    i.xQueueGenericSendFromISR               0x0800281c   Section        0  queue.o(i.xQueueGenericSendFromISR)
    i.xTaskCheckForTimeOut                   0x08002924   Section        0  tasks.o(i.xTaskCheckForTimeOut)
    i.xTaskCreate                            0x080029b0   Section        0  tasks.o(i.xTaskCreate)
    i.xTaskGetSchedulerState                 0x08002a10   Section        0  tasks.o(i.xTaskGetSchedulerState)
    i.xTaskGetTickCount                      0x08002a30   Section        0  tasks.o(i.xTaskGetTickCount)
    i.xTaskIncrementTick                     0x08002a3c   Section        0  tasks.o(i.xTaskIncrementTick)
    i.xTaskPriorityDisinherit                0x08002b84   Section        0  tasks.o(i.xTaskPriorityDisinherit)
    i.xTaskRemoveFromEventList               0x08002c4c   Section        0  tasks.o(i.xTaskRemoveFromEventList)
    i.xTaskResumeAll                         0x08002ce4   Section        0  tasks.o(i.xTaskResumeAll)
    i.xTimerCreateTimerTask                  0x08002de8   Section        0  timers.o(i.xTimerCreateTimerTask)
    i.xTimerGenericCommand                   0x08002e40   Section        0  timers.o(i.xTimerGenericCommand)
    t._ZN4__rw18__rw_locale_vectorIPNS_8__rw_catEED1Ev 0x08002ec4   Section        0  rwcats.o(t._ZN4__rw18__rw_locale_vectorIPNS_8__rw_catEED1Ev)
    x$fpl$fpinit                             0x08002ed2   Section       10  fpinit.o(x$fpl$fpinit)
    $v0                                      0x08002ed2   Number         0  fpinit.o(x$fpl$fpinit)
    .init_array                              0x08002efc   Section        4  char.o(.init_array)
    .init_array                              0x08002f00   Section        4  locale.o(.init_array)
    .init_array                              0x08002f04   Section        4  rwcats.o(.init_array)
    .data                                    0x20000000   Section       32  main.o(.data)
    .data                                    0x20000020   Section       12  clecs.o(.data)
    _ZGVSensors                              0x20000024   Data           4  clecs.o(.data)
    Sensors                                  0x20000028   Data           4  clecs.o(.data)
    .data                                    0x2000002c   Section        4  csensors.o(.data)
    .data                                    0x20000030   Section        4  ccapsensors.o(.data)
    .data                                    0x20000034   Section       12  clightsensor.o(.data)
    _ZGVldr                                  0x20000038   Data           4  clightsensor.o(.data)
    ldr                                      0x2000003c   Data           4  clightsensor.o(.data)
    .data                                    0x20000040   Section        4  cmicrophone.o(.data)
    .data                                    0x20000044   Section       20  system_stm32f4xx.o(.data)
    .data                                    0x20000058   Section       24  heap_2.o(.data)
    xStart                                   0x20000058   Data           8  heap_2.o(.data)
    xEnd                                     0x20000060   Data           8  heap_2.o(.data)
    xFreeBytesRemaining                      0x20000068   Data           4  heap_2.o(.data)
    xHeapHasBeenInitialised                  0x2000006c   Data           4  heap_2.o(.data)
    .data                                    0x20000070   Section       12  port.o(.data)
    uxCriticalNesting                        0x20000070   Data           4  port.o(.data)
    ucMaxSysCallPriority                     0x20000074   Data           1  port.o(.data)
    ulMaxPRIGROUPValue                       0x20000078   Data           4  port.o(.data)
    .data                                    0x2000007c   Section       60  tasks.o(.data)
    pxDelayedTaskList                        0x20000080   Data           4  tasks.o(.data)
    pxOverflowDelayedTaskList                0x20000084   Data           4  tasks.o(.data)
    uxDeletedTasksWaitingCleanUp             0x20000088   Data           4  tasks.o(.data)
    uxCurrentNumberOfTasks                   0x2000008c   Data           4  tasks.o(.data)
    xTickCount                               0x20000090   Data           4  tasks.o(.data)
    uxTopReadyPriority                       0x20000094   Data           4  tasks.o(.data)
    xSchedulerRunning                        0x20000098   Data           4  tasks.o(.data)
    uxPendedTicks                            0x2000009c   Data           4  tasks.o(.data)
    xYieldPending                            0x200000a0   Data           4  tasks.o(.data)
    xNumOfOverflows                          0x200000a4   Data           4  tasks.o(.data)
    uxTaskNumber                             0x200000a8   Data           4  tasks.o(.data)
    xNextTaskUnblockTime                     0x200000ac   Data           4  tasks.o(.data)
    xIdleTaskHandle                          0x200000b0   Data           4  tasks.o(.data)
    uxSchedulerSuspended                     0x200000b4   Data           4  tasks.o(.data)
    .data                                    0x200000b8   Section       20  timers.o(.data)
    pxCurrentTimerList                       0x200000b8   Data           4  timers.o(.data)
    pxOverflowTimerList                      0x200000bc   Data           4  timers.o(.data)
    xTimerQueue                              0x200000c0   Data           4  timers.o(.data)
    xTimerTaskHandle                         0x200000c4   Data           4  timers.o(.data)
    xLastTime                                0x200000c8   Data           4  timers.o(.data)
    .data                                    0x200000cc   Section        8  char.o(.data)
    .data                                    0x200000d4   Section       28  locale.o(.data)
    _ZGV_ZZNSt6locale7classicEvE5__loc       0x200000d4   Data           4  locale.o(.data)
    std::locale::classic()::__loc            0x200000d8   Data           4  locale.o(.data)
    .data                                    0x200000f0   Section        8  rwcats.o(.data)
    [local to rwcats_cpp]::__rw::__rw_catlist 0x200000f0   Data           8  rwcats.o(.data)
    .bss                                     0x200000f8   Section     4096  heap_2.o(.bss)
    ucHeap                                   0x200000f8   Data        4096  heap_2.o(.bss)
    .bss                                     0x200010f8   Section      200  tasks.o(.bss)
    pxReadyTasksLists                        0x200010f8   Data         100  tasks.o(.bss)
    xDelayedTaskList1                        0x2000115c   Data          20  tasks.o(.bss)
    xDelayedTaskList2                        0x20001170   Data          20  tasks.o(.bss)
    xPendingReadyList                        0x20001184   Data          20  tasks.o(.bss)
    xTasksWaitingTermination                 0x20001198   Data          20  tasks.o(.bss)
    xSuspendedTaskList                       0x200011ac   Data          20  tasks.o(.bss)
    .bss                                     0x200011c0   Section       40  timers.o(.bss)
    xActiveTimerList1                        0x200011c0   Data          20  timers.o(.bss)
    xActiveTimerList2                        0x200011d4   Data          20  timers.o(.bss)
    .bss                                     0x200011e8   Section       96  libspace.o(.bss)
    HEAP                                     0x20001248   Section      512  startup_stm32f40_41xxx.o(HEAP)
    Heap_Mem                                 0x20001248   Data         512  startup_stm32f40_41xxx.o(HEAP)
    STACK                                    0x20001448   Section     1024  startup_stm32f40_41xxx.o(STACK)
    Stack_Mem                                0x20001448   Data        1024  startup_stm32f40_41xxx.o(STACK)
    __initial_sp                             0x20001848   Data           0  startup_stm32f40_41xxx.o(STACK)

    Global Symbols

    Symbol Name                              Value     Ov Type        Size  Object(Section)

    BuildAttributes$$THM_ISAv4$E$P$D$K$B$S$7EM$VFPi3$EXTD16$VFPS$VFMA$PE$A:L22UL41UL21$X:L11$S22US41US21$IEEE1$IW$USESV6$~STKCKD$USESV7$~SHL$OTIME$ROPI$IEEEX$EBA8$UX$STANDARDLIB$REQ8$PRES8$EABIv2 0x00000000   Number         0  anon$$obj.o ABSOLUTE
    __ARM_use_no_argv                        0x00000000   Number         0  main.o ABSOLUTE
    _printf_flags                            0x00000000   Number         0  printf_stubs.o ABSOLUTE
    _printf_return_value                     0x00000000   Number         0  printf_stubs.o ABSOLUTE
    _printf_sizespec                         0x00000000   Number         0  printf_stubs.o ABSOLUTE
    _printf_widthprec                        0x00000000   Number         0  printf_stubs.o ABSOLUTE
    SHT$$ARM_EXIDX$$Base                      - Undefined Reference
    SHT$$ARM_EXIDX$$Limit                     - Undefined Reference
    __ARM::default_unexpected_handler()       - Undefined Weak Reference
    __ARM_exceptions_buffer_required          - Undefined Weak Reference
    __ARM_exceptions_init                     - Undefined Weak Reference
    __aeabi_unwind_cpp_pr2                    - Undefined Weak Reference
    __alloca_initialize                       - Undefined Weak Reference
    __arm_preinit_                            - Undefined Weak Reference
    __cxa_type_match                          - Undefined Weak Reference
    __sigvec_lookup                           - Undefined Weak Reference
    __user_heap_extent                        - Undefined Weak Reference
    _atexit_init                              - Undefined Weak Reference
    _call_atexit_fns                          - Undefined Weak Reference
    _clock_init                               - Undefined Weak Reference
    _fp_trap_init                             - Undefined Weak Reference
    _fp_trap_shutdown                         - Undefined Weak Reference
    _get_lc_time                              - Undefined Weak Reference
    _getenv_init                              - Undefined Weak Reference
    _handle_redirection                       - Undefined Weak Reference
    _mbdata                                   - Undefined Weak Reference
    _mutex_acquire                            - Undefined Weak Reference
    _mutex_free                               - Undefined Weak Reference
    _mutex_release                            - Undefined Weak Reference
    _printf_mbtowc                            - Undefined Weak Reference
    _printf_wc                                - Undefined Weak Reference
    _rand_init                                - Undefined Weak Reference
    _signal_finish                            - Undefined Weak Reference
    _signal_init                              - Undefined Weak Reference
    __Vectors_Size                           0x00000188   Number         0  startup_stm32f40_41xxx.o ABSOLUTE
    __Vectors                                0x08000000   Data           4  startup_stm32f40_41xxx.o(RESET)
    __dso_handle                             0x08000000   Number         0  startup_stm32f40_41xxx.o(RESET)
    __Vectors_End                            0x08000188   Data           0  startup_stm32f40_41xxx.o(RESET)
    __main                                   0x08000189   Thumb Code     8  __main.o(!!!main)
    __scatterload                            0x08000191   Thumb Code     0  __scatter.o(!!!scatter)
    __scatterload_rt2                        0x08000191   Thumb Code    44  __scatter.o(!!!scatter)
    __scatterload_rt2_thumb_only             0x08000191   Thumb Code     0  __scatter.o(!!!scatter)
    __scatterload_null                       0x0800019f   Thumb Code     0  __scatter.o(!!!scatter)
    __scatterload_copy                       0x080001c5   Thumb Code    26  __scatter_copy.o(!!handler_copy)
    __scatterload_zeroinit                   0x080001e1   Thumb Code    28  __scatter_zi.o(!!handler_zi)
    __rt_lib_init                            0x080001fd   Thumb Code     0  libinit.o(.ARM.Collect$$libinit$$00000000)
    __rt_lib_init_fp_1                       0x080001ff   Thumb Code     0  libinit2.o(.ARM.Collect$$libinit$$00000001)
    __rt_lib_init_heap_2                     0x08000203   Thumb Code     0  libinit2.o(.ARM.Collect$$libinit$$00000005)
    __rt_lib_init_preinit_1                  0x08000203   Thumb Code     0  libinit2.o(.ARM.Collect$$libinit$$00000004)
    __rt_lib_init_alloca_1                   0x0800020b   Thumb Code     0  libinit2.o(.ARM.Collect$$libinit$$0000002E)
    __rt_lib_init_argv_1                     0x0800020b   Thumb Code     0  libinit2.o(.ARM.Collect$$libinit$$0000002C)
    __rt_lib_init_atexit_1                   0x0800020b   Thumb Code     0  libinit2.o(.ARM.Collect$$libinit$$0000001B)
    __rt_lib_init_clock_1                    0x0800020b   Thumb Code     0  libinit2.o(.ARM.Collect$$libinit$$00000021)
    __rt_lib_init_cpp_2                      0x0800020b   Thumb Code     0  libinit2.o(.ARM.Collect$$libinit$$00000031)
    __rt_lib_init_exceptions_1               0x0800020b   Thumb Code     0  libinit2.o(.ARM.Collect$$libinit$$00000030)
    __rt_lib_init_fp_trap_1                  0x0800020b   Thumb Code     0  libinit2.o(.ARM.Collect$$libinit$$0000001F)
    __rt_lib_init_getenv_1                   0x0800020b   Thumb Code     0  libinit2.o(.ARM.Collect$$libinit$$00000023)
    __rt_lib_init_heap_1                     0x0800020b   Thumb Code     0  libinit2.o(.ARM.Collect$$libinit$$0000000A)
    __rt_lib_init_lc_collate_1               0x0800020b   Thumb Code     0  libinit2.o(.ARM.Collect$$libinit$$00000011)
    __rt_lib_init_lc_ctype_1                 0x0800020b   Thumb Code     0  libinit2.o(.ARM.Collect$$libinit$$00000013)
    __rt_lib_init_lc_monetary_1              0x0800020b   Thumb Code     0  libinit2.o(.ARM.Collect$$libinit$$00000015)
    __rt_lib_init_lc_numeric_1               0x0800020b   Thumb Code     0  libinit2.o(.ARM.Collect$$libinit$$00000017)
    __rt_lib_init_lc_time_1                  0x0800020b   Thumb Code     0  libinit2.o(.ARM.Collect$$libinit$$00000019)
    __rt_lib_init_rand_1                     0x0800020b   Thumb Code     0  libinit2.o(.ARM.Collect$$libinit$$0000000E)
    __rt_lib_init_signal_1                   0x0800020b   Thumb Code     0  libinit2.o(.ARM.Collect$$libinit$$0000001D)
    __rt_lib_init_stdio_1                    0x0800020b   Thumb Code     0  libinit2.o(.ARM.Collect$$libinit$$00000025)
    __rt_lib_init_user_alloc_1               0x0800020b   Thumb Code     0  libinit2.o(.ARM.Collect$$libinit$$0000000C)
    __rt_lib_init_cpp_1                      0x0800020f   Thumb Code     0  libinit2.o(.ARM.Collect$$libinit$$00000032)
    __rt_lib_init_return                     0x0800020f   Thumb Code     0  libinit2.o(.ARM.Collect$$libinit$$00000033)
    __rt_lib_shutdown                        0x08000211   Thumb Code     0  libshutdown.o(.ARM.Collect$$libshutdown$$00000000)
    __rt_lib_shutdown_cpp_2                  0x08000213   Thumb Code     0  libshutdown2.o(.ARM.Collect$$libshutdown$$00000001)
    __rt_lib_shutdown_cpp_1                  0x08000219   Thumb Code     0  libshutdown2.o(.ARM.Collect$$libshutdown$$00000002)
    __rt_lib_shutdown_fp_trap_1              0x08000219   Thumb Code     0  libshutdown2.o(.ARM.Collect$$libshutdown$$00000007)
    __rt_lib_shutdown_heap_1                 0x08000219   Thumb Code     0  libshutdown2.o(.ARM.Collect$$libshutdown$$0000000F)
    __rt_lib_shutdown_return                 0x08000219   Thumb Code     0  libshutdown2.o(.ARM.Collect$$libshutdown$$00000010)
    __rt_lib_shutdown_signal_1               0x08000219   Thumb Code     0  libshutdown2.o(.ARM.Collect$$libshutdown$$0000000A)
    __rt_lib_shutdown_stdio_1                0x08000219   Thumb Code     0  libshutdown2.o(.ARM.Collect$$libshutdown$$00000004)
    __rt_lib_shutdown_user_alloc_1           0x08000219   Thumb Code     0  libshutdown2.o(.ARM.Collect$$libshutdown$$0000000C)
    __rt_entry                               0x0800021b   Thumb Code     0  __rtentry.o(.ARM.Collect$$rtentry$$00000000)
    __rt_entry_presh_1                       0x0800021b   Thumb Code     0  __rtentry2.o(.ARM.Collect$$rtentry$$00000002)
    __rt_entry_sh                            0x0800021b   Thumb Code     0  __rtentry4.o(.ARM.Collect$$rtentry$$00000004)
    __rt_entry_li                            0x08000221   Thumb Code     0  __rtentry2.o(.ARM.Collect$$rtentry$$0000000A)
    __rt_entry_postsh_1                      0x08000221   Thumb Code     0  __rtentry2.o(.ARM.Collect$$rtentry$$00000009)
    __rt_entry_main                          0x08000225   Thumb Code     0  __rtentry2.o(.ARM.Collect$$rtentry$$0000000D)
    __rt_entry_postli_1                      0x08000225   Thumb Code     0  __rtentry2.o(.ARM.Collect$$rtentry$$0000000C)
    __rt_exit                                0x0800022d   Thumb Code     0  rtexit.o(.ARM.Collect$$rtexit$$00000000)
    __rt_exit_ls                             0x0800022f   Thumb Code     0  rtexit2.o(.ARM.Collect$$rtexit$$00000003)
    __rt_exit_prels_1                        0x0800022f   Thumb Code     0  rtexit2.o(.ARM.Collect$$rtexit$$00000002)
    __rt_exit_exit                           0x08000233   Thumb Code     0  rtexit2.o(.ARM.Collect$$rtexit$$00000004)
    SVC_Handler                              0x08000239   Thumb Code    28  port.o(.emb_text)
    __asm___6_port_c_39a90d8d__prvStartFirstTask 0x08000259   Thumb Code    28  port.o(.emb_text)
    __asm___6_port_c_39a90d8d__prvEnableVFP  0x08000279   Thumb Code    16  port.o(.emb_text)
    PendSV_Handler                           0x0800028d   Thumb Code    88  port.o(.emb_text)
    vPortGetIPSR                             0x080002e9   Thumb Code     6  port.o(.emb_text)
    Reset_Handler                            0x080002f1   Thumb Code     8  startup_stm32f40_41xxx.o(.text)
    _maybe_terminate_alloc                   0x080002f1   Thumb Code     0  maybetermalloc1.o(.emb_text)
    NMI_Handler                              0x080002f9   Thumb Code     2  startup_stm32f40_41xxx.o(.text)
    HardFault_Handler                        0x080002fb   Thumb Code     2  startup_stm32f40_41xxx.o(.text)
    MemManage_Handler                        0x080002fd   Thumb Code     2  startup_stm32f40_41xxx.o(.text)
    BusFault_Handler                         0x080002ff   Thumb Code     2  startup_stm32f40_41xxx.o(.text)
    UsageFault_Handler                       0x08000301   Thumb Code     2  startup_stm32f40_41xxx.o(.text)
    DebugMon_Handler                         0x08000305   Thumb Code     2  startup_stm32f40_41xxx.o(.text)
    ADC_IRQHandler                           0x0800030b   Thumb Code     0  startup_stm32f40_41xxx.o(.text)
    CAN1_RX0_IRQHandler                      0x0800030b   Thumb Code     0  startup_stm32f40_41xxx.o(.text)
    CAN1_RX1_IRQHandler                      0x0800030b   Thumb Code     0  startup_stm32f40_41xxx.o(.text)
    CAN1_SCE_IRQHandler                      0x0800030b   Thumb Code     0  startup_stm32f40_41xxx.o(.text)
    CAN1_TX_IRQHandler                       0x0800030b   Thumb Code     0  startup_stm32f40_41xxx.o(.text)
    CAN2_RX0_IRQHandler                      0x0800030b   Thumb Code     0  startup_stm32f40_41xxx.o(.text)
    CAN2_RX1_IRQHandler                      0x0800030b   Thumb Code     0  startup_stm32f40_41xxx.o(.text)
    CAN2_SCE_IRQHandler                      0x0800030b   Thumb Code     0  startup_stm32f40_41xxx.o(.text)
    CAN2_TX_IRQHandler                       0x0800030b   Thumb Code     0  startup_stm32f40_41xxx.o(.text)
    CRYP_IRQHandler                          0x0800030b   Thumb Code     0  startup_stm32f40_41xxx.o(.text)
    DCMI_IRQHandler                          0x0800030b   Thumb Code     0  startup_stm32f40_41xxx.o(.text)
    DMA1_Stream0_IRQHandler                  0x0800030b   Thumb Code     0  startup_stm32f40_41xxx.o(.text)
    DMA1_Stream1_IRQHandler                  0x0800030b   Thumb Code     0  startup_stm32f40_41xxx.o(.text)
    DMA1_Stream2_IRQHandler                  0x0800030b   Thumb Code     0  startup_stm32f40_41xxx.o(.text)
    DMA1_Stream3_IRQHandler                  0x0800030b   Thumb Code     0  startup_stm32f40_41xxx.o(.text)
    DMA1_Stream4_IRQHandler                  0x0800030b   Thumb Code     0  startup_stm32f40_41xxx.o(.text)
    DMA1_Stream5_IRQHandler                  0x0800030b   Thumb Code     0  startup_stm32f40_41xxx.o(.text)
    DMA1_Stream6_IRQHandler                  0x0800030b   Thumb Code     0  startup_stm32f40_41xxx.o(.text)
    DMA1_Stream7_IRQHandler                  0x0800030b   Thumb Code     0  startup_stm32f40_41xxx.o(.text)
    DMA2_Stream0_IRQHandler                  0x0800030b   Thumb Code     0  startup_stm32f40_41xxx.o(.text)
    DMA2_Stream1_IRQHandler                  0x0800030b   Thumb Code     0  startup_stm32f40_41xxx.o(.text)
    DMA2_Stream2_IRQHandler                  0x0800030b   Thumb Code     0  startup_stm32f40_41xxx.o(.text)
    DMA2_Stream3_IRQHandler                  0x0800030b   Thumb Code     0  startup_stm32f40_41xxx.o(.text)
    DMA2_Stream4_IRQHandler                  0x0800030b   Thumb Code     0  startup_stm32f40_41xxx.o(.text)
    DMA2_Stream5_IRQHandler                  0x0800030b   Thumb Code     0  startup_stm32f40_41xxx.o(.text)
    DMA2_Stream6_IRQHandler                  0x0800030b   Thumb Code     0  startup_stm32f40_41xxx.o(.text)
    DMA2_Stream7_IRQHandler                  0x0800030b   Thumb Code     0  startup_stm32f40_41xxx.o(.text)
    ETH_IRQHandler                           0x0800030b   Thumb Code     0  startup_stm32f40_41xxx.o(.text)
    ETH_WKUP_IRQHandler                      0x0800030b   Thumb Code     0  startup_stm32f40_41xxx.o(.text)
    EXTI0_IRQHandler                         0x0800030b   Thumb Code     0  startup_stm32f40_41xxx.o(.text)
    EXTI15_10_IRQHandler                     0x0800030b   Thumb Code     0  startup_stm32f40_41xxx.o(.text)
    EXTI1_IRQHandler                         0x0800030b   Thumb Code     0  startup_stm32f40_41xxx.o(.text)
    EXTI2_IRQHandler                         0x0800030b   Thumb Code     0  startup_stm32f40_41xxx.o(.text)
    EXTI3_IRQHandler                         0x0800030b   Thumb Code     0  startup_stm32f40_41xxx.o(.text)
    EXTI4_IRQHandler                         0x0800030b   Thumb Code     0  startup_stm32f40_41xxx.o(.text)
    EXTI9_5_IRQHandler                       0x0800030b   Thumb Code     0  startup_stm32f40_41xxx.o(.text)
    FLASH_IRQHandler                         0x0800030b   Thumb Code     0  startup_stm32f40_41xxx.o(.text)
    FPU_IRQHandler                           0x0800030b   Thumb Code     0  startup_stm32f40_41xxx.o(.text)
    FSMC_IRQHandler                          0x0800030b   Thumb Code     0  startup_stm32f40_41xxx.o(.text)
    HASH_RNG_IRQHandler                      0x0800030b   Thumb Code     0  startup_stm32f40_41xxx.o(.text)
    I2C1_ER_IRQHandler                       0x0800030b   Thumb Code     0  startup_stm32f40_41xxx.o(.text)
    I2C1_EV_IRQHandler                       0x0800030b   Thumb Code     0  startup_stm32f40_41xxx.o(.text)
    I2C2_ER_IRQHandler                       0x0800030b   Thumb Code     0  startup_stm32f40_41xxx.o(.text)
    I2C2_EV_IRQHandler                       0x0800030b   Thumb Code     0  startup_stm32f40_41xxx.o(.text)
    I2C3_ER_IRQHandler                       0x0800030b   Thumb Code     0  startup_stm32f40_41xxx.o(.text)
    I2C3_EV_IRQHandler                       0x0800030b   Thumb Code     0  startup_stm32f40_41xxx.o(.text)
    OTG_FS_IRQHandler                        0x0800030b   Thumb Code     0  startup_stm32f40_41xxx.o(.text)
    OTG_FS_WKUP_IRQHandler                   0x0800030b   Thumb Code     0  startup_stm32f40_41xxx.o(.text)
    OTG_HS_EP1_IN_IRQHandler                 0x0800030b   Thumb Code     0  startup_stm32f40_41xxx.o(.text)
    OTG_HS_EP1_OUT_IRQHandler                0x0800030b   Thumb Code     0  startup_stm32f40_41xxx.o(.text)
    OTG_HS_IRQHandler                        0x0800030b   Thumb Code     0  startup_stm32f40_41xxx.o(.text)
    OTG_HS_WKUP_IRQHandler                   0x0800030b   Thumb Code     0  startup_stm32f40_41xxx.o(.text)
    PVD_IRQHandler                           0x0800030b   Thumb Code     0  startup_stm32f40_41xxx.o(.text)
    RCC_IRQHandler                           0x0800030b   Thumb Code     0  startup_stm32f40_41xxx.o(.text)
    RTC_Alarm_IRQHandler                     0x0800030b   Thumb Code     0  startup_stm32f40_41xxx.o(.text)
    RTC_WKUP_IRQHandler                      0x0800030b   Thumb Code     0  startup_stm32f40_41xxx.o(.text)
    SDIO_IRQHandler                          0x0800030b   Thumb Code     0  startup_stm32f40_41xxx.o(.text)
    SPI1_IRQHandler                          0x0800030b   Thumb Code     0  startup_stm32f40_41xxx.o(.text)
    SPI2_IRQHandler                          0x0800030b   Thumb Code     0  startup_stm32f40_41xxx.o(.text)
    SPI3_IRQHandler                          0x0800030b   Thumb Code     0  startup_stm32f40_41xxx.o(.text)
    TAMP_STAMP_IRQHandler                    0x0800030b   Thumb Code     0  startup_stm32f40_41xxx.o(.text)
    TIM1_BRK_TIM9_IRQHandler                 0x0800030b   Thumb Code     0  startup_stm32f40_41xxx.o(.text)
    TIM1_CC_IRQHandler                       0x0800030b   Thumb Code     0  startup_stm32f40_41xxx.o(.text)
    TIM1_TRG_COM_TIM11_IRQHandler            0x0800030b   Thumb Code     0  startup_stm32f40_41xxx.o(.text)
    TIM1_UP_TIM10_IRQHandler                 0x0800030b   Thumb Code     0  startup_stm32f40_41xxx.o(.text)
    TIM2_IRQHandler                          0x0800030b   Thumb Code     0  startup_stm32f40_41xxx.o(.text)
    TIM3_IRQHandler                          0x0800030b   Thumb Code     0  startup_stm32f40_41xxx.o(.text)
    TIM4_IRQHandler                          0x0800030b   Thumb Code     0  startup_stm32f40_41xxx.o(.text)
    TIM5_IRQHandler                          0x0800030b   Thumb Code     0  startup_stm32f40_41xxx.o(.text)
    TIM6_DAC_IRQHandler                      0x0800030b   Thumb Code     0  startup_stm32f40_41xxx.o(.text)
    TIM8_BRK_TIM12_IRQHandler                0x0800030b   Thumb Code     0  startup_stm32f40_41xxx.o(.text)
    TIM8_CC_IRQHandler                       0x0800030b   Thumb Code     0  startup_stm32f40_41xxx.o(.text)
    TIM8_TRG_COM_TIM14_IRQHandler            0x0800030b   Thumb Code     0  startup_stm32f40_41xxx.o(.text)
    TIM8_UP_TIM13_IRQHandler                 0x0800030b   Thumb Code     0  startup_stm32f40_41xxx.o(.text)
    UART4_IRQHandler                         0x0800030b   Thumb Code     0  startup_stm32f40_41xxx.o(.text)
    UART5_IRQHandler                         0x0800030b   Thumb Code     0  startup_stm32f40_41xxx.o(.text)
    USART1_IRQHandler                        0x0800030b   Thumb Code     0  startup_stm32f40_41xxx.o(.text)
    USART2_IRQHandler                        0x0800030b   Thumb Code     0  startup_stm32f40_41xxx.o(.text)
    USART3_IRQHandler                        0x0800030b   Thumb Code     0  startup_stm32f40_41xxx.o(.text)
    USART6_IRQHandler                        0x0800030b   Thumb Code     0  startup_stm32f40_41xxx.o(.text)
    WWDG_IRQHandler                          0x0800030b   Thumb Code     0  startup_stm32f40_41xxx.o(.text)
    __user_initial_stackheap                 0x0800030d   Thumb Code     0  startup_stm32f40_41xxx.o(.text)
    __aeabi_memcpy                           0x08000331   Thumb Code     0  rt_memcpy_v6.o(.text)
    __rt_memcpy                              0x08000331   Thumb Code   138  rt_memcpy_v6.o(.text)
    _memcpy_lastbytes                        0x08000397   Thumb Code     0  rt_memcpy_v6.o(.text)
    __aeabi_memcpy4                          0x080003bb   Thumb Code     0  rt_memcpy_w.o(.text)
    __aeabi_memcpy8                          0x080003bb   Thumb Code     0  rt_memcpy_w.o(.text)
    __rt_memcpy_w                            0x080003bb   Thumb Code   100  rt_memcpy_w.o(.text)
    _memcpy_lastbytes_aligned                0x08000403   Thumb Code     0  rt_memcpy_w.o(.text)
    __use_two_region_memory                  0x0800041f   Thumb Code     2  heapauxi.o(.text)
    __rt_heap_escrow                         0x08000421   Thumb Code     2  heapauxi.o(.text)
    __rt_heap_expand                         0x08000423   Thumb Code     2  heapauxi.o(.text)
    __rt_new_handler_addr                    0x08000425   Thumb Code     8  rt_new_handler_addr_intlibspace.o(.text)
    malloc                                   0x0800042d   Thumb Code    94  h1_alloc.o(.text)
    __default_new_handler()                  0x0800048b   Thumb Code     4  arm_newhandler_noexceptions.o(.text)
    __user_libspace                          0x08000491   Thumb Code     8  libspace.o(.text)
    __user_perproc_libspace                  0x08000491   Thumb Code     0  libspace.o(.text)
    __user_perthread_libspace                0x08000491   Thumb Code     0  libspace.o(.text)
    __rt_heap_descriptor                     0x08000499   Thumb Code     8  rt_heap_descriptor_intlibspace.o(.text)
    __use_no_heap                            0x080004a1   Thumb Code     2  hguard.o(.text)
    __heap$guard                             0x080004a3   Thumb Code     2  hguard.o(.text)
    _terminate_user_alloc                    0x080004a5   Thumb Code     2  init_alloc.o(.text)
    _init_user_alloc                         0x080004a7   Thumb Code     2  init_alloc.o(.text)
    __Heap_Full                              0x080004a9   Thumb Code    34  init_alloc.o(.text)
    __Heap_Broken                            0x080004cb   Thumb Code     6  init_alloc.o(.text)
    _init_alloc                              0x080004d1   Thumb Code    94  init_alloc.o(.text)
    __Heap_Initialize                        0x0800052f   Thumb Code    10  h1_init.o(.text)
    __Heap_DescSize                          0x08000539   Thumb Code     4  h1_init.o(.text)
    free                                     0x0800053d   Thumb Code    78  h1_free.o(.text)
    abort                                    0x0800058b   Thumb Code    22  abort.o(.text)
    std::terminate()                         0x080005a1   Thumb Code    26  arm_exceptions_terminate.o(.text)
    __cxa_get_globals                        0x080005c3   Thumb Code    62  arm_exceptions_globs.o(.text)
    _sys_exit                                0x0800060d   Thumb Code     8  sys_exit.o(.text)
    __user_setup_stackheap                   0x08000619   Thumb Code    74  sys_stackheap_outer.o(.text)
    __rt_eh_globals_addr                     0x08000665   Thumb Code     8  rt_eh_globals_addr_intlibspace.o(.text)
    __Heap_ProvideMemory                     0x0800066d   Thumb Code    52  h1_extend.o(.text)
    exit                                     0x080006a1   Thumb Code    18  exit.o(.text)
    __aeabi_atexit                           0x080006b3   Thumb Code    46  aeabi_atexit.o(.text)
    __rt_SIGABRT                             0x080006e1   Thumb Code    14  defsig_abrt_outer.o(.text)
    __rt_SIGRTMEM                            0x080006ef   Thumb Code    14  defsig_rtmem_outer.o(.text)
    __ARM_exceptions_buffer_init             0x080006fd   Thumb Code    18  arm_exceptions_mem.o(.text)
    __ARM_exceptions_buffer_allocate         0x0800070f   Thumb Code    22  arm_exceptions_mem.o(.text)
    __ARM_exceptions_buffer_free             0x08000725   Thumb Code    20  arm_exceptions_mem.o(.text)
    __I$use$semihosting                      0x08000739   Thumb Code     0  use_no_semi.o(.text)
    __use_no_semihosting_swi                 0x08000739   Thumb Code     2  use_no_semi.o(.text)
    __semihosting_library_function           0x0800073b   Thumb Code     0  indicate_semi.o(.text)
    __rt_ddtor_pointer_addr                  0x0800073d   Thumb Code     8  rt_ddtor_pointer_addr_intlibspace.o(.text)
    __cxa_finalize                           0x08000745   Thumb Code    66  cxa_finalize.o(.text)
    __sig_exit                               0x08000787   Thumb Code    10  defsig_exit.o(.text)
    __rt_SIGABRT_inner                       0x08000791   Thumb Code    14  defsig_abrt_inner.o(.text)
    __rt_SIGRTMEM_inner                      0x080007c1   Thumb Code    22  defsig_rtmem_inner.o(.text)
    __default_signal_display                 0x08000811   Thumb Code    50  defsig_general.o(.text)
    _ttywrch                                 0x08000843   Thumb Code    14  sys_wrch.o(.text)
    __cpp_initialize__aeabi_                 0x08000851   Thumb Code    26  init_aeabi.o(.text)
    ADC_Cmd                                  0x08000875   Thumb Code    22  stm32f4xx_adc.o(i.ADC_Cmd)
    ADC_DeInit                               0x0800088b   Thumb Code    22  stm32f4xx_adc.o(i.ADC_DeInit)
    ADC_GetConversionValue                   0x080008a1   Thumb Code     8  stm32f4xx_adc.o(i.ADC_GetConversionValue)
    ADC_GetFlagStatus                        0x080008a9   Thumb Code    18  stm32f4xx_adc.o(i.ADC_GetFlagStatus)
    ADC_Init                                 0x080008bd   Thumb Code    74  stm32f4xx_adc.o(i.ADC_Init)
    ADC_RegularChannelConfig                 0x08000911   Thumb Code   184  stm32f4xx_adc.o(i.ADC_RegularChannelConfig)
    ADC_SoftwareStartConv                    0x080009c9   Thumb Code    10  stm32f4xx_adc.o(i.ADC_SoftwareStartConv)
    GPIO_Init                                0x080009d3   Thumb Code   144  stm32f4xx_gpio.o(i.GPIO_Init)
    NVIC_Init                                0x08000a65   Thumb Code   106  misc.o(i.NVIC_Init)
    NVIC_PriorityGroupConfig                 0x08000add   Thumb Code    10  misc.o(i.NVIC_PriorityGroupConfig)
    RCC_AHB1PeriphClockCmd                   0x08000af1   Thumb Code    26  stm32f4xx_rcc.o(i.RCC_AHB1PeriphClockCmd)
    RCC_APB1PeriphClockCmd                   0x08000b11   Thumb Code    26  stm32f4xx_rcc.o(i.RCC_APB1PeriphClockCmd)
    RCC_APB2PeriphClockCmd                   0x08000b31   Thumb Code    26  stm32f4xx_rcc.o(i.RCC_APB2PeriphClockCmd)
    RCC_APB2PeriphResetCmd                   0x08000b51   Thumb Code    26  stm32f4xx_rcc.o(i.RCC_APB2PeriphResetCmd)
    SysTick_Handler                          0x08000c5d   Thumb Code    46  port.o(i.SysTick_Handler)
    SystemInit                               0x08000c91   Thumb Code    88  system_stm32f4xx.o(i.SystemInit)
    TIM7_IRQHandler                          0x08000cf9   Thumb Code    82  clightsensor.o(i.TIM7_IRQHandler)
    TIM_ClearITPendingBit                    0x08000d5d   Thumb Code     6  stm32f4xx_tim.o(i.TIM_ClearITPendingBit)
    TIM_Cmd                                  0x08000d63   Thumb Code    24  stm32f4xx_tim.o(i.TIM_Cmd)
    TIM_GetITStatus                          0x08000d7b   Thumb Code    34  stm32f4xx_tim.o(i.TIM_GetITStatus)
    TIM_ITConfig                             0x08000d9d   Thumb Code    18  stm32f4xx_tim.o(i.TIM_ITConfig)
    TIM_SetCounter                           0x08000daf   Thumb Code     4  stm32f4xx_tim.o(i.TIM_SetCounter)
    TIM_TimeBaseInit                         0x08000db5   Thumb Code   104  stm32f4xx_tim.o(i.TIM_TimeBaseInit)
    TIM_TimeBaseStructInit                   0x08000e39   Thumb Code    18  stm32f4xx_tim.o(i.TIM_TimeBaseStructInit)
    vLDRTask(void*)                          0x08000e4b   Thumb Code    16  clecs.o(i._Z8vLDRTaskPv)
    CCapSensors::getInstance()               0x08000e5d   Thumb Code    32  ccapsensors.o(i._ZN11CCapSensors11getInstanceEv)
    CCapSensors::initCapacitiveSensor()      0x08000e81   Thumb Code     2  ccapsensors.o(i._ZN11CCapSensors20initCapacitiveSensorEv)
    CCapSensors::CCapSensors()               0x08000e83   Thumb Code     2  ccapsensors.o(i._ZN11CCapSensorsC1Ev)
    CCapSensors::CCapSensors__sub_object()   0x08000e83   Thumb Code     0  ccapsensors.o(i._ZN11CCapSensorsC1Ev)
    CMicrophone::getInstance()               0x08000e85   Thumb Code    40  cmicrophone.o(i._ZN11CMicrophone11getInstanceEv)
    CMicrophone::initMicrophone()            0x08000eb1   Thumb Code     2  cmicrophone.o(i._ZN11CMicrophone14initMicrophoneEv)
    CMicrophone::CMicrophone()               0x08000eb3   Thumb Code    28  cmicrophone.o(i._ZN11CMicrophoneC1Ev)
    CMicrophone::CMicrophone__sub_object()   0x08000eb3   Thumb Code     0  cmicrophone.o(i._ZN11CMicrophoneC1Ev)
    CLightSensor::getInstance()              0x08000ed1   Thumb Code    32  clightsensor.o(i._ZN12CLightSensor11getInstanceEv)
    CLightSensor::initLightSensor()          0x08000ef5   Thumb Code    56  clightsensor.o(i._ZN12CLightSensor15initLightSensorEv)
    CLightSensor::initLDR()                  0x08000f31   Thumb Code   112  clightsensor.o(i._ZN12CLightSensor7initLDREv)
    CLightSensor::readLDR()                  0x08000fa9   Thumb Code    32  clightsensor.o(i._ZN12CLightSensor7readLDREv)
    CLightSensor::CLightSensor()             0x08000fcd   Thumb Code    16  clightsensor.o(i._ZN12CLightSensorC1Ev)
    CLightSensor::CLightSensor__sub_object() 0x08000fcd   Thumb Code     0  clightsensor.o(i._ZN12CLightSensorC1Ev)
    CLecs::getInstance()                     0x08000fdd   Thumb Code    32  clecs.o(i._ZN5CLecs11getInstanceEv)
    CLecs::initSemaphores()                  0x08001001   Thumb Code    48  clecs.o(i._ZN5CLecs14initSemaphoresEv)
    CLecs::init3DLedMatrix()                 0x0800103d   Thumb Code     2  clecs.o(i._ZN5CLecs15init3DLedMatrixEv)
    CLecs::initLecsSensors()                 0x0800103f   Thumb Code    18  clecs.o(i._ZN5CLecs15initLecsSensorsEv)
    CLecs::run()                             0x08001051   Thumb Code    26  clecs.o(i._ZN5CLecs3runEv)
    CLecs::initNVIC()                        0x0800106b   Thumb Code    14  clecs.o(i._ZN5CLecs8initNVICEv)
    CLecs::initQueue()                       0x08001079   Thumb Code    34  clecs.o(i._ZN5CLecs9initQueueEv)
    CLecs::initTasks()                       0x080010a5   Thumb Code    44  clecs.o(i._ZN5CLecs9initTasksEv)
    CLecs::CLecs()                           0x080010dd   Thumb Code     2  clecs.o(i._ZN5CLecsC1Ev)
    CLecs::CLecs__sub_object()               0x080010dd   Thumb Code     0  clecs.o(i._ZN5CLecsC1Ev)
    CLeds::CLeds()                           0x080010e1   Thumb Code    52  clecs.o(i._ZN5CLedsC1Ev)
    CLeds::CLeds__sub_object()               0x080010e1   Thumb Code     0  clecs.o(i._ZN5CLedsC1Ev)
    CTimer::timerStart(TIM_TypeDef*)         0x08001119   Thumb Code    16  ctimer.o(i._ZN6CTimer10timerStartEP11TIM_TypeDef)
    CTimer::timerInterruptInit(unsigned char) 0x08001129   Thumb Code    34  ctimer.o(i._ZN6CTimer18timerInterruptInitEh)
    CTimer::timerInterruptEnable(TIM_TypeDef*) 0x0800114b   Thumb Code    34  ctimer.o(i._ZN6CTimer20timerInterruptEnableEP11TIM_TypeDef)
    CTimer::timerInit(unsigned short, unsigned short, unsigned, TIM_TypeDef*) 0x0800116d   Thumb Code    52  ctimer.o(i._ZN6CTimer9timerInitEttjP11TIM_TypeDef)
    CTimer::CTimer()                         0x080011a1   Thumb Code     2  ctimer.o(i._ZN6CTimerC1Ev)
    CTimer::CTimer__sub_object()             0x080011a1   Thumb Code     0  ctimer.o(i._ZN6CTimerC1Ev)
    CSensors::getInstance()                  0x080011a5   Thumb Code    64  csensors.o(i._ZN8CSensors11getInstanceEv)
    CSensors::initSensors()                  0x080011e9   Thumb Code    46  csensors.o(i._ZN8CSensors11initSensorsEv)
    CSensors::CSensors()                     0x08001217   Thumb Code     2  csensors.o(i._ZN8CSensorsC1Ev)
    CSensors::CSensors__sub_object()         0x08001217   Thumb Code     0  csensors.o(i._ZN8CSensorsC1Ev)
    operator delete[] (void*)                0x08001219   Thumb Code     8  array_del.o(i._ZdaPv)
    operator delete (void*)                  0x08001221   Thumb Code     8  delete.o(i._ZdlPv)
    operator new[] (unsigned)                0x08001229   Thumb Code     8  array_new.o(i._Znaj)
    operator new(unsigned)                   0x08001231   Thumb Code    34  new.o(i._Znwj)
    __cxa_guard_acquire                      0x08001259   Thumb Code    16  cxa_guard_acquire.o(i.__cxa_guard_acquire)
    main                                     0x080012c1   Thumb Code    46  main.o(i.main)
    pvPortMalloc                             0x08001c61   Thumb Code   166  heap_2.o(i.pvPortMalloc)
    pvTaskIncrementMutexHeldCount            0x08001d19   Thumb Code    26  tasks.o(i.pvTaskIncrementMutexHeldCount)
    pxPortInitialiseStack                    0x08001d39   Thumb Code    38  port.o(i.pxPortInitialiseStack)
    uxListRemove                             0x08001d65   Thumb Code    40  list.o(i.uxListRemove)
    vListInitialise                          0x08001d8d   Thumb Code    26  list.o(i.vListInitialise)
    vListInitialiseItem                      0x08001da7   Thumb Code     6  list.o(i.vListInitialiseItem)
    vListInsert                              0x08001dad   Thumb Code    52  list.o(i.vListInsert)
    vListInsertEnd                           0x08001de1   Thumb Code    24  list.o(i.vListInsertEnd)
    vPortEnterCritical                       0x08001df9   Thumb Code    76  port.o(i.vPortEnterCritical)
    vPortExitCritical                        0x08001e4d   Thumb Code    56  port.o(i.vPortExitCritical)
    vPortFree                                0x08001e89   Thumb Code    56  heap_2.o(i.vPortFree)
    vPortSetupTimerInterrupt                 0x08001ec9   Thumb Code    26  port.o(i.vPortSetupTimerInterrupt)
    vPortValidateInterruptPriority           0x08001ee9   Thumb Code   106  port.o(i.vPortValidateInterruptPriority)
    vQueueWaitForMessageRestricted           0x08001f61   Thumb Code    74  queue.o(i.vQueueWaitForMessageRestricted)
    vTaskMissedYield                         0x08001fad   Thumb Code     8  tasks.o(i.vTaskMissedYield)
    vTaskPlaceOnEventList                    0x08001fb9   Thumb Code    52  tasks.o(i.vTaskPlaceOnEventList)
    vTaskPlaceOnEventListRestricted          0x08001ff1   Thumb Code    60  tasks.o(i.vTaskPlaceOnEventListRestricted)
    vTaskPriorityInherit                     0x08002031   Thumb Code   164  tasks.o(i.vTaskPriorityInherit)
    vTaskSetTimeOutState                     0x080020e1   Thumb Code    38  tasks.o(i.vTaskSetTimeOutState)
    vTaskStartScheduler                      0x08002111   Thumb Code   118  tasks.o(i.vTaskStartScheduler)
    vTaskSuspendAll                          0x080021a5   Thumb Code    12  tasks.o(i.vTaskSuspendAll)
    vTaskSwitchContext                       0x080021b5   Thumb Code   118  tasks.o(i.vTaskSwitchContext)
    xPortStartScheduler                      0x08002241   Thumb Code   288  port.o(i.xPortStartScheduler)
    xQueueCreateMutex                        0x0800237d   Thumb Code    34  queue.o(i.xQueueCreateMutex)
    xQueueGenericCreate                      0x0800239f   Thumb Code    88  queue.o(i.xQueueGenericCreate)
    xQueueGenericReceive                     0x080023f9   Thumb Code   446  queue.o(i.xQueueGenericReceive)
    xQueueGenericReset                       0x080025bd   Thumb Code   146  queue.o(i.xQueueGenericReset)
    xQueueGenericSend                        0x08002655   Thumb Code   452  queue.o(i.xQueueGenericSend)
    xQueueGenericSendFromISR                 0x0800281d   Thumb Code   264  queue.o(i.xQueueGenericSendFromISR)
    xTaskCheckForTimeOut                     0x08002925   Thumb Code   132  tasks.o(i.xTaskCheckForTimeOut)
    xTaskCreate                              0x080029b1   Thumb Code    96  tasks.o(i.xTaskCreate)
    xTaskGetSchedulerState                   0x08002a11   Thumb Code    24  tasks.o(i.xTaskGetSchedulerState)
    xTaskGetTickCount                        0x08002a31   Thumb Code     6  tasks.o(i.xTaskGetTickCount)
    xTaskIncrementTick                       0x08002a3d   Thumb Code   282  tasks.o(i.xTaskIncrementTick)
    xTaskPriorityDisinherit                  0x08002b85   Thumb Code   188  tasks.o(i.xTaskPriorityDisinherit)
    xTaskRemoveFromEventList                 0x08002c4d   Thumb Code   128  tasks.o(i.xTaskRemoveFromEventList)
    xTaskResumeAll                           0x08002ce5   Thumb Code   224  tasks.o(i.xTaskResumeAll)
    xTimerCreateTimerTask                    0x08002de9   Thumb Code    66  timers.o(i.xTimerCreateTimerTask)
    xTimerGenericCommand                     0x08002e41   Thumb Code   126  timers.o(i.xTimerGenericCommand)
    __rw::__rw_locale_vector<__rw::__rw_cat*>::~__rw_locale_vector() 0x08002ec5   Thumb Code    14  rwcats.o(t._ZN4__rw18__rw_locale_vectorIPNS_8__rw_catEED1Ev)
    __rw::__rw_locale_vector<__rw::__rw_cat*>::~__rw_locale_vector__sub_object() 0x08002ec5   Thumb Code     0  rwcats.o(t._ZN4__rw18__rw_locale_vectorIPNS_8__rw_catEED1Ev)
    _fp_init                                 0x08002ed3   Thumb Code    10  fpinit.o(x$fpl$fpinit)
    __fplib_config_fpu_vfp                   0x08002edb   Thumb Code     0  fpinit.o(x$fpl$fpinit)
    __fplib_config_pureend_doubles           0x08002edb   Thumb Code     0  fpinit.o(x$fpl$fpinit)
    Region$$Table$$Base                      0x08002edc   Number         0  anon$$obj.o(Region$$Table)
    Region$$Table$$Limit                     0x08002efc   Number         0  anon$$obj.o(Region$$Table)
    SHT$$INIT_ARRAY$$Base                    0x08002efc   Number         0  char.o(.init_array)
    SHT$$INIT_ARRAY$$Limit                   0x08002f08   Number         0  rwcats.o(.init_array)
    Sem_ISR_3D                               0x20000000   Data           4  main.o(.data)
    Sem_ISR_Sleep                            0x20000004   Data           4  main.o(.data)
    Sem_DataMining_Sleep                     0x20000008   Data           4  main.o(.data)
    Queue_ISR_CapSensor                      0x2000000c   Data           4  main.o(.data)
    Queue_ISR_LDR                            0x20000010   Data           4  main.o(.data)
    Queue_DMA_ProcessData                    0x20000014   Data           4  main.o(.data)
    Queue_SensorFusion_DataMining            0x20000018   Data           4  main.o(.data)
    Queue_DataMining_Make                    0x2000001c   Data           4  main.o(.data)
    CLecs::instance                          0x20000020   Data           4  clecs.o(.data)
    CSensors::instance                       0x2000002c   Data           4  csensors.o(.data)
    CCapSensors::instance                    0x20000030   Data           4  ccapsensors.o(.data)
    CLightSensor::instance                   0x20000034   Data           4  clightsensor.o(.data)
    CMicrophone::instance                    0x20000040   Data           4  cmicrophone.o(.data)
    SystemCoreClock                          0x20000044   Data           4  system_stm32f4xx.o(.data)
    AHBPrescTable                            0x20000048   Data          16  system_stm32f4xx.o(.data)
    pxCurrentTCB                             0x2000007c   Data           4  tasks.o(.data)
    std::ctype<char>::id                     0x200000cc   Data           4  char.o(.data)
    std::ctype<wchar_t>::id                  0x200000d0   Data           4  char.o(.data)
    std::locale::_C_classic                  0x200000dc   Data           4  locale.o(.data)
    std::locale::_C_native                   0x200000e0   Data           4  locale.o(.data)
    std::locale::_C_global                   0x200000e4   Data           4  locale.o(.data)
    std::codecvt<char, char, std::__mbstate_t>::id 0x200000e8   Data           4  locale.o(.data)
    std::codecvt<wchar_t, char, std::__mbstate_t>::id 0x200000ec   Data           4  locale.o(.data)
    __libspace_start                         0x200011e8   Data          96  libspace.o(.bss)
    __temporary_stack_top$libspace           0x20001248   Data           0  libspace.o(.bss)



==============================================================================

Memory Map of the image

  Image Entry point : 0x08000189

  Load Region LR_IROM1 (Base: 0x08000000, Size: 0x00003000, Max: 0x00100000, ABSOLUTE)

    Execution Region ER_IROM1 (Exec base: 0x08000000, Load base: 0x08000000, Size: 0x00002f08, Max: 0x00100000, ABSOLUTE)

    Exec Addr    Load Addr    Size         Type   Attr      Idx    E Section Name        Object

    0x08000000   0x08000000   0x00000188   Data   RO         3475    RESET               startup_stm32f40_41xxx.o
    0x08000188   0x08000188   0x00000008   Code   RO         4408  * !!!main             c_w.l(__main.o)
    0x08000190   0x08000190   0x00000034   Code   RO         6248    !!!scatter          c_w.l(__scatter.o)
    0x080001c4   0x080001c4   0x0000001a   Code   RO         6250    !!handler_copy      c_w.l(__scatter_copy.o)
    0x080001de   0x080001de   0x00000002   PAD
    0x080001e0   0x080001e0   0x0000001c   Code   RO         6252    !!handler_zi        c_w.l(__scatter_zi.o)
    0x080001fc   0x080001fc   0x00000002   Code   RO         5754    .ARM.Collect$$libinit$$00000000  c_w.l(libinit.o)
    0x080001fe   0x080001fe   0x00000004   Code   RO         4986    .ARM.Collect$$libinit$$00000001  c_w.l(libinit2.o)
    0x08000202   0x08000202   0x00000000   Code   RO         4989    .ARM.Collect$$libinit$$00000004  c_w.l(libinit2.o)
    0x08000202   0x08000202   0x00000008   Code   RO         4990    .ARM.Collect$$libinit$$00000005  c_w.l(libinit2.o)
    0x0800020a   0x0800020a   0x00000000   Code   RO         4992    .ARM.Collect$$libinit$$0000000A  c_w.l(libinit2.o)
    0x0800020a   0x0800020a   0x00000000   Code   RO         4994    .ARM.Collect$$libinit$$0000000C  c_w.l(libinit2.o)
    0x0800020a   0x0800020a   0x00000000   Code   RO         4996    .ARM.Collect$$libinit$$0000000E  c_w.l(libinit2.o)
    0x0800020a   0x0800020a   0x00000000   Code   RO         4999    .ARM.Collect$$libinit$$00000011  c_w.l(libinit2.o)
    0x0800020a   0x0800020a   0x00000000   Code   RO         5001    .ARM.Collect$$libinit$$00000013  c_w.l(libinit2.o)
    0x0800020a   0x0800020a   0x00000000   Code   RO         5003    .ARM.Collect$$libinit$$00000015  c_w.l(libinit2.o)
    0x0800020a   0x0800020a   0x00000000   Code   RO         5005    .ARM.Collect$$libinit$$00000017  c_w.l(libinit2.o)
    0x0800020a   0x0800020a   0x00000000   Code   RO         5007    .ARM.Collect$$libinit$$00000019  c_w.l(libinit2.o)
    0x0800020a   0x0800020a   0x00000000   Code   RO         5009    .ARM.Collect$$libinit$$0000001B  c_w.l(libinit2.o)
    0x0800020a   0x0800020a   0x00000000   Code   RO         5011    .ARM.Collect$$libinit$$0000001D  c_w.l(libinit2.o)
    0x0800020a   0x0800020a   0x00000000   Code   RO         5013    .ARM.Collect$$libinit$$0000001F  c_w.l(libinit2.o)
    0x0800020a   0x0800020a   0x00000000   Code   RO         5015    .ARM.Collect$$libinit$$00000021  c_w.l(libinit2.o)
    0x0800020a   0x0800020a   0x00000000   Code   RO         5017    .ARM.Collect$$libinit$$00000023  c_w.l(libinit2.o)
    0x0800020a   0x0800020a   0x00000000   Code   RO         5019    .ARM.Collect$$libinit$$00000025  c_w.l(libinit2.o)
    0x0800020a   0x0800020a   0x00000000   Code   RO         5023    .ARM.Collect$$libinit$$0000002C  c_w.l(libinit2.o)
    0x0800020a   0x0800020a   0x00000000   Code   RO         5025    .ARM.Collect$$libinit$$0000002E  c_w.l(libinit2.o)
    0x0800020a   0x0800020a   0x00000000   Code   RO         5027    .ARM.Collect$$libinit$$00000030  c_w.l(libinit2.o)
    0x0800020a   0x0800020a   0x00000004   Code   RO         5028    .ARM.Collect$$libinit$$00000031  c_w.l(libinit2.o)
    0x0800020e   0x0800020e   0x00000000   Code   RO         5029    .ARM.Collect$$libinit$$00000032  c_w.l(libinit2.o)
    0x0800020e   0x0800020e   0x00000002   Code   RO         5030    .ARM.Collect$$libinit$$00000033  c_w.l(libinit2.o)
    0x08000210   0x08000210   0x00000002   Code   RO         6150    .ARM.Collect$$libshutdown$$00000000  c_w.l(libshutdown.o)
    0x08000212   0x08000212   0x00000006   Code   RO         6003    .ARM.Collect$$libshutdown$$00000001  c_w.l(libshutdown2.o)
    0x08000218   0x08000218   0x00000000   Code   RO         6004    .ARM.Collect$$libshutdown$$00000002  c_w.l(libshutdown2.o)
    0x08000218   0x08000218   0x00000000   Code   RO         6006    .ARM.Collect$$libshutdown$$00000004  c_w.l(libshutdown2.o)
    0x08000218   0x08000218   0x00000000   Code   RO         6009    .ARM.Collect$$libshutdown$$00000007  c_w.l(libshutdown2.o)
    0x08000218   0x08000218   0x00000000   Code   RO         6012    .ARM.Collect$$libshutdown$$0000000A  c_w.l(libshutdown2.o)
    0x08000218   0x08000218   0x00000000   Code   RO         6014    .ARM.Collect$$libshutdown$$0000000C  c_w.l(libshutdown2.o)
    0x08000218   0x08000218   0x00000000   Code   RO         6017    .ARM.Collect$$libshutdown$$0000000F  c_w.l(libshutdown2.o)
    0x08000218   0x08000218   0x00000002   Code   RO         6018    .ARM.Collect$$libshutdown$$00000010  c_w.l(libshutdown2.o)
    0x0800021a   0x0800021a   0x00000000   Code   RO         4575    .ARM.Collect$$rtentry$$00000000  c_w.l(__rtentry.o)
    0x0800021a   0x0800021a   0x00000000   Code   RO         4915    .ARM.Collect$$rtentry$$00000002  c_w.l(__rtentry2.o)
    0x0800021a   0x0800021a   0x00000006   Code   RO         4927    .ARM.Collect$$rtentry$$00000004  c_w.l(__rtentry4.o)
    0x08000220   0x08000220   0x00000000   Code   RO         4917    .ARM.Collect$$rtentry$$00000009  c_w.l(__rtentry2.o)
    0x08000220   0x08000220   0x00000004   Code   RO         4918    .ARM.Collect$$rtentry$$0000000A  c_w.l(__rtentry2.o)
    0x08000224   0x08000224   0x00000000   Code   RO         4920    .ARM.Collect$$rtentry$$0000000C  c_w.l(__rtentry2.o)
    0x08000224   0x08000224   0x00000008   Code   RO         4921    .ARM.Collect$$rtentry$$0000000D  c_w.l(__rtentry2.o)
    0x0800022c   0x0800022c   0x00000002   Code   RO         5892    .ARM.Collect$$rtexit$$00000000  c_w.l(rtexit.o)
    0x0800022e   0x0800022e   0x00000000   Code   RO         6033    .ARM.Collect$$rtexit$$00000002  c_w.l(rtexit2.o)
    0x0800022e   0x0800022e   0x00000004   Code   RO         6034    .ARM.Collect$$rtexit$$00000003  c_w.l(rtexit2.o)
    0x08000232   0x08000232   0x00000006   Code   RO         6035    .ARM.Collect$$rtexit$$00000004  c_w.l(rtexit2.o)
    0x08000238   0x08000238   0x000000b6   Code   RO         3677    .emb_text           port.o
    0x080002ee   0x080002ee   0x00000002   PAD
    0x080002f0   0x080002f0   0x00000000   Code   RO         5587    .emb_text           c_w.l(maybetermalloc1.o)
    0x080002f0   0x080002f0   0x00000040   Code   RO         3476    .text               startup_stm32f40_41xxx.o
    0x08000330   0x08000330   0x0000008a   Code   RO         4402    .text               c_w.l(rt_memcpy_v6.o)
    0x080003ba   0x080003ba   0x00000064   Code   RO         4404    .text               c_w.l(rt_memcpy_w.o)
    0x0800041e   0x0800041e   0x00000006   Code   RO         4406    .text               c_w.l(heapauxi.o)
    0x08000424   0x08000424   0x00000008   Code   RO         4579    .text               c_w.l(rt_new_handler_addr_intlibspace.o)
    0x0800042c   0x0800042c   0x0000005e   Code   RO         4583    .text               c_w.l(h1_alloc.o)
    0x0800048a   0x0800048a   0x00000004   Code   RO         4776    .text               cpprt_w.l(arm_newhandler_noexceptions.o)
    0x0800048e   0x0800048e   0x00000002   PAD
    0x08000490   0x08000490   0x00000008   Code   RO         4909    .text               c_w.l(libspace.o)
    0x08000498   0x08000498   0x00000008   Code   RO         4932    .text               c_w.l(rt_heap_descriptor_intlibspace.o)
    0x080004a0   0x080004a0   0x00000004   Code   RO         4934    .text               c_w.l(hguard.o)
    0x080004a4   0x080004a4   0x0000008a   Code   RO         4936    .text               c_w.l(init_alloc.o)
    0x0800052e   0x0800052e   0x0000000e   Code   RO         4942    .text               c_w.l(h1_init.o)
    0x0800053c   0x0800053c   0x0000004e   Code   RO         4944    .text               c_w.l(h1_free.o)
    0x0800058a   0x0800058a   0x00000016   Code   RO         4972    .text               c_w.l(abort.o)
    0x080005a0   0x080005a0   0x0000001a   Code   RO         5560    .text               cpprt_w.l(arm_exceptions_terminate.o)
    0x080005ba   0x080005ba   0x00000002   PAD
    0x080005bc   0x080005bc   0x00000050   Code   RO         5563    .text               cpprt_w.l(arm_exceptions_globs.o)
    0x0800060c   0x0800060c   0x0000000c   Code   RO         5574    .text               c_w.l(sys_exit.o)
    0x08000618   0x08000618   0x0000004a   Code   RO         5576    .text               c_w.l(sys_stackheap_outer.o)
    0x08000662   0x08000662   0x00000002   PAD
    0x08000664   0x08000664   0x00000008   Code   RO         5583    .text               c_w.l(rt_eh_globals_addr_intlibspace.o)
    0x0800066c   0x0800066c   0x00000034   Code   RO         5589    .text               c_w.l(h1_extend.o)
    0x080006a0   0x080006a0   0x00000012   Code   RO         5720    .text               c_w.l(exit.o)
    0x080006b2   0x080006b2   0x0000002e   Code   RO         5725    .text               c_w.l(aeabi_atexit.o)
    0x080006e0   0x080006e0   0x0000000e   Code   RO         5728    .text               c_w.l(defsig_abrt_outer.o)
    0x080006ee   0x080006ee   0x0000000e   Code   RO         5732    .text               c_w.l(defsig_rtmem_outer.o)
    0x080006fc   0x080006fc   0x0000003c   Code   RO         5859    .text               cpprt_w.l(arm_exceptions_mem.o)
    0x08000738   0x08000738   0x00000002   Code   RO         5889    .text               c_w.l(use_no_semi.o)
    0x0800073a   0x0800073a   0x00000000   Code   RO         5891    .text               c_w.l(indicate_semi.o)
    0x0800073a   0x0800073a   0x00000002   PAD
    0x0800073c   0x0800073c   0x00000008   Code   RO         5904    .text               c_w.l(rt_ddtor_pointer_addr_intlibspace.o)
    0x08000744   0x08000744   0x00000042   Code   RO         5984    .text               c_w.l(cxa_finalize.o)
    0x08000786   0x08000786   0x0000000a   Code   RO         5987    .text               c_w.l(defsig_exit.o)
    0x08000790   0x08000790   0x00000030   Code   RO         5989    .text               c_w.l(defsig_abrt_inner.o)
    0x080007c0   0x080007c0   0x00000050   Code   RO         5995    .text               c_w.l(defsig_rtmem_inner.o)
    0x08000810   0x08000810   0x00000032   Code   RO         6087    .text               c_w.l(defsig_general.o)
    0x08000842   0x08000842   0x0000000e   Code   RO         6126    .text               c_w.l(sys_wrch.o)
    0x08000850   0x08000850   0x00000024   Code   RO         6244    .text               c_w.l(init_aeabi.o)
    0x08000874   0x08000874   0x00000016   Code   RO         1678    i.ADC_Cmd           stm32f4xx_adc.o
    0x0800088a   0x0800088a   0x00000016   Code   RO         1684    i.ADC_DeInit        stm32f4xx_adc.o
    0x080008a0   0x080008a0   0x00000008   Code   RO         1690    i.ADC_GetConversionValue  stm32f4xx_adc.o
    0x080008a8   0x080008a8   0x00000012   Code   RO         1691    i.ADC_GetFlagStatus  stm32f4xx_adc.o
    0x080008ba   0x080008ba   0x00000002   PAD
    0x080008bc   0x080008bc   0x00000054   Code   RO         1698    i.ADC_Init          stm32f4xx_adc.o
    0x08000910   0x08000910   0x000000b8   Code   RO         1703    i.ADC_RegularChannelConfig  stm32f4xx_adc.o
    0x080009c8   0x080009c8   0x0000000a   Code   RO         1705    i.ADC_SoftwareStartConv  stm32f4xx_adc.o
    0x080009d2   0x080009d2   0x00000090   Code   RO         2117    i.GPIO_Init         stm32f4xx_gpio.o
    0x08000a62   0x08000a62   0x00000002   PAD
    0x08000a64   0x08000a64   0x00000078   Code   RO         1564    i.NVIC_Init         misc.o
    0x08000adc   0x08000adc   0x00000014   Code   RO         1565    i.NVIC_PriorityGroupConfig  misc.o
    0x08000af0   0x08000af0   0x00000020   Code   RO         2218    i.RCC_AHB1PeriphClockCmd  stm32f4xx_rcc.o
    0x08000b10   0x08000b10   0x00000020   Code   RO         2227    i.RCC_APB1PeriphClockCmd  stm32f4xx_rcc.o
    0x08000b30   0x08000b30   0x00000020   Code   RO         2230    i.RCC_APB2PeriphClockCmd  stm32f4xx_rcc.o
    0x08000b50   0x08000b50   0x00000020   Code   RO         2232    i.RCC_APB2PeriphResetCmd  stm32f4xx_rcc.o
    0x08000b70   0x08000b70   0x000000ec   Code   RO         3483    i.SetSysClock       system_stm32f4xx.o
    0x08000c5c   0x08000c5c   0x00000034   Code   RO         3678    i.SysTick_Handler   port.o
    0x08000c90   0x08000c90   0x00000068   Code   RO         3485    i.SystemInit        system_stm32f4xx.o
    0x08000cf8   0x08000cf8   0x00000064   Code   RO          558    i.TIM7_IRQHandler   clightsensor.o
    0x08000d5c   0x08000d5c   0x00000006   Code   RO         2729    i.TIM_ClearITPendingBit  stm32f4xx_tim.o
    0x08000d62   0x08000d62   0x00000018   Code   RO         2734    i.TIM_Cmd           stm32f4xx_tim.o
    0x08000d7a   0x08000d7a   0x00000022   Code   RO         2755    i.TIM_GetITStatus   stm32f4xx_tim.o
    0x08000d9c   0x08000d9c   0x00000012   Code   RO         2759    i.TIM_ITConfig      stm32f4xx_tim.o
    0x08000dae   0x08000dae   0x00000004   Code   RO         2800    i.TIM_SetCounter    stm32f4xx_tim.o
    0x08000db2   0x08000db2   0x00000002   PAD
    0x08000db4   0x08000db4   0x00000084   Code   RO         2806    i.TIM_TimeBaseInit  stm32f4xx_tim.o
    0x08000e38   0x08000e38   0x00000012   Code   RO         2807    i.TIM_TimeBaseStructInit  stm32f4xx_tim.o
    0x08000e4a   0x08000e4a   0x00000010   Code   RO          146    i._Z8vLDRTaskPv     clecs.o
    0x08000e5a   0x08000e5a   0x00000002   PAD
    0x08000e5c   0x08000e5c   0x00000024   Code   RO          511    i._ZN11CCapSensors11getInstanceEv  ccapsensors.o
    0x08000e80   0x08000e80   0x00000002   Code   RO          513    i._ZN11CCapSensors20initCapacitiveSensorEv  ccapsensors.o
    0x08000e82   0x08000e82   0x00000002   Code   RO          515    i._ZN11CCapSensorsC1Ev  ccapsensors.o
    0x08000e84   0x08000e84   0x0000002c   Code   RO          625    i._ZN11CMicrophone11getInstanceEv  cmicrophone.o
    0x08000eb0   0x08000eb0   0x00000002   Code   RO          626    i._ZN11CMicrophone14initMicrophoneEv  cmicrophone.o
    0x08000eb2   0x08000eb2   0x0000001c   Code   RO          629    i._ZN11CMicrophoneC1Ev  cmicrophone.o
    0x08000ece   0x08000ece   0x00000002   PAD
    0x08000ed0   0x08000ed0   0x00000024   Code   RO          559    i._ZN12CLightSensor11getInstanceEv  clightsensor.o
    0x08000ef4   0x08000ef4   0x0000003c   Code   RO          560    i._ZN12CLightSensor15initLightSensorEv  clightsensor.o
    0x08000f30   0x08000f30   0x00000078   Code   RO          561    i._ZN12CLightSensor7initLDREv  clightsensor.o
    0x08000fa8   0x08000fa8   0x00000024   Code   RO          562    i._ZN12CLightSensor7readLDREv  clightsensor.o
    0x08000fcc   0x08000fcc   0x00000010   Code   RO          564    i._ZN12CLightSensorC1Ev  clightsensor.o
    0x08000fdc   0x08000fdc   0x00000024   Code   RO          149    i._ZN5CLecs11getInstanceEv  clecs.o
    0x08001000   0x08001000   0x0000003c   Code   RO          150    i._ZN5CLecs14initSemaphoresEv  clecs.o
    0x0800103c   0x0800103c   0x00000002   Code   RO          151    i._ZN5CLecs15init3DLedMatrixEv  clecs.o
    0x0800103e   0x0800103e   0x00000012   Code   RO          152    i._ZN5CLecs15initLecsSensorsEv  clecs.o
    0x08001050   0x08001050   0x0000001a   Code   RO          153    i._ZN5CLecs3runEv   clecs.o
    0x0800106a   0x0800106a   0x0000000e   Code   RO          154    i._ZN5CLecs8initNVICEv  clecs.o
    0x08001078   0x08001078   0x0000002c   Code   RO          155    i._ZN5CLecs9initQueueEv  clecs.o
    0x080010a4   0x080010a4   0x00000038   Code   RO          156    i._ZN5CLecs9initTasksEv  clecs.o
    0x080010dc   0x080010dc   0x00000002   Code   RO          157    i._ZN5CLecsC1Ev     clecs.o
    0x080010de   0x080010de   0x00000002   PAD
    0x080010e0   0x080010e0   0x00000038   Code   RO          241    i._ZN5CLedsC1Ev     clecs.o
    0x08001118   0x08001118   0x00000010   Code   RO          724    i._ZN6CTimer10timerStartEP11TIM_TypeDef  ctimer.o
    0x08001128   0x08001128   0x00000022   Code   RO          725    i._ZN6CTimer18timerInterruptInitEh  ctimer.o
    0x0800114a   0x0800114a   0x00000022   Code   RO          726    i._ZN6CTimer20timerInterruptEnableEP11TIM_TypeDef  ctimer.o
    0x0800116c   0x0800116c   0x00000034   Code   RO          728    i._ZN6CTimer9timerInitEttjP11TIM_TypeDef  ctimer.o
    0x080011a0   0x080011a0   0x00000002   Code   RO          730    i._ZN6CTimerC1Ev    ctimer.o
    0x080011a2   0x080011a2   0x00000002   PAD
    0x080011a4   0x080011a4   0x00000044   Code   RO          278    i._ZN8CSensors11getInstanceEv  csensors.o
    0x080011e8   0x080011e8   0x0000002e   Code   RO          279    i._ZN8CSensors11initSensorsEv  csensors.o
    0x08001216   0x08001216   0x00000002   Code   RO          284    i._ZN8CSensorsC1Ev  csensors.o
    0x08001218   0x08001218   0x00000008   Code   RO         5517    i._ZdaPv            cpprt_w.l(array_del.o)
    0x08001220   0x08001220   0x00000008   Code   RO         4764    i._ZdlPv            cpprt_w.l(delete.o)
    0x08001228   0x08001228   0x00000008   Code   RO         5520    i._Znaj             cpprt_w.l(array_new.o)
    0x08001230   0x08001230   0x00000028   Code   RO         4565    i._Znwj             cpprt_w.l(new.o)
    0x08001258   0x08001258   0x00000010   Code   RO         4569    i.__cxa_guard_acquire  cpprt_w.l(cxa_guard_acquire.o)
    0x08001268   0x08001268   0x00000010   Code   RO         5310    i.__sti___10_locale_cpp_ff99fc7b  cpp_ws.l(locale.o)
    0x08001278   0x08001278   0x00000038   Code   RO         5760    i.__sti___10_rwcats_cpp_64e8068e  cpp_ws.l(rwcats.o)
    0x080012b0   0x080012b0   0x00000010   Code   RO         5043    i.__sti___8_char_cpp_a3dc957a  cpp_ws.l(char.o)
    0x080012c0   0x080012c0   0x0000002e   Code   RO            4    i.main              main.o
    0x080012ee   0x080012ee   0x00000002   PAD
    0x080012f0   0x080012f0   0x00000098   Code   RO         3967    i.prvAddCurrentTaskToDelayedList  tasks.o
    0x08001388   0x08001388   0x000000b4   Code   RO         3968    i.prvAddNewTaskToReadyList  tasks.o
    0x0800143c   0x0800143c   0x0000004c   Code   RO         4270    i.prvCheckForValidListAndQueue  timers.o
    0x08001488   0x08001488   0x00000064   Code   RO         3969    i.prvCheckTasksWaitingTermination  tasks.o
    0x080014ec   0x080014ec   0x0000002a   Code   RO         3763    i.prvCopyDataFromQueue  queue.o
    0x08001516   0x08001516   0x0000007c   Code   RO         3764    i.prvCopyDataToQueue  queue.o
    0x08001592   0x08001592   0x00000012   Code   RO         3970    i.prvDeleteTCB      tasks.o
    0x080015a4   0x080015a4   0x00000028   Code   RO         4271    i.prvGetNextExpireTime  timers.o
    0x080015cc   0x080015cc   0x00000038   Code   RO         3639    i.prvHeapInit       heap_2.o
    0x08001604   0x08001604   0x00000028   Code   RO         3971    i.prvIdleTask       tasks.o
    0x0800162c   0x0800162c   0x0000001c   Code   RO         3765    i.prvInitialiseMutex  queue.o
    0x08001648   0x08001648   0x0000002a   Code   RO         3766    i.prvInitialiseNewQueue  queue.o
    0x08001672   0x08001672   0x000000aa   Code   RO         3972    i.prvInitialiseNewTask  tasks.o
    0x0800171c   0x0800171c   0x00000068   Code   RO         3973    i.prvInitialiseTaskLists  tasks.o
    0x08001784   0x08001784   0x00000058   Code   RO         4273    i.prvInsertTimerInActiveList  timers.o
    0x080017dc   0x080017dc   0x0000001a   Code   RO         3767    i.prvIsQueueEmpty   queue.o
    0x080017f6   0x080017f6   0x0000001e   Code   RO         3768    i.prvIsQueueFull    queue.o
    0x08001814   0x08001814   0x00000090   Code   RO         3769    i.prvNotifyQueueSetContainer  queue.o
    0x080018a4   0x080018a4   0x00000064   Code   RO         4274    i.prvProcessExpiredTimer  timers.o
    0x08001908   0x08001908   0x000000f8   Code   RO         4275    i.prvProcessReceivedCommands  timers.o
    0x08001a00   0x08001a00   0x00000074   Code   RO         4276    i.prvProcessTimerOrBlockTask  timers.o
    0x08001a74   0x08001a74   0x00000034   Code   RO         3974    i.prvResetNextTaskUnblockTime  tasks.o
    0x08001aa8   0x08001aa8   0x0000002c   Code   RO         4277    i.prvSampleTimeNow  timers.o
    0x08001ad4   0x08001ad4   0x000000a0   Code   RO         4278    i.prvSwitchTimerLists  timers.o
    0x08001b74   0x08001b74   0x00000040   Code   RO         3679    i.prvTaskExitError  port.o
    0x08001bb4   0x08001bb4   0x0000001a   Code   RO         4279    i.prvTimerTask      timers.o
    0x08001bce   0x08001bce   0x00000092   Code   RO         3770    i.prvUnlockQueue    queue.o
    0x08001c60   0x08001c60   0x000000b8   Code   RO         3640    i.pvPortMalloc      heap_2.o
    0x08001d18   0x08001d18   0x00000020   Code   RO         3976    i.pvTaskIncrementMutexHeldCount  tasks.o
    0x08001d38   0x08001d38   0x0000002c   Code   RO         3680    i.pxPortInitialiseStack  port.o
    0x08001d64   0x08001d64   0x00000028   Code   RO         3591    i.uxListRemove      list.o
    0x08001d8c   0x08001d8c   0x0000001a   Code   RO         3592    i.vListInitialise   list.o
    0x08001da6   0x08001da6   0x00000006   Code   RO         3593    i.vListInitialiseItem  list.o
    0x08001dac   0x08001dac   0x00000034   Code   RO         3594    i.vListInsert       list.o
    0x08001de0   0x08001de0   0x00000018   Code   RO         3595    i.vListInsertEnd    list.o
    0x08001df8   0x08001df8   0x00000054   Code   RO         3682    i.vPortEnterCritical  port.o
    0x08001e4c   0x08001e4c   0x0000003c   Code   RO         3683    i.vPortExitCritical  port.o
    0x08001e88   0x08001e88   0x00000040   Code   RO         3641    i.vPortFree         heap_2.o
    0x08001ec8   0x08001ec8   0x00000020   Code   RO         3684    i.vPortSetupTimerInterrupt  port.o
    0x08001ee8   0x08001ee8   0x00000078   Code   RO         3685    i.vPortValidateInterruptPriority  port.o
    0x08001f60   0x08001f60   0x0000004a   Code   RO         3775    i.vQueueWaitForMessageRestricted  queue.o
    0x08001faa   0x08001faa   0x00000002   PAD
    0x08001fac   0x08001fac   0x0000000c   Code   RO         3986    i.vTaskMissedYield  tasks.o
    0x08001fb8   0x08001fb8   0x00000038   Code   RO         3988    i.vTaskPlaceOnEventList  tasks.o
    0x08001ff0   0x08001ff0   0x00000040   Code   RO         3989    i.vTaskPlaceOnEventListRestricted  tasks.o
    0x08002030   0x08002030   0x000000b0   Code   RO         3991    i.vTaskPriorityInherit  tasks.o
    0x080020e0   0x080020e0   0x00000030   Code   RO         3994    i.vTaskSetTimeOutState  tasks.o
    0x08002110   0x08002110   0x00000094   Code   RO         3995    i.vTaskStartScheduler  tasks.o
    0x080021a4   0x080021a4   0x00000010   Code   RO         3997    i.vTaskSuspendAll   tasks.o
    0x080021b4   0x080021b4   0x0000008c   Code   RO         3998    i.vTaskSwitchContext  tasks.o
    0x08002240   0x08002240   0x0000013c   Code   RO         3686    i.xPortStartScheduler  port.o
    0x0800237c   0x0800237c   0x00000022   Code   RO         3778    i.xQueueCreateMutex  queue.o
    0x0800239e   0x0800239e   0x00000058   Code   RO         3780    i.xQueueGenericCreate  queue.o
    0x080023f6   0x080023f6   0x00000002   PAD
    0x080023f8   0x080023f8   0x000001c4   Code   RO         3781    i.xQueueGenericReceive  queue.o
    0x080025bc   0x080025bc   0x00000098   Code   RO         3782    i.xQueueGenericReset  queue.o
    0x08002654   0x08002654   0x000001c8   Code   RO         3783    i.xQueueGenericSend  queue.o
    0x0800281c   0x0800281c   0x00000108   Code   RO         3784    i.xQueueGenericSendFromISR  queue.o
    0x08002924   0x08002924   0x0000008c   Code   RO         3999    i.xTaskCheckForTimeOut  tasks.o
    0x080029b0   0x080029b0   0x00000060   Code   RO         4000    i.xTaskCreate       tasks.o
    0x08002a10   0x08002a10   0x00000020   Code   RO         4004    i.xTaskGetSchedulerState  tasks.o
    0x08002a30   0x08002a30   0x0000000c   Code   RO         4005    i.xTaskGetTickCount  tasks.o
    0x08002a3c   0x08002a3c   0x00000148   Code   RO         4007    i.xTaskIncrementTick  tasks.o
    0x08002b84   0x08002b84   0x000000c8   Code   RO         4010    i.xTaskPriorityDisinherit  tasks.o
    0x08002c4c   0x08002c4c   0x00000098   Code   RO         4011    i.xTaskRemoveFromEventList  tasks.o
    0x08002ce4   0x08002ce4   0x00000104   Code   RO         4013    i.xTaskResumeAll    tasks.o
    0x08002de8   0x08002de8   0x00000058   Code   RO         4283    i.xTimerCreateTimerTask  timers.o
    0x08002e40   0x08002e40   0x00000084   Code   RO         4284    i.xTimerGenericCommand  timers.o
    0x08002ec4   0x08002ec4   0x0000000e   Code   RO         5776    t._ZN4__rw18__rw_locale_vectorIPNS_8__rw_catEED1Ev  cpp_ws.l(rwcats.o)
    0x08002ed2   0x08002ed2   0x0000000a   Code   RO         5872    x$fpl$fpinit        fz_wm.l(fpinit.o)
    0x08002edc   0x08002edc   0x00000020   Data   RO         6247    Region$$Table       anon$$obj.o
    0x08002efc   0x08002efc   0x00000004   Data   RO         5065    .init_array         cpp_ws.l(char.o)
    0x08002f00   0x08002efc   0x00000004   Data   RO         5358    .init_array         cpp_ws.l(locale.o)
    0x08002f04   0x08002efc   0x00000004   Data   RO         5770    .init_array         cpp_ws.l(rwcats.o)


    Execution Region RW_IRAM2 (Exec base: 0x10000000, Load base: 0x08003000, Size: 0x00000000, Max: 0x00010000, ABSOLUTE)

    **** No section assigned to this execution region ****


    Execution Region RW_IRAM1 (Exec base: 0x20000000, Load base: 0x08002f08, Size: 0x00001848, Max: 0x00020000, ABSOLUTE)

    Exec Addr    Load Addr    Size         Type   Attr      Idx    E Section Name        Object

    0x20000000   0x08002f08   0x00000020   Data   RW            6    .data               main.o
    0x20000020   0x08002f28   0x0000000c   Data   RW          172    .data               clecs.o
    0x2000002c   0x08002f34   0x00000004   Data   RW          296    .data               csensors.o
    0x20000030   0x08002f38   0x00000004   Data   RW          523    .data               ccapsensors.o
    0x20000034   0x08002f3c   0x0000000c   Data   RW          574    .data               clightsensor.o
    0x20000040   0x08002f48   0x00000004   Data   RW          637    .data               cmicrophone.o
    0x20000044   0x08002f4c   0x00000014   Data   RW         3486    .data               system_stm32f4xx.o
    0x20000058   0x08002f60   0x00000018   Data   RW         3645    .data               heap_2.o
    0x20000070   0x08002f78   0x0000000c   Data   RW         3687    .data               port.o
    0x2000007c   0x08002f84   0x0000003c   Data   RW         4016    .data               tasks.o
    0x200000b8   0x08002fc0   0x00000014   Data   RW         4290    .data               timers.o
    0x200000cc   0x08002fd4   0x00000008   Data   RW         5064    .data               cpp_ws.l(char.o)
    0x200000d4   0x08002fdc   0x0000001c   Data   RW         5357    .data               cpp_ws.l(locale.o)
    0x200000f0   0x08002ff8   0x00000008   Data   RW         5769    .data               cpp_ws.l(rwcats.o)
    0x200000f8        -       0x00001000   Zero   RW         3644    .bss                heap_2.o
    0x200010f8        -       0x000000c8   Zero   RW         4015    .bss                tasks.o
    0x200011c0        -       0x00000028   Zero   RW         4289    .bss                timers.o
    0x200011e8        -       0x00000060   Zero   RW         4910    .bss                c_w.l(libspace.o)
    0x20001248        -       0x00000200   Zero   RW         3474    HEAP                startup_stm32f40_41xxx.o
    0x20001448        -       0x00000400   Zero   RW         3473    STACK               startup_stm32f40_41xxx.o


==============================================================================

Image component sizes


      Code (inc. data)   RO Data    RW Data    ZI Data      Debug   Object Name

        40          4          0          4          0       1436   ccapsensors.o
       330         42          0         12          0       8702   clecs.o
       368         38          0         12          0       3210   clightsensor.o
        74          4          0          4          0       5976   cmicrophone.o
       116          4          0          4          0       6592   csensors.o
       138          0          0          0          0       2924   ctimer.o
         0          0          0          0          0      12216   freertos_evr.o
       304         40          0         24       4096       3751   heap_2.o
       148          0          0          0          0       4874   list.o
        46          0          0         32          0     300639   main.o
       140         24          0          0          0     293723   misc.o
       954         92          0         12          0      11753   port.o
      2102         16          0          0          0      23370   queue.o
        64         26        392          0       1536        852   startup_stm32f40_41xxx.o
       348         10          0          0          0       6042   stm32f4xx_adc.o
       144          0          0          0          0       1264   stm32f4xx_gpio.o
       128         24          0          0          0       2612   stm32f4xx_rcc.o
       236         28          0          0          0       5352   stm32f4xx_tim.o
       340         32          0         20          0       1877   system_stm32f4xx.o
      2728        360          0         60        200      22588   tasks.o
      1118        110          0         20         40      17851   timers.o

    ----------------------------------------------------------------------
      9888        854        424        204       5872     737604   Object Totals
         0          0         32          0          0          0   (incl. Generated)
        22          0          0          0          0          0   (incl. Padding)

    ----------------------------------------------------------------------

      Code (inc. data)   RO Data    RW Data    ZI Data      Debug   Library Member Name

         8          0          0          0          0         68   __main.o
         0          0          0          0          0          0   __rtentry.o
        12          0          0          0          0          0   __rtentry2.o
         6          0          0          0          0          0   __rtentry4.o
        52          8          0          0          0          0   __scatter.o
        26          0          0          0          0          0   __scatter_copy.o
        28          0          0          0          0          0   __scatter_zi.o
        22          0          0          0          0         80   abort.o
        46          0          0          0          0         84   aeabi_atexit.o
        66          0          0          0          0         84   cxa_finalize.o
        48         34          0          0          0         76   defsig_abrt_inner.o
        14          0          0          0          0         80   defsig_abrt_outer.o
        10          0          0          0          0         68   defsig_exit.o
        50          0          0          0          0         88   defsig_general.o
        80         58          0          0          0         76   defsig_rtmem_inner.o
        14          0          0          0          0         80   defsig_rtmem_outer.o
        18          0          0          0          0         80   exit.o
        94          0          0          0          0         80   h1_alloc.o
        52          0          0          0          0         68   h1_extend.o
        78          0          0          0          0         80   h1_free.o
        14          0          0          0          0         84   h1_init.o
         6          0          0          0          0        152   heapauxi.o
         4          0          0          0          0        136   hguard.o
         0          0          0          0          0          0   indicate_semi.o
        36         10          0          0          0         80   init_aeabi.o
       138          0          0          0          0        168   init_alloc.o
         2          0          0          0          0          0   libinit.o
        18          0          0          0          0          0   libinit2.o
         2          0          0          0          0          0   libshutdown.o
         8          0          0          0          0          0   libshutdown2.o
         8          4          0          0         96         68   libspace.o
         0          0          0          0          0          0   maybetermalloc1.o
         8          4          0          0          0         68   rt_ddtor_pointer_addr_intlibspace.o
         8          4          0          0          0         68   rt_eh_globals_addr_intlibspace.o
         8          4          0          0          0         68   rt_heap_descriptor_intlibspace.o
       138          0          0          0          0         68   rt_memcpy_v6.o
       100          0          0          0          0         80   rt_memcpy_w.o
         8          4          0          0          0         68   rt_new_handler_addr_intlibspace.o
         2          0          0          0          0          0   rtexit.o
        10          0          0          0          0          0   rtexit2.o
        12          4          0          0          0         68   sys_exit.o
        74          0          0          0          0         80   sys_stackheap_outer.o
        14          0          0          0          0         76   sys_wrch.o
         2          0          0          0          0         68   use_no_semi.o
        16          4          4          8          0         68   char.o
        16          4          4         28          0         68   locale.o
        70         14          4          8          0        164   rwcats.o
        80         12          0          0          0        104   arm_exceptions_globs.o
        60          0          0          0          0        108   arm_exceptions_mem.o
        26          0          0          0          0         76   arm_exceptions_terminate.o
         4          0          0          0          0         68   arm_newhandler_noexceptions.o
         8          0          0          0          0         76   array_del.o
         8          0          0          0          0         76   array_new.o
        16          0          0          0          0         68   cxa_guard_acquire.o
         8          0          0          0          0         76   delete.o
        40          6          0          0          0         76   new.o
        10          0          0          0          0        116   fpinit.o

    ----------------------------------------------------------------------
      1716        174         12         44         96       3636   Library Totals
        10          0          0          0          0          0   (incl. Padding)

    ----------------------------------------------------------------------

      Code (inc. data)   RO Data    RW Data    ZI Data      Debug   Library Name

      1344        134          0          0         96       2492   c_w.l
       102         22         12         44          0        300   cpp_ws.l
       250         18          0          0          0        728   cpprt_w.l
        10          0          0          0          0        116   fz_wm.l

    ----------------------------------------------------------------------
      1716        174         12         44         96       3636   Library Totals

    ----------------------------------------------------------------------

==============================================================================


      Code (inc. data)   RO Data    RW Data    ZI Data      Debug   

     11604       1028        436        248       5968     727360   Grand Totals
     11604       1028        436        248       5968     727360   ELF Image Totals
     11604       1028        436        248          0          0   ROM Totals

==============================================================================

    Total RO  Size (Code + RO Data)                12040 (  11.76kB)
    Total RW  Size (RW Data + ZI Data)              6216 (   6.07kB)
    Total ROM Size (Code + RO Data + RW Data)      12288 (  12.00kB)

==============================================================================

